
> materials-dashboard@0.1.0 build
> next build --turbopack

   ??Next.js 15.5.2 (Turbopack)
   - Environments: .env.local

   Creating an optimized production build ...
Found 2 warnings while optimizing generated CSS:

Issue #1:
??  background-color: var(--jd-color-background-button-hover);
??}
??[22m .jodit-file-browser-tree__item:hover-title {
??[22m                                ^-- 'hover-title' is not recognized as a valid pseudo-class. Did you mean '::hover-title' (pseudo-element) or is this a typo?
??[22m
??  color: var(--jd-color-text);
??}

Issue #2:
??  display: block;
??}
??[22m ::highlight(jodit-search-result),[jd-tmp-selection] {
??[22m             ^-- 'highlight' is not recognized as a valid pseudo-element. Did you mean ':highlight' (pseudo-class) or is this a typo?
??[22m
??  background-color: var(--jd-color-background-selection);
??  color: var(--jd-color-text-selection);

 ??Finished writing to disk in 107ms

> Build error occurred
Error: Turbopack build failed with 1 errors:
./src/app/globals.css:2:156442
Parsing CSS source code failed
  1 | /*! tailwindcss v4.1.14 | MIT License | https://tailwindcss.com */
> 2 | @layer properties{@supports (((-webkit-hyphens:none)) and (not (margin-trim:inline))) or ((-moz-orient:inline) and (not (color:rgb(from red r g b)))){*,:before,:after,::backdrop{--tw-translate-x:0;--tw-translate-y:0;--tw-translate-z:0;--tw-rotate-x:initial;--tw-rotate-y:initial;--tw-rotate-z:initial;--tw-skew-x:initial;--tw-skew-y:initial;--tw-space-y-reverse:0;--tw-space-x-reverse:0;--tw-divide-y-reverse:0;--tw-border-style:solid;--tw-gradient-position:initial;--tw-gradient-from:#0000;--tw-gradient-via:#0000;--tw-gradient-to:#0000;--tw-gradient-stops:initial;--tw-gradient-via-stops:initial;--tw-gradient-from-position:0%;--tw-gradient-via-position:50%;--tw-gradient-to-position:100%;--tw-leading:initial;--tw-font-weight:initial;--tw-tracking:initial;--tw-shadow:0 0 #0000;--tw-shadow-color:initial;--tw-shadow-alpha:100%;--tw-inset-shadow:0 0 #0000;--tw-inset-shadow-color:initial;--tw-inset-shadow-alpha:100%;--tw-ring-color:initial;--tw-ring-shadow:0 0 #0000;--tw-inset-ring-color:initial;--tw-inset-ring-shadow:0 0 #0000;--tw-ring-inset:initial;--tw-ring-offset-width:0px;--tw-ring-offset-color:#fff;--tw-ring-offset-shadow:0 0 #0000;--tw-outline-style:solid;--tw-blur:initial;--tw-brightness:initial;--tw-contrast:initial;--tw-grayscale:initial;--tw-hue-rotate:initial;--tw-invert:initial;--tw-opacity:initial;--tw-saturate:initial;--tw-sepia:initial;--tw-drop-shadow:initial;--tw-drop-shadow-color:initial;--tw-drop-shadow-alpha:100%;--tw-drop-shadow-size:initial;--tw-duration:initial;--tw-ease:initial;--tw-animation-delay:0s;--tw-animation-direction:normal;--tw-animation-duration:initial;--tw-animation-fill-mode:none;--tw-animation-iteration-count:1;--tw-enter-blur:0;--tw-enter-opacity:1;--tw-enter-rotate:0;--tw-enter-scale:1;--tw-enter-translate-x:0;--tw-enter-translate-y:0;--tw-exit-blur:0;--tw-exit-opacity:1;--tw-exit-rotate:0;--tw-exit-scale:1;--tw-exit-translate-x:0;--tw-exit-translate-y:0}}}@layer theme{:root,:host{--color-red-50:oklch(97.1% .013 17.38);--color-red-100:oklch(93.6% .032 17.717);--color-red-200:oklch(88.5% .062 18.334);--color-red-400:oklch(70.4% .191 22.216);--color-red-500:oklch(63.7% .237 25.331);--color-red-600:oklch(57.7% .245 27.325);--color-red-700:oklch(50.5% .213 27.518);--color-red-800:oklch(44.4% .177 26.899);--color-red-900:oklch(39.6% .141 25.723);--color-orange-50:oklch(98% .016 73.684);--color-orange-100:oklch(95.4% .038 75.164);--color-orange-200:oklch(90.1% .076 70.697);--color-orange-400:oklch(75% .183 55.934);--color-orange-600:oklch(64.6% .222 41.116);--color-orange-700:oklch(55.3% .195 38.402);--color-orange-800:oklch(47% .157 37.304);--color-orange-900:oklch(40.8% .123 38.172);--color-yellow-50:oklch(98.7% .026 102.212);--color-yellow-200:oklch(94.5% .129 101.54);--color-yellow-400:oklch(85.2% .199 91.936);--color-yellow-500:oklch(79.5% .184 86.047);--color-yellow-600:oklch(68.1% .162 75.834);--color-yellow-700:oklch(55.4% .135 66.442);--color-yellow-900:oklch(42.1% .095 57.708);--color-green-50:oklch(98.2% .018 155.826);--color-green-100:oklch(96.2% .044 156.743);--color-green-200:oklch(92.5% .084 155.995);--color-green-400:oklch(79.2% .209 151.711);--color-green-500:oklch(72.3% .219 149.579);--color-green-600:oklch(62.7% .194 149.214);--color-green-700:oklch(52.7% .154 150.069);--color-green-800:oklch(44.8% .119 151.328);--color-green-900:oklch(39.3% .095 152.535);--color-emerald-600:oklch(59.6% .145 163.225);--color-teal-50:oklch(98.4% .014 180.72);--color-teal-200:oklch(91% .096 180.426);--color-teal-700:oklch(51.1% .096 186.391);--color-teal-900:oklch(38.6% .063 188.416);--color-cyan-50:oklch(98.4% .019 200.873);--color-cyan-200:oklch(91.7% .08 205.041);--color-cyan-600:oklch(60.9% .126 221.723);--color-cyan-700:oklch(52% .105 223.128);--color-cyan-900:oklch(39.8% .07 227.392);--color-blue-50:oklch(97% .014 254.604);--color-blue-100:oklch(93.2% .032 255.585);--color-blue-200:oklch(88.2% .059 254.128);--color-blue-400:oklch(70.7% .165 254.624);--color-blue-500:oklch(62.3% .214 259.815);--color-blue-600:oklch(54.6% .245 262.881);--color-blue-700:oklch(48.8% .243 264.376);--color-blue-800:oklch(42.4% .199 265.638);--color-blue-900:oklch(37.9% .146 265.522);--color-indigo-50:oklch(96.2% .018 272.314);--color-indigo-100:oklch(93% .034 272.788);--color-indigo-200:oklch(87% .065 274.039);--color-indigo-400:oklch(67.3% .182 276.935);--color-indigo-600:oklch(51.1% .262 276.966);--color-indigo-700:oklch(45.7% .24 277.023);--color-indigo-900:oklch(35.9% .144 278.697);--color-purple-50:oklch(97.7% .014 308.299);--color-purple-100:oklch(94.6% .033 307.174);--color-purple-200:oklch(90.2% .063 306.703);--color-purple-400:oklch(71.4% .203 305.504);--color-purple-500:oklch(62.7% .265 303.9);--color-purple-600:oklch(55.8% .288 302.321);--color-purple-700:oklch(49.6% .265 301.924);--color-purple-800:oklch(43.8% .218 303.724);--color-purple-900:oklch(38.1% .176 304.987);--color-pink-50:oklch(97.1% .014 343.198);--color-pink-200:oklch(89.9% .061 343.231);--color-pink-600:oklch(59.2% .249 .584);--color-pink-700:oklch(52.5% .223 3.958);--color-pink-900:oklch(40.8% .153 2.432);--color-slate-50:oklch(98.4% .003 247.858);--color-slate-100:oklch(96.8% .007 247.896);--color-gray-50:oklch(98.5% .002 247.839);--color-gray-100:oklch(96.7% .003 264.542);--color-gray-200:oklch(92.8% .006 264.531);--color-gray-300:oklch(87.2% .01 258.338);--color-gray-400:oklch(70.7% .022 261.325);--color-gray-500:oklch(55.1% .027 264.364);--color-gray-600:oklch(44.6% .03 256.802);--color-gray-700:oklch(37.3% .034 259.733);--color-gray-800:oklch(27.8% .033 256.848);--color-gray-900:oklch(21% .034 264.665);--color-black:#000;--color-white:#fff;--spacing:.25rem;--container-md:28rem;--text-xs:.75rem;--text-xs--line-height:calc(1/.75);--text-sm:.875rem;--text-sm--line-height:calc(1.25/.875);--text-base:1rem;--text-base--line-height:calc(1.5/1);--text-lg:1.125rem;--text-lg--line-height:calc(1.75/1.125);--text-xl:1.25rem;--text-xl--line-height:calc(1.75/1.25);--text-2xl:1.5rem;--text-2xl--line-height:calc(2/1.5);--text-3xl:1.875rem;--text-3xl--line-height:calc(2.25/1.875);--text-6xl:3.75rem;--text-6xl--line-height:1;--font-weight-normal:400;--font-weight-medium:500;--font-weight-semibold:600;--font-weight-bold:700;--tracking-tight:-.025em;--tracking-wider:.05em;--tracking-widest:.1em;--leading-tight:1.25;--leading-relaxed:1.625;--ease-in-out:cubic-bezier(.4,0,.2,1);--animate-spin:spin 1s linear infinite;--animate-pulse:pulse 2s cubic-bezier(.4,0,.6,1)infinite;--default-transition-duration:.15s;--default-transition-timing-function:cubic-bezier(.4,0,.2,1);--default-font-family:var(--font-geist-sans);--default-mono-font-family:var(--font-geist-mono)}}@layer base{*,:after,:before,::backdrop{box-sizing:border-box;border:0 solid;margin:0;padding:0}::file-selector-button{box-sizing:border-box;border:0 solid;margin:0;padding:0}html,:host{-webkit-text-size-adjust:100%;tab-size:4;line-height:1.5;font-family:var(--default-font-family,ui-sans-serif,system-ui,sans-serif,"Apple Color Emoji","Segoe UI Emoji","Segoe UI Symbol","Noto Color Emoji");font-feature-settings:var(--default-font-feature-settings,normal);font-variation-settings:var(--default-font-variation-settings,normal);-webkit-tap-highlight-color:transparent}hr{height:0;color:inherit;border-top-width:1px}abbr:where([title]){-webkit-text-decoration:underline dotted;text-decoration:underline dotted}h1,h2,h3,h4,h5,h6{font-size:inherit;font-weight:inherit}a{color:inherit;-webkit-text-decoration:inherit;-webkit-text-decoration:inherit;-webkit-text-decoration:inherit;text-decoration:inherit}b,strong{font-weight:bolder}code,kbd,samp,pre{font-family:var(--default-mono-font-family,ui-monospace,SFMono-Regular,Menlo,Monaco,Consolas,"Liberation Mono","Courier New",monospace);font-feature-settings:var(--default-mono-font-feature-settings,normal);font-variation-settings:var(--default-mono-font-variation-settings,normal);font-size:1em}small{font-size:80%}sub,sup{vertical-align:baseline;font-size:75%;line-height:0;position:relative}sub{bottom:-.25em}sup{top:-.5em}table{text-indent:0;border-color:inherit;border-collapse:collapse}:-moz-focusring{outline:auto}progress{vertical-align:baseline}summary{display:list-item}ol,ul,menu{list-style:none}img,svg,video,canvas,audio,iframe,embed,object{vertical-align:middle;display:block}img,video{max-width:100%;height:auto}button,input,select,optgroup,textarea{font:inherit;font-feature-settings:inherit;font-variation-settings:inherit;letter-spacing:inherit;color:inherit;opacity:1;background-color:#0000;border-radius:0}::file-selector-button{font:inherit;font-feature-settings:inherit;font-variation-settings:inherit;letter-spacing:inherit;color:inherit;opacity:1;background-color:#0000;border-radius:0}:where(select:is([multiple],[size])) optgroup{font-weight:bolder}:where(select:is([multiple],[size])) optgroup option{padding-inline-start:20px}::file-selector-button{margin-inline-end:4px}::placeholder{opacity:1}@supports (not ((-webkit-appearance:-apple-pay-button))) or (contain-intrinsic-size:1px){::placeholder{color:currentColor}@supports (color:color-mix(in lab, red, red)){::placeholder{color:color-mix(in oklab,currentcolor 50%,transparent)}}}textarea{resize:vertical}::-webkit-search-decoration{-webkit-appearance:none}::-webkit-date-and-time-value{min-height:1lh;text-align:inherit}::-webkit-datetime-edit{display:inline-flex}::-webkit-datetime-edit-fields-wrapper{padding:0}::-webkit-datetime-edit{padding-block:0}::-webkit-datetime-edit-year-field{padding-block:0}::-webkit-datetime-edit-month-field{padding-block:0}::-webkit-datetime-edit-day-field{padding-block:0}::-webkit-datetime-edit-hour-field{padding-block:0}::-webkit-datetime-edit-minute-field{padding-block:0}::-webkit-datetime-edit-second-field{padding-block:0}::-webkit-datetime-edit-millisecond-field{padding-block:0}::-webkit-datetime-edit-meridiem-field{padding-block:0}::-webkit-calendar-picker-indicator{line-height:1}:-moz-ui-invalid{box-shadow:none}button,input:where([type=button],[type=reset],[type=submit]){appearance:button}::file-selector-button{appearance:button}::-webkit-inner-spin-button{height:auto}::-webkit-outer-spin-button{height:auto}[hidden]:where(:not([hidden=until-found])){display:none!important}*{border-color:var(--border);outline-color:var(--ring)}@supports (color:color-mix(in lab, red, red)){*{outline-color:color-mix(in oklab,var(--ring)50%,transparent)}}html{width:100%;height:100%}body{background-color:var(--background);color:var(--foreground);height:100%;margin:0;padding:0}#__next{width:100%;height:100%}}@layer components;@layer utilities{.pointer-events-none{pointer-events:none}.invisible{visibility:hidden}.visible{visibility:visible}.sr-only{clip-path:inset(50%);white-space:nowrap;border-width:0;width:1px;height:1px;margin:-1px;padding:0;position:absolute;overflow:hidden}.absolute{position:absolute}.fixed{position:fixed}.relative{position:relative}.sticky{position:sticky}.inset-0{inset:calc(var(--spacing)*0)}.inset-y-0{inset-block:calc(var(--spacing)*0)}.-top-1{top:calc(var(--spacing)*-1)}.top-0{top:calc(var(--spacing)*0)}.top-4{top:calc(var(--spacing)*4)}.top-16{top:calc(var(--spacing)*16)}.-right-1{right:calc(var(--spacing)*-1)}.-right-3{right:calc(var(--spacing)*-3)}.right-0{right:calc(var(--spacing)*0)}.right-2{right:calc(var(--spacing)*2)}.right-4{right:calc(var(--spacing)*4)}.right-6{right:calc(var(--spacing)*6)}.bottom-4{bottom:calc(var(--spacing)*4)}.left-0{left:calc(var(--spacing)*0)}.left-2{left:calc(var(--spacing)*2)}.left-full{left:100%}.z-10{z-index:10}.z-30{z-index:30}.z-40{z-index:40}.z-50{z-index:50}.-mx-1{margin-inline:calc(var(--spacing)*-1)}.mx-4{margin-inline:calc(var(--spacing)*4)}.mx-8{margin-inline:calc(var(--spacing)*8)}.mx-auto{margin-inline:auto}.my-1{margin-block:calc(var(--spacing)*1)}.my-2{margin-block:calc(var(--spacing)*2)}.mt-1{margin-top:calc(var(--spacing)*1)}.mt-2{margin-top:calc(var(--spacing)*2)}.mt-3{margin-top:calc(var(--spacing)*3)}.mt-4{margin-top:calc(var(--spacing)*4)}.mt-5{margin-top:calc(var(--spacing)*5)}.mt-6{margin-top:calc(var(--spacing)*6)}.mr-1{margin-right:calc(var(--spacing)*1)}.mr-2{margin-right:calc(var(--spacing)*2)}.mr-3{margin-right:calc(var(--spacing)*3)}.\!mb-2{margin-bottom:calc(var(--spacing)*2)!important}.mb-0{margin-bottom:calc(var(--spacing)*0)}.mb-1{margin-bottom:calc(var(--spacing)*1)}.mb-2{margin-bottom:calc(var(--spacing)*2)}.mb-3{margin-bottom:calc(var(--spacing)*3)}.mb-4{margin-bottom:calc(var(--spacing)*4)}.mb-6{margin-bottom:calc(var(--spacing)*6)}.mb-8{margin-bottom:calc(var(--spacing)*8)}.ml-1{margin-left:calc(var(--spacing)*1)}.ml-2{margin-left:calc(var(--spacing)*2)}.ml-3{margin-left:calc(var(--spacing)*3)}.ml-4{margin-left:calc(var(--spacing)*4)}.ml-auto{margin-left:auto}.line-clamp-2{-webkit-line-clamp:2;-webkit-box-orient:vertical;display:-webkit-box;overflow:hidden}.line-clamp-3{-webkit-line-clamp:3;-webkit-box-orient:vertical;display:-webkit-box;overflow:hidden}.block{display:block}.flex{display:flex}.grid{display:grid}.hidden{display:none}.inline-block{display:inline-block}.inline-flex{display:inline-flex}.table{display:table}.size-2{width:calc(var(--spacing)*2);height:calc(var(--spacing)*2)}.size-2\.5{width:calc(var(--spacing)*2.5);height:calc(var(--spacing)*2.5)}.size-3\.5{width:calc(var(--spacing)*3.5);height:calc(var(--spacing)*3.5)}.size-4{width:calc(var(--spacing)*4);height:calc(var(--spacing)*4)}.h-0\.5{height:calc(var(--spacing)*.5)}.h-2{height:calc(var(--spacing)*2)}.h-2\.5{height:calc(var(--spacing)*2.5)}.h-3{height:calc(var(--spacing)*3)}.h-4{height:calc(var(--spacing)*4)}.h-5{height:calc(var(--spacing)*5)}.h-6{height:calc(var(--spacing)*6)}.h-7{height:calc(var(--spacing)*7)}.h-8{height:calc(var(--spacing)*8)}.h-9{height:calc(var(--spacing)*9)}.h-10{height:calc(var(--spacing)*10)}.h-11{height:calc(var(--spacing)*11)}.h-12{height:calc(var(--spacing)*12)}.h-16{height:calc(var(--spacing)*16)}.h-48{height:calc(var(--spacing)*48)}.h-64{height:calc(var(--spacing)*64)}.h-96{height:calc(var(--spacing)*96)}.h-\[220px\]{height:220px}.h-full{height:100%}.h-px{height:1px}.h-screen{height:100vh}.max-h-\(--radix-dropdown-menu-content-available-height\){max-height:var(--radix-dropdown-menu-content-available-height)}.max-h-96{max-height:calc(var(--spacing)*96)}.max-h-\[90vh\]{max-height:90vh}.max-h-\[400px\]{max-height:400px}.min-h-\[60px\]{min-height:60px}.min-h-\[150px\]{min-height:150px}.min-h-\[220px\]{min-height:220px}.min-h-\[400px\]{min-height:400px}.min-h-\[unset\]{min-height:unset}.min-h-screen{min-height:100vh}.w-1{width:calc(var(--spacing)*1)}.w-1\/4{width:25%}.w-1\/6{width:16.6667%}.w-1\/8{width:12.5%}.w-1\/12{width:8.33333%}.w-2{width:calc(var(--spacing)*2)}.w-2\.5{width:calc(var(--spacing)*2.5)}.w-3{width:calc(var(--spacing)*3)}.w-3\/4{width:75%}.w-4{width:calc(var(--spacing)*4)}.w-4\/5{width:80%}.w-5{width:calc(var(--spacing)*5)}.w-5\/12{width:41.6667%}.w-6{width:calc(var(--spacing)*6)}.w-7{width:calc(var(--spacing)*7)}.w-8{width:calc(var(--spacing)*8)}.w-10{width:calc(var(--spacing)*10)}.w-11{width:calc(var(--spacing)*11)}.w-12{width:calc(var(--spacing)*12)}.w-16{width:calc(var(--spacing)*16)}.w-20{width:calc(var(--spacing)*20)}.w-24{width:calc(var(--spacing)*24)}.w-28{width:calc(var(--spacing)*28)}.w-32{width:calc(var(--spacing)*32)}.w-48{width:calc(var(--spacing)*48)}.w-64{width:calc(var(--spacing)*64)}.w-72{width:calc(var(--spacing)*72)}.w-96{width:calc(var(--spacing)*96)}.w-\[120px\]{width:120px}.w-\[200px\]{width:200px}.w-fit{width:fit-content}.w-full{width:100%}.max-w-\[60px\]{max-width:60px}.max-w-\[120px\]{max-width:120px}.max-w-\[150px\]{max-width:150px}.max-w-\[200px\]{max-width:200px}.max-w-full{max-width:100%}.max-w-md{max-width:var(--container-md)}.max-w-none{max-width:none}.min-w-0{min-width:calc(var(--spacing)*0)}.min-w-\[8rem\]{min-width:8rem}.min-w-\[50px\]{min-width:50px}.min-w-\[90px\]{min-width:90px}.min-w-\[100px\]{min-width:100px}.min-w-\[var\(--radix-select-trigger-width\)\]{min-width:var(--radix-select-trigger-width)}.min-w-full{min-width:100%}.flex-1{flex:1}.flex-shrink{flex-shrink:1}.flex-shrink-0,.shrink-0{flex-shrink:0}.flex-grow,.grow{flex-grow:1}.table-auto{table-layout:auto}.table-fixed{table-layout:fixed}.caption-bottom{caption-side:bottom}.border-collapse{border-collapse:collapse}.origin-\(--radix-dropdown-menu-content-transform-origin\){transform-origin:var(--radix-dropdown-menu-content-transform-origin)}.origin-\(--radix-select-content-transform-origin\){transform-origin:var(--radix-select-content-transform-origin)}.origin-\[--radix-tooltip-content-transform-origin\]{transform-origin:--radix-tooltip-content-transform-origin}.-translate-x-full{--tw-translate-x:-100%;translate:var(--tw-translate-x)var(--tw-translate-y)}.translate-x-0{--tw-translate-x:calc(var(--spacing)*0);translate:var(--tw-translate-x)var(--tw-translate-y)}.translate-x-0\.5{--tw-translate-x:calc(var(--spacing)*.5);translate:var(--tw-translate-x)var(--tw-translate-y)}.translate-x-3{--tw-translate-x:calc(var(--spacing)*3);translate:var(--tw-translate-x)var(--tw-translate-y)}.translate-x-3\.5{--tw-translate-x:calc(var(--spacing)*3.5);translate:var(--tw-translate-x)var(--tw-translate-y)}.translate-y-\[calc\(-50\%_-_2px\)\]{--tw-translate-y:calc(-50% - 2px);translate:var(--tw-translate-x)var(--tw-translate-y)}.rotate-45{rotate:45deg}.transform{transform:var(--tw-rotate-x,)var(--tw-rotate-y,)var(--tw-rotate-z,)var(--tw-skew-x,)var(--tw-skew-y,)}.animate-in{animation:enter var(--tw-animation-duration,var(--tw-duration,.15s))var(--tw-ease,ease)var(--tw-animation-delay,0s)var(--tw-animation-iteration-count,1)var(--tw-animation-direction,normal)var(--tw-animation-fill-mode,none)}.animate-pulse{animation:var(--animate-pulse)}.animate-spin{animation:var(--animate-spin)}.cursor-default{cursor:default}.cursor-pointer{cursor:pointer}.touch-none{touch-action:none}.resize{resize:both}.resize-none{resize:none}.scroll-my-1{scroll-margin-block:calc(var(--spacing)*1)}.grid-cols-1{grid-template-columns:repeat(1,minmax(0,1fr))}.grid-cols-2{grid-template-columns:repeat(2,minmax(0,1fr))}.grid-cols-5{grid-template-columns:repeat(5,minmax(0,1fr))}.flex-col{flex-direction:column}.flex-col-reverse{flex-direction:column-reverse}.flex-row{flex-direction:row}.flex-wrap{flex-wrap:wrap}.items-center{align-items:center}.items-end{align-items:flex-end}.items-start{align-items:flex-start}.justify-between{justify-content:space-between}.justify-center{justify-content:center}.justify-end{justify-content:flex-end}.gap-1{gap:calc(var(--spacing)*1)}.gap-1\.5{gap:calc(var(--spacing)*1.5)}.gap-2{gap:calc(var(--spacing)*2)}.gap-3{gap:calc(var(--spacing)*3)}.gap-4{gap:calc(var(--spacing)*4)}.gap-6{gap:calc(var(--spacing)*6)}:where(.space-y-0>:not(:last-child)){--tw-space-y-reverse:0;margin-block-start:calc(calc(var(--spacing)*0)*var(--tw-space-y-reverse));margin-block-end:calc(calc(var(--spacing)*0)*calc(1 - var(--tw-space-y-reverse)))}:where(.space-y-0\.5>:not(:last-child)){--tw-space-y-reverse:0;margin-block-start:calc(calc(var(--spacing)*.5)*var(--tw-space-y-reverse));margin-block-end:calc(calc(var(--spacing)*.5)*calc(1 - var(--tw-space-y-reverse)))}:where(.space-y-1>:not(:last-child)){--tw-space-y-reverse:0;margin-block-start:calc(calc(var(--spacing)*1)*var(--tw-space-y-reverse));margin-block-end:calc(calc(var(--spacing)*1)*calc(1 - var(--tw-space-y-reverse)))}:where(.space-y-1\.5>:not(:last-child)){--tw-space-y-reverse:0;margin-block-start:calc(calc(var(--spacing)*1.5)*var(--tw-space-y-reverse));margin-block-end:calc(calc(var(--spacing)*1.5)*calc(1 - var(--tw-space-y-reverse)))}:where(.space-y-2>:not(:last-child)){--tw-space-y-reverse:0;margin-block-start:calc(calc(var(--spacing)*2)*var(--tw-space-y-reverse));margin-block-end:calc(calc(var(--spacing)*2)*calc(1 - var(--tw-space-y-reverse)))}:where(.space-y-3>:not(:last-child)){--tw-space-y-reverse:0;margin-block-start:calc(calc(var(--spacing)*3)*var(--tw-space-y-reverse));margin-block-end:calc(calc(var(--spacing)*3)*calc(1 - var(--tw-space-y-reverse)))}:where(.space-y-4>:not(:last-child)){--tw-space-y-reverse:0;margin-block-start:calc(calc(var(--spacing)*4)*var(--tw-space-y-reverse));margin-block-end:calc(calc(var(--spacing)*4)*calc(1 - var(--tw-space-y-reverse)))}:where(.space-y-6>:not(:last-child)){--tw-space-y-reverse:0;margin-block-start:calc(calc(var(--spacing)*6)*var(--tw-space-y-reverse));margin-block-end:calc(calc(var(--spacing)*6)*calc(1 - var(--tw-space-y-reverse)))}:where(.space-x-1>:not(:last-child)){--tw-space-x-reverse:0;margin-inline-start:calc(calc(var(--spacing)*1)*var(--tw-space-x-reverse));margin-inline-end:calc(calc(var(--spacing)*1)*calc(1 - var(--tw-space-x-reverse)))}:where(.space-x-2>:not(:last-child)){--tw-space-x-reverse:0;margin-inline-start:calc(calc(var(--spacing)*2)*var(--tw-space-x-reverse));margin-inline-end:calc(calc(var(--spacing)*2)*calc(1 - var(--tw-space-x-reverse)))}:where(.space-x-3>:not(:last-child)){--tw-space-x-reverse:0;margin-inline-start:calc(calc(var(--spacing)*3)*var(--tw-space-x-reverse));margin-inline-end:calc(calc(var(--spacing)*3)*calc(1 - var(--tw-space-x-reverse)))}:where(.space-x-4>:not(:last-child)){--tw-space-x-reverse:0;margin-inline-start:calc(calc(var(--spacing)*4)*var(--tw-space-x-reverse));margin-inline-end:calc(calc(var(--spacing)*4)*calc(1 - var(--tw-space-x-reverse)))}:where(.divide-y>:not(:last-child)){--tw-divide-y-reverse:0;border-bottom-style:var(--tw-border-style);border-top-style:var(--tw-border-style);border-top-width:calc(1px*var(--tw-divide-y-reverse));border-bottom-width:calc(1px*calc(1 - var(--tw-divide-y-reverse)))}:where(.divide-black>:not(:last-child)){border-color:var(--color-black)}:where(.divide-gray-100>:not(:last-child)){border-color:var(--color-gray-100)}:where(.divide-gray-200>:not(:last-child)){border-color:var(--color-gray-200)}.self-start{align-self:flex-start}.truncate{text-overflow:ellipsis;white-space:nowrap;overflow:hidden}.overflow-auto{overflow:auto}.overflow-hidden{overflow:hidden}.overflow-x-auto{overflow-x:auto}.overflow-x-hidden{overflow-x:hidden}.overflow-y-auto{overflow-y:auto}.\!rounded-md{border-radius:calc(var(--radius) - 2px)!important}.rounded{border-radius:.25rem}.rounded-\[2px\]{border-radius:2px}.rounded-\[inherit\]{border-radius:inherit}.rounded-full{border-radius:3.40282e38px}.rounded-lg{border-radius:var(--radius)}.rounded-md{border-radius:calc(var(--radius) - 2px)}.rounded-sm{border-radius:calc(var(--radius) - 4px)}.rounded-xl{border-radius:calc(var(--radius) + 4px)}.\!border{border-style:var(--tw-border-style)!important;border-width:1px!important}.border{border-style:var(--tw-border-style);border-width:1px}.border-0{border-style:var(--tw-border-style);border-width:0}.border-2{border-style:var(--tw-border-style);border-width:2px}.border-t{border-top-style:var(--tw-border-style);border-top-width:1px}.border-r{border-right-style:var(--tw-border-style);border-right-width:1px}.border-r-2{border-right-style:var(--tw-border-style);border-right-width:2px}.border-b{border-bottom-style:var(--tw-border-style);border-bottom-width:1px}.border-b-2{border-bottom-style:var(--tw-border-style);border-bottom-width:2px}.border-l{border-left-style:var(--tw-border-style);border-left-width:1px}.\!border-black{border-color:var(--color-black)!important}.border-blue-200{border-color:var(--color-blue-200)}.border-blue-600{border-color:var(--color-blue-600)}.border-blue-700{border-color:var(--color-blue-700)}.border-border{border-color:var(--border)}.border-cyan-200{border-color:var(--color-cyan-200)}.border-destructive\/50{border-color:var(--destructive)}@supports (color:color-mix(in lab, red, red)){.border-destructive\/50{border-color:color-mix(in oklab,var(--destructive)50%,transparent)}}.border-gray-100{border-color:var(--color-gray-100)}.border-gray-200{border-color:var(--color-gray-200)}.border-gray-300{border-color:var(--color-gray-300)}.border-green-200{border-color:var(--color-green-200)}.border-indigo-200{border-color:var(--color-indigo-200)}.border-input{border-color:var(--input)}.border-orange-200{border-color:var(--color-orange-200)}.border-pink-200{border-color:var(--color-pink-200)}.border-primary{border-color:var(--primary)}.border-purple-200{border-color:var(--color-purple-200)}.border-red-200{border-color:var(--color-red-200)}.border-teal-200{border-color:var(--color-teal-200)}.border-transparent{border-color:#0000}.border-white{border-color:var(--color-white)}.border-yellow-200{border-color:var(--color-yellow-200)}.border-t-transparent{border-top-color:#0000}.border-l-transparent{border-left-color:#0000}.\!bg-white{background-color:var(--color-white)!important}.bg-background{background-color:var(--background)}.bg-black{background-color:var(--color-black)}.bg-black\/50{background-color:#00000080}@supports (color:color-mix(in lab, red, red)){.bg-black\/50{background-color:color-mix(in oklab,var(--color-black)50%,transparent)}}.bg-blue-50{background-color:var(--color-blue-50)}.bg-blue-100{background-color:var(--color-blue-100)}.bg-blue-500{background-color:var(--color-blue-500)}.bg-blue-600{background-color:var(--color-blue-600)}.bg-border{background-color:var(--border)}.bg-card{background-color:var(--card)}.bg-cyan-50{background-color:var(--color-cyan-50)}.bg-destructive{background-color:var(--destructive)}.bg-gray-50{background-color:var(--color-gray-50)}.bg-gray-100{background-color:var(--color-gray-100)}.bg-gray-200{background-color:var(--color-gray-200)}.bg-gray-300{background-color:var(--color-gray-300)}.bg-gray-600{background-color:var(--color-gray-600)}.bg-gray-800{background-color:var(--color-gray-800)}.bg-green-50{background-color:var(--color-green-50)}.bg-green-100{background-color:var(--color-green-100)}.bg-green-500{background-color:var(--color-green-500)}.bg-indigo-50{background-color:var(--color-indigo-50)}.bg-muted,.bg-muted\/50{background-color:var(--muted)}@supports (color:color-mix(in lab, red, red)){.bg-muted\/50{background-color:color-mix(in oklab,var(--muted)50%,transparent)}}.bg-orange-50{background-color:var(--color-orange-50)}.bg-orange-100{background-color:var(--color-orange-100)}.bg-pink-50{background-color:var(--color-pink-50)}.bg-popover{background-color:var(--popover)}.bg-primary{background-color:var(--primary)}.bg-purple-50{background-color:var(--color-purple-50)}.bg-purple-100{background-color:var(--color-purple-100)}.bg-red-50{background-color:var(--color-red-50)}.bg-red-100{background-color:var(--color-red-100)}.bg-red-500{background-color:var(--color-red-500)}.bg-red-500\/20{background-color:#fb2c3633}@supports (color:color-mix(in lab, red, red)){.bg-red-500\/20{background-color:color-mix(in oklab,var(--color-red-500)20%,transparent)}}.bg-secondary{background-color:var(--secondary)}.bg-teal-50{background-color:var(--color-teal-50)}.bg-transparent{background-color:#0000}.bg-white{background-color:var(--color-white)}.bg-white\/10{background-color:#ffffff1a}@supports (color:color-mix(in lab, red, red)){.bg-white\/10{background-color:color-mix(in oklab,var(--color-white)10%,transparent)}}.bg-white\/80{background-color:#fffc}@supports (color:color-mix(in lab, red, red)){.bg-white\/80{background-color:color-mix(in oklab,var(--color-white)80%,transparent)}}.bg-yellow-50{background-color:var(--color-yellow-50)}.bg-yellow-500{background-color:var(--color-yellow-500)}.bg-gradient-to-b{--tw-gradient-position:to bottom in oklab;background-image:linear-gradient(var(--tw-gradient-stops))}.bg-gradient-to-br{--tw-gradient-position:to bottom right in oklab;background-image:linear-gradient(var(--tw-gradient-stops))}.bg-gradient-to-r{--tw-gradient-position:to right in oklab;background-image:linear-gradient(var(--tw-gradient-stops))}.from-blue-500{--tw-gradient-from:var(--color-blue-500);--tw-gradient-stops:var(--tw-gradient-via-stops,var(--tw-gradient-position),var(--tw-gradient-from)var(--tw-gradient-from-position),var(--tw-gradient-to)var(--tw-gradient-to-position))}.from-blue-600{--tw-gradient-from:var(--color-blue-600);--tw-gradient-stops:var(--tw-gradient-via-stops,var(--tw-gradient-position),var(--tw-gradient-from)var(--tw-gradient-from-position),var(--tw-gradient-to)var(--tw-gradient-to-position))}.from-gray-50{--tw-gradient-from:var(--color-gray-50);--tw-gradient-stops:var(--tw-gradient-via-stops,var(--tw-gradient-position),var(--tw-gradient-from)var(--tw-gradient-from-position),var(--tw-gradient-to)var(--tw-gradient-to-position))}.from-green-400{--tw-gradient-from:var(--color-green-400);--tw-gradient-stops:var(--tw-gradient-via-stops,var(--tw-gradient-position),var(--tw-gradient-from)var(--tw-gradient-from-position),var(--tw-gradient-to)var(--tw-gradient-to-position))}.from-green-500{--tw-gradient-from:var(--color-green-500);--tw-gradient-stops:var(--tw-gradient-via-stops,var(--tw-gradient-position),var(--tw-gradient-from)var(--tw-gradient-from-position),var(--tw-gradient-to)var(--tw-gradient-to-position))}.from-purple-500{--tw-gradient-from:var(--color-purple-500);--tw-gradient-stops:var(--tw-gradient-via-stops,var(--tw-gradient-position),var(--tw-gradient-from)var(--tw-gradient-from-position),var(--tw-gradient-to)var(--tw-gradient-to-position))}.from-red-500{--tw-gradient-from:var(--color-red-500);--tw-gradient-stops:var(--tw-gradient-via-stops,var(--tw-gradient-position),var(--tw-gradient-from)var(--tw-gradient-from-position),var(--tw-gradient-to)var(--tw-gradient-to-position))}.from-slate-50{--tw-gradient-from:var(--color-slate-50);--tw-gradient-stops:var(--tw-gradient-via-stops,var(--tw-gradient-position),var(--tw-gradient-from)var(--tw-gradient-from-position),var(--tw-gradient-to)var(--tw-gradient-to-position))}.from-yellow-500{--tw-gradient-from:var(--color-yellow-500);--tw-gradient-stops:var(--tw-gradient-via-stops,var(--tw-gradient-position),var(--tw-gradient-from)var(--tw-gradient-from-position),var(--tw-gradient-to)var(--tw-gradient-to-position))}.to-blue-500{--tw-gradient-to:var(--color-blue-500);--tw-gradient-stops:var(--tw-gradient-via-stops,var(--tw-gradient-position),var(--tw-gradient-from)var(--tw-gradient-from-position),var(--tw-gradient-to)var(--tw-gradient-to-position))}.to-blue-600{--tw-gradient-to:var(--color-blue-600);--tw-gradient-stops:var(--tw-gradient-via-stops,var(--tw-gradient-position),var(--tw-gradient-from)var(--tw-gradient-from-position),var(--tw-gradient-to)var(--tw-gradient-to-position))}.to-emerald-600{--tw-gradient-to:var(--color-emerald-600);--tw-gradient-stops:var(--tw-gradient-via-stops,var(--tw-gradient-position),var(--tw-gradient-from)var(--tw-gradient-from-position),var(--tw-gradient-to)var(--tw-gradient-to-position))}.to-green-600{--tw-gradient-to:var(--color-green-600);--tw-gradient-stops:var(--tw-gradient-via-stops,var(--tw-gradient-position),var(--tw-gradient-from)var(--tw-gradient-from-position),var(--tw-gradient-to)var(--tw-gradient-to-position))}.to-indigo-600{--tw-gradient-to:var(--color-indigo-600);--tw-gradient-stops:var(--tw-gradient-via-stops,var(--tw-gradient-position),var(--tw-gradient-from)var(--tw-gradient-from-position),var(--tw-gradient-to)var(--tw-gradient-to-position))}.to-pink-600{--tw-gradient-to:var(--color-pink-600);--tw-gradient-stops:var(--tw-gradient-via-stops,var(--tw-gradient-position),var(--tw-gradient-from)var(--tw-gradient-from-position),var(--tw-gradient-to)var(--tw-gradient-to-position))}.to-purple-600{--tw-gradient-to:var(--color-purple-600);--tw-gradient-stops:var(--tw-gradient-via-stops,var(--tw-gradient-position),var(--tw-gradient-from)var(--tw-gradient-from-position),var(--tw-gradient-to)var(--tw-gradient-to-position))}.to-red-600{--tw-gradient-to:var(--color-red-600);--tw-gradient-stops:var(--tw-gradient-via-stops,var(--tw-gradient-position),var(--tw-gradient-from)var(--tw-gradient-from-position),var(--tw-gradient-to)var(--tw-gradient-to-position))}.to-slate-100{--tw-gradient-to:var(--color-slate-100);--tw-gradient-stops:var(--tw-gradient-via-stops,var(--tw-gradient-position),var(--tw-gradient-from)var(--tw-gradient-from-position),var(--tw-gradient-to)var(--tw-gradient-to-position))}.to-white{--tw-gradient-to:var(--color-white);--tw-gradient-stops:var(--tw-gradient-via-stops,var(--tw-gradient-position),var(--tw-gradient-from)var(--tw-gradient-from-position),var(--tw-gradient-to)var(--tw-gradient-to-position))}.to-yellow-600{--tw-gradient-to:var(--color-yellow-600);--tw-gradient-stops:var(--tw-gradient-via-stops,var(--tw-gradient-position),var(--tw-gradient-from)var(--tw-gradient-from-position),var(--tw-gradient-to)var(--tw-gradient-to-position))}.fill-current{fill:currentColor}.fill-primary{fill:var(--primary)}.object-cover{object-fit:cover}.\!p-2{padding:calc(var(--spacing)*2)!important}.p-0{padding:calc(var(--spacing)*0)}.p-1{padding:calc(var(--spacing)*1)}.p-2{padding:calc(var(--spacing)*2)}.p-3{padding:calc(var(--spacing)*3)}.p-4{padding:calc(var(--spacing)*4)}.p-6{padding:calc(var(--spacing)*6)}.p-8{padding:calc(var(--spacing)*8)}.p-\[1px\]{padding:1px}.px-0{padding-inline:calc(var(--spacing)*0)}.px-2{padding-inline:calc(var(--spacing)*2)}.px-3{padding-inline:calc(var(--spacing)*3)}.px-4{padding-inline:calc(var(--spacing)*4)}.px-6{padding-inline:calc(var(--spacing)*6)}.px-8{padding-inline:calc(var(--spacing)*8)}.py-0\.5{padding-block:calc(var(--spacing)*.5)}.py-1{padding-block:calc(var(--spacing)*1)}.py-1\.5{padding-block:calc(var(--spacing)*1.5)}.py-2{padding-block:calc(var(--spacing)*2)}.py-3{padding-block:calc(var(--spacing)*3)}.py-4{padding-block:calc(var(--spacing)*4)}.py-6{padding-block:calc(var(--spacing)*6)}.py-8{padding-block:calc(var(--spacing)*8)}.py-12{padding-block:calc(var(--spacing)*12)}.py-20{padding-block:calc(var(--spacing)*20)}.pt-0{padding-top:calc(var(--spacing)*0)}.pt-1{padding-top:calc(var(--spacing)*1)}.pt-2{padding-top:calc(var(--spacing)*2)}.pt-3{padding-top:calc(var(--spacing)*3)}.pt-4{padding-top:calc(var(--spacing)*4)}.pt-6{padding-top:calc(var(--spacing)*6)}.pr-2{padding-right:calc(var(--spacing)*2)}.pr-3{padding-right:calc(var(--spacing)*3)}.pr-8{padding-right:calc(var(--spacing)*8)}.pb-1{padding-bottom:calc(var(--spacing)*1)}.pb-2{padding-bottom:calc(var(--spacing)*2)}.pb-3{padding-bottom:calc(var(--spacing)*3)}.pb-4{padding-bottom:calc(var(--spacing)*4)}.pl-2{padding-left:calc(var(--spacing)*2)}.pl-3{padding-left:calc(var(--spacing)*3)}.pl-8{padding-left:calc(var(--spacing)*8)}.pl-10{padding-left:calc(var(--spacing)*10)}.text-center{text-align:center}.text-left{text-align:left}.text-right{text-align:right}.align-middle{vertical-align:middle}.font-mono{font-family:var(--font-geist-mono)}.text-2xl{font-size:var(--text-2xl);line-height:var(--tw-leading,var(--text-2xl--line-height))}.text-6xl{font-size:var(--text-6xl);line-height:var(--tw-leading,var(--text-6xl--line-height))}.text-base{font-size:var(--text-base);line-height:var(--tw-leading,var(--text-base--line-height))}.text-lg{font-size:var(--text-lg);line-height:var(--tw-leading,var(--text-lg--line-height))}.text-sm{font-size:var(--text-sm);line-height:var(--tw-leading,var(--text-sm--line-height))}.text-xl{font-size:var(--text-xl);line-height:var(--tw-leading,var(--text-xl--line-height))}.text-xs{font-size:var(--text-xs);line-height:var(--tw-leading,var(--text-xs--line-height))}.text-\[10px\]{font-size:10px}.leading-5{--tw-leading:calc(var(--spacing)*5);line-height:calc(var(--spacing)*5)}.leading-\[0\.8\]{--tw-leading:.8;line-height:.8}.leading-none{--tw-leading:1;line-height:1}.leading-relaxed{--tw-leading:var(--leading-relaxed);line-height:var(--leading-relaxed)}.leading-tight{--tw-leading:var(--leading-tight);line-height:var(--leading-tight)}.font-bold{--tw-font-weight:var(--font-weight-bold);font-weight:var(--font-weight-bold)}.font-medium{--tw-font-weight:var(--font-weight-medium);font-weight:var(--font-weight-medium)}.font-normal{--tw-font-weight:var(--font-weight-normal);font-weight:var(--font-weight-normal)}.font-semibold{--tw-font-weight:var(--font-weight-semibold);font-weight:var(--font-weight-semibold)}.tracking-tight{--tw-tracking:var(--tracking-tight);letter-spacing:var(--tracking-tight)}.tracking-wider{--tw-tracking:var(--tracking-wider);letter-spacing:var(--tracking-wider)}.tracking-widest{--tw-tracking:var(--tracking-widest);letter-spacing:var(--tracking-widest)}.text-balance{text-wrap:balance}.break-words{overflow-wrap:break-word}.text-ellipsis{text-overflow:ellipsis}.whitespace-nowrap{white-space:nowrap}.text-black{color:var(--color-black)}.text-blue-100{color:var(--color-blue-100)}.text-blue-500{color:var(--color-blue-500)}.text-blue-600{color:var(--color-blue-600)}.text-blue-700{color:var(--color-blue-700)}.text-blue-800{color:var(--color-blue-800)}.text-blue-900{color:var(--color-blue-900)}.text-card-foreground{color:var(--card-foreground)}.text-current{color:currentColor}.text-cyan-600{color:var(--color-cyan-600)}.text-destructive{color:var(--destructive)}.text-foreground{color:var(--foreground)}.text-gray-300{color:var(--color-gray-300)}.text-gray-400{color:var(--color-gray-400)}.text-gray-500{color:var(--color-gray-500)}.text-gray-600{color:var(--color-gray-600)}.text-gray-700{color:var(--color-gray-700)}.text-gray-800{color:var(--color-gray-800)}.text-gray-900{color:var(--color-gray-900)}.text-green-600{color:var(--color-green-600)}.text-green-800{color:var(--color-green-800)}.text-green-900{color:var(--color-green-900)}.text-indigo-600{color:var(--color-indigo-600)}.text-indigo-900{color:var(--color-indigo-900)}.text-muted-foreground{color:var(--muted-foreground)}.text-orange-100{color:var(--color-orange-100)}.text-orange-600{color:var(--color-orange-600)}.text-orange-800{color:var(--color-orange-800)}.text-orange-900{color:var(--color-orange-900)}.text-popover-foreground{color:var(--popover-foreground)}.text-primary{color:var(--primary)}.text-primary-foreground{color:var(--primary-foreground)}.text-purple-600{color:var(--color-purple-600)}.text-purple-800{color:var(--color-purple-800)}.text-purple-900{color:var(--color-purple-900)}.text-red-500{color:var(--color-red-500)}.text-red-600{color:var(--color-red-600)}.text-red-800{color:var(--color-red-800)}.text-red-900{color:var(--color-red-900)}.text-secondary-foreground{color:var(--secondary-foreground)}.text-white{color:var(--color-white)}.text-yellow-400{color:var(--color-yellow-400)}.uppercase{text-transform:uppercase}.italic{font-style:italic}.underline{text-decoration-line:underline}.underline-offset-4{text-underline-offset:4px}.antialiased{-webkit-font-smoothing:antialiased;-moz-osx-font-smoothing:grayscale}.placeholder-gray-500::placeholder{color:var(--color-gray-500)}.\!opacity-100{opacity:1!important}.opacity-0{opacity:0}.opacity-50{opacity:.5}.opacity-100{opacity:1}.\!shadow-lg{--tw-shadow:0 10px 15px -3px var(--tw-shadow-color,#0000001a),0 4px 6px -4px var(--tw-shadow-color,#0000001a)!important;box-shadow:var(--tw-inset-shadow),var(--tw-inset-ring-shadow),var(--tw-ring-offset-shadow),var(--tw-ring-shadow),var(--tw-shadow)!important}.shadow{--tw-shadow:0 1px 3px 0 var(--tw-shadow-color,#0000001a),0 1px 2px -1px var(--tw-shadow-color,#0000001a);box-shadow:var(--tw-inset-shadow),var(--tw-inset-ring-shadow),var(--tw-ring-offset-shadow),var(--tw-ring-shadow),var(--tw-shadow)}.shadow-lg{--tw-shadow:0 10px 15px -3px var(--tw-shadow-color,#0000001a),0 4px 6px -4px var(--tw-shadow-color,#0000001a);box-shadow:var(--tw-inset-shadow),var(--tw-inset-ring-shadow),var(--tw-ring-offset-shadow),var(--tw-ring-shadow),var(--tw-shadow)}.shadow-md{--tw-shadow:0 4px 6px -1px var(--tw-shadow-color,#0000001a),0 2px 4px -2px var(--tw-shadow-color,#0000001a);box-shadow:var(--tw-inset-shadow),var(--tw-inset-ring-shadow),var(--tw-ring-offset-shadow),var(--tw-ring-shadow),var(--tw-shadow)}.shadow-none{--tw-shadow:0 0 #0000;box-shadow:var(--tw-inset-shadow),var(--tw-inset-ring-shadow),var(--tw-ring-offset-shadow),var(--tw-ring-shadow),var(--tw-shadow)}.shadow-sm{--tw-shadow:0 1px 3px 0 var(--tw-shadow-color,#0000001a),0 1px 2px -1px var(--tw-shadow-color,#0000001a);box-shadow:var(--tw-inset-shadow),var(--tw-inset-ring-shadow),var(--tw-ring-offset-shadow),var(--tw-ring-shadow),var(--tw-shadow)}.shadow-xl{--tw-shadow:0 20px 25px -5px var(--tw-shadow-color,#0000001a),0 8px 10px -6px var(--tw-shadow-color,#0000001a);box-shadow:var(--tw-inset-shadow),var(--tw-inset-ring-shadow),var(--tw-ring-offset-shadow),var(--tw-ring-shadow),var(--tw-shadow)}.shadow-xs{--tw-shadow:0 1px 2px 0 var(--tw-shadow-color,#0000000d);box-shadow:var(--tw-inset-shadow),var(--tw-inset-ring-shadow),var(--tw-ring-offset-shadow),var(--tw-ring-shadow),var(--tw-shadow)}.ring-0{--tw-ring-shadow:var(--tw-ring-inset,)0 0 0 calc(0px + var(--tw-ring-offset-width))var(--tw-ring-color,currentcolor);box-shadow:var(--tw-inset-shadow),var(--tw-inset-ring-shadow),var(--tw-ring-offset-shadow),var(--tw-ring-shadow),var(--tw-shadow)}.ring-ring\/50{--tw-ring-color:var(--ring)}@supports (color:color-mix(in lab, red, red)){.ring-ring\/50{--tw-ring-color:color-mix(in oklab,var(--ring)50%,transparent)}}.ring-offset-background{--tw-ring-offset-color:var(--background)}.outline-hidden{--tw-outline-style:none;outline-style:none}@media (forced-colors:active){.outline-hidden{outline-offset:2px;outline:2px solid #0000}}.outline{outline-style:var(--tw-outline-style);outline-width:1px}.filter{filter:var(--tw-blur,)var(--tw-brightness,)var(--tw-contrast,)var(--tw-grayscale,)var(--tw-hue-rotate,)var(--tw-invert,)var(--tw-saturate,)var(--tw-sepia,)var(--tw-drop-shadow,)}.transition-\[color\,box-shadow\]{transition-property:color,box-shadow;transition-timing-function:var(--tw-ease,var(--default-transition-timing-function));transition-duration:var(--tw-duration,var(--default-transition-duration))}.transition-all{transition-property:all;transition-timing-function:var(--tw-ease,var(--default-transition-timing-function));transition-duration:var(--tw-duration,var(--default-transition-duration))}.transition-colors{transition-property:color,background-color,border-color,outline-color,text-decoration-color,fill,stroke,--tw-gradient-from,--tw-gradient-via,--tw-gradient-to;transition-timing-function:var(--tw-ease,var(--default-transition-timing-function));transition-duration:var(--tw-duration,var(--default-transition-duration))}.transition-opacity{transition-property:opacity;transition-timing-function:var(--tw-ease,var(--default-transition-timing-function));transition-duration:var(--tw-duration,var(--default-transition-duration))}.transition-shadow{transition-property:box-shadow;transition-timing-function:var(--tw-ease,var(--default-transition-timing-function));transition-duration:var(--tw-duration,var(--default-transition-duration))}.transition-transform{transition-property:transform,translate,scale,rotate;transition-timing-function:var(--tw-ease,var(--default-transition-timing-function));transition-duration:var(--tw-duration,var(--default-transition-duration))}.duration-200{--tw-duration:.2s;transition-duration:.2s}.duration-300{--tw-duration:.3s;transition-duration:.3s}.ease-in-out{--tw-ease:var(--ease-in-out);transition-timing-function:var(--ease-in-out)}.fade-in-0{--tw-enter-opacity:0}.outline-none{--tw-outline-style:none;outline-style:none}.select-none{-webkit-user-select:none;user-select:none}.zoom-in-95{--tw-enter-scale:.95}.running{animation-play-state:running}@media (hover:hover){.group-hover\:visible:is(:where(.group):hover *){visibility:visible}.group-hover\:-translate-x-1:is(:where(.group):hover *){--tw-translate-x:calc(var(--spacing)*-1);translate:var(--tw-translate-x)var(--tw-translate-y)}.group-hover\:bg-blue-100:is(:where(.group):hover *){background-color:var(--color-blue-100)}.group-hover\:text-blue-500:is(:where(.group):hover *){color:var(--color-blue-500)}.group-hover\:text-blue-600:is(:where(.group):hover *){color:var(--color-blue-600)}.group-hover\:text-blue-700:is(:where(.group):hover *){color:var(--color-blue-700)}.group-hover\:text-gray-500:is(:where(.group):hover *){color:var(--color-gray-500)}.group-hover\:opacity-100:is(:where(.group):hover *){opacity:1}}.group-data-\[disabled\=true\]\:pointer-events-none:is(:where(.group)[data-disabled=true] *){pointer-events:none}.group-data-\[disabled\=true\]\:opacity-50:is(:where(.group)[data-disabled=true] *){opacity:.5}.peer-disabled\:cursor-not-allowed:is(:where(.peer):disabled~*){cursor:not-allowed}.peer-disabled\:opacity-50:is(:where(.peer):disabled~*){opacity:.5}.selection\:bg-primary ::selection{background-color:var(--primary)}.selection\:bg-primary::selection{background-color:var(--primary)}.selection\:text-primary-foreground ::selection{color:var(--primary-foreground)}.selection\:text-primary-foreground::selection{color:var(--primary-foreground)}.file\:inline-flex::file-selector-button{display:inline-flex}.file\:h-7::file-selector-button{height:calc(var(--spacing)*7)}.file\:border-0::file-selector-button{border-style:var(--tw-border-style);border-width:0}.file\:bg-transparent::file-selector-button{background-color:#0000}.file\:text-sm::file-selector-button{font-size:var(--text-sm);line-height:var(--tw-leading,var(--text-sm--line-height))}.file\:font-medium::file-selector-button{--tw-font-weight:var(--font-weight-medium);font-weight:var(--font-weight-medium)}.file\:text-foreground::file-selector-button{color:var(--foreground)}.placeholder\:text-muted-foreground::placeholder{color:var(--muted-foreground)}@media (hover:hover){.hover\:border-gray-200:hover{border-color:var(--color-gray-200)}.hover\:border-gray-400:hover{border-color:var(--color-gray-400)}.hover\:bg-accent:hover{background-color:var(--accent)}.hover\:bg-blue-600:hover{background-color:var(--color-blue-600)}.hover\:bg-blue-700:hover{background-color:var(--color-blue-700)}.hover\:bg-destructive\/90:hover{background-color:var(--destructive)}@supports (color:color-mix(in lab, red, red)){.hover\:bg-destructive\/90:hover{background-color:color-mix(in oklab,var(--destructive)90%,transparent)}}.hover\:bg-gray-50:hover{background-color:var(--color-gray-50)}.hover\:bg-gray-100:hover{background-color:var(--color-gray-100)}.hover\:bg-gray-200:hover{background-color:var(--color-gray-200)}.hover\:bg-muted\/50:hover{background-color:var(--muted)}@supports (color:color-mix(in lab, red, red)){.hover\:bg-muted\/50:hover{background-color:color-mix(in oklab,var(--muted)50%,transparent)}}.hover\:bg-primary\/90:hover{background-color:var(--primary)}@supports (color:color-mix(in lab, red, red)){.hover\:bg-primary\/90:hover{background-color:color-mix(in oklab,var(--primary)90%,transparent)}}.hover\:bg-red-100:hover{background-color:var(--color-red-100)}.hover\:bg-red-500\/30:hover{background-color:#fb2c364d}@supports (color:color-mix(in lab, red, red)){.hover\:bg-red-500\/30:hover{background-color:color-mix(in oklab,var(--color-red-500)30%,transparent)}}.hover\:bg-secondary\/80:hover{background-color:var(--secondary)}@supports (color:color-mix(in lab, red, red)){.hover\:bg-secondary\/80:hover{background-color:color-mix(in oklab,var(--secondary)80%,transparent)}}.hover\:bg-white\/20:hover{background-color:#fff3}@supports (color:color-mix(in lab, red, red)){.hover\:bg-white\/20:hover{background-color:color-mix(in oklab,var(--color-white)20%,transparent)}}.hover\:from-blue-700:hover{--tw-gradient-from:var(--color-blue-700);--tw-gradient-stops:var(--tw-gradient-via-stops,var(--tw-gradient-position),var(--tw-gradient-from)var(--tw-gradient-from-position),var(--tw-gradient-to)var(--tw-gradient-to-position))}.hover\:to-indigo-700:hover{--tw-gradient-to:var(--color-indigo-700);--tw-gradient-stops:var(--tw-gradient-via-stops,var(--tw-gradient-position),var(--tw-gradient-from)var(--tw-gradient-from-position),var(--tw-gradient-to)var(--tw-gradient-to-position))}.hover\:text-accent-foreground:hover{color:var(--accent-foreground)}.hover\:text-blue-700:hover{color:var(--color-blue-700)}.hover\:text-gray-500:hover{color:var(--color-gray-500)}.hover\:text-gray-600:hover{color:var(--color-gray-600)}.hover\:text-gray-700:hover{color:var(--color-gray-700)}.hover\:text-gray-900:hover{color:var(--color-gray-900)}.hover\:text-red-600:hover{color:var(--color-red-600)}.hover\:text-white:hover{color:var(--color-white)}.hover\:underline:hover{text-decoration-line:underline}.hover\:shadow-lg:hover{--tw-shadow:0 10px 15px -3px var(--tw-shadow-color,#0000001a),0 4px 6px -4px var(--tw-shadow-color,#0000001a);box-shadow:var(--tw-inset-shadow),var(--tw-inset-ring-shadow),var(--tw-ring-offset-shadow),var(--tw-ring-shadow),var(--tw-shadow)}.hover\:shadow-md:hover{--tw-shadow:0 4px 6px -1px var(--tw-shadow-color,#0000001a),0 2px 4px -2px var(--tw-shadow-color,#0000001a);box-shadow:var(--tw-inset-shadow),var(--tw-inset-ring-shadow),var(--tw-ring-offset-shadow),var(--tw-ring-shadow),var(--tw-shadow)}.hover\:shadow-sm:hover{--tw-shadow:0 1px 3px 0 var(--tw-shadow-color,#0000001a),0 1px 2px -1px var(--tw-shadow-color,#0000001a);box-shadow:var(--tw-inset-shadow),var(--tw-inset-ring-shadow),var(--tw-ring-offset-shadow),var(--tw-ring-shadow),var(--tw-shadow)}.hover\:ring-4:hover{--tw-ring-shadow:var(--tw-ring-inset,)0 0 0 calc(4px + var(--tw-ring-offset-width))var(--tw-ring-color,currentcolor);box-shadow:var(--tw-inset-shadow),var(--tw-inset-ring-shadow),var(--tw-ring-offset-shadow),var(--tw-ring-shadow),var(--tw-shadow)}}.focus\:border-blue-500:focus{border-color:var(--color-blue-500)}.focus\:border-transparent:focus{border-color:#0000}.focus\:bg-accent:focus{background-color:var(--accent)}.focus\:text-accent-foreground:focus{color:var(--accent-foreground)}.focus\:placeholder-gray-400:focus::placeholder{color:var(--color-gray-400)}.focus\:ring-1:focus{--tw-ring-shadow:var(--tw-ring-inset,)0 0 0 calc(1px + var(--tw-ring-offset-width))var(--tw-ring-color,currentcolor);box-shadow:var(--tw-inset-shadow),var(--tw-inset-ring-shadow),var(--tw-ring-offset-shadow),var(--tw-ring-shadow),var(--tw-shadow)}.focus\:ring-2:focus{--tw-ring-shadow:var(--tw-ring-inset,)0 0 0 calc(2px + var(--tw-ring-offset-width))var(--tw-ring-color,currentcolor);box-shadow:var(--tw-inset-shadow),var(--tw-inset-ring-shadow),var(--tw-ring-offset-shadow),var(--tw-ring-shadow),var(--tw-shadow)}.focus\:ring-blue-500:focus{--tw-ring-color:var(--color-blue-500)}.focus\:ring-offset-1:focus{--tw-ring-offset-width:1px;--tw-ring-offset-shadow:var(--tw-ring-inset,)0 0 0 var(--tw-ring-offset-width)var(--tw-ring-offset-color)}.focus\:outline-none:focus{--tw-outline-style:none;outline-style:none}.focus-visible\:border-ring:focus-visible{border-color:var(--ring)}.focus-visible\:ring-2:focus-visible{--tw-ring-shadow:var(--tw-ring-inset,)0 0 0 calc(2px + var(--tw-ring-offset-width))var(--tw-ring-color,currentcolor);box-shadow:var(--tw-inset-shadow),var(--tw-inset-ring-shadow),var(--tw-ring-offset-shadow),var(--tw-ring-shadow),var(--tw-shadow)}.focus-visible\:ring-4:focus-visible{--tw-ring-shadow:var(--tw-ring-inset,)0 0 0 calc(4px + var(--tw-ring-offset-width))var(--tw-ring-color,currentcolor);box-shadow:var(--tw-inset-shadow),var(--tw-inset-ring-shadow),var(--tw-ring-offset-shadow),var(--tw-ring-shadow),var(--tw-shadow)}.focus-visible\:ring-\[3px\]:focus-visible{--tw-ring-shadow:var(--tw-ring-inset,)0 0 0 calc(3px + var(--tw-ring-offset-width))var(--tw-ring-color,currentcolor);box-shadow:var(--tw-inset-shadow),var(--tw-inset-ring-shadow),var(--tw-ring-offset-shadow),var(--tw-ring-shadow),var(--tw-shadow)}.focus-visible\:ring-destructive\/20:focus-visible{--tw-ring-color:var(--destructive)}@supports (color:color-mix(in lab, red, red)){.focus-visible\:ring-destructive\/20:focus-visible{--tw-ring-color:color-mix(in oklab,var(--destructive)20%,transparent)}}.focus-visible\:ring-ring:focus-visible,.focus-visible\:ring-ring\/50:focus-visible{--tw-ring-color:var(--ring)}@supports (color:color-mix(in lab, red, red)){.focus-visible\:ring-ring\/50:focus-visible{--tw-ring-color:color-mix(in oklab,var(--ring)50%,transparent)}}.focus-visible\:ring-offset-2:focus-visible{--tw-ring-offset-width:2px;--tw-ring-offset-shadow:var(--tw-ring-inset,)0 0 0 var(--tw-ring-offset-width)var(--tw-ring-offset-color)}.focus-visible\:ring-offset-background:focus-visible{--tw-ring-offset-color:var(--background)}.focus-visible\:outline-hidden:focus-visible{--tw-outline-style:none;outline-style:none}@media (forced-colors:active){.focus-visible\:outline-hidden:focus-visible{outline-offset:2px;outline:2px solid #0000}}.focus-visible\:outline-none:focus-visible{--tw-outline-style:none;outline-style:none}.disabled\:pointer-events-none:disabled{pointer-events:none}.disabled\:cursor-not-allowed:disabled{cursor:not-allowed}.disabled\:bg-blue-400:disabled{background-color:var(--color-blue-400)}.disabled\:opacity-50:disabled{opacity:.5}.aria-invalid\:border-destructive[aria-invalid=true]{border-color:var(--destructive)}.aria-invalid\:ring-destructive\/20[aria-invalid=true]{--tw-ring-color:var(--destructive)}@supports (color:color-mix(in lab, red, red)){.aria-invalid\:ring-destructive\/20[aria-invalid=true]{--tw-ring-color:color-mix(in oklab,var(--destructive)20%,transparent)}}.data-\[disabled\]\:pointer-events-none[data-disabled]{pointer-events:none}.data-\[disabled\]\:opacity-50[data-disabled]{opacity:.5}.data-\[inset\]\:pl-8[data-inset]{padding-left:calc(var(--spacing)*8)}.data-\[orientation\=horizontal\]\:h-1\.5[data-orientation=horizontal]{height:calc(var(--spacing)*1.5)}.data-\[orientation\=horizontal\]\:h-full[data-orientation=horizontal]{height:100%}.data-\[orientation\=horizontal\]\:h-px[data-orientation=horizontal]{height:1px}.data-\[orientation\=horizontal\]\:w-full[data-orientation=horizontal]{width:100%}.data-\[orientation\=vertical\]\:h-full[data-orientation=vertical]{height:100%}.data-\[orientation\=vertical\]\:min-h-44[data-orientation=vertical]{min-height:calc(var(--spacing)*44)}.data-\[orientation\=vertical\]\:w-1\.5[data-orientation=vertical]{width:calc(var(--spacing)*1.5)}.data-\[orientation\=vertical\]\:w-auto[data-orientation=vertical]{width:auto}.data-\[orientation\=vertical\]\:w-full[data-orientation=vertical]{width:100%}.data-\[orientation\=vertical\]\:w-px[data-orientation=vertical]{width:1px}.data-\[orientation\=vertical\]\:flex-col[data-orientation=vertical]{flex-direction:column}.data-\[placeholder\]\:text-muted-foreground[data-placeholder]{color:var(--muted-foreground)}.data-\[side\=bottom\]\:translate-y-1[data-side=bottom]{--tw-translate-y:calc(var(--spacing)*1);translate:var(--tw-translate-x)var(--tw-translate-y)}.data-\[side\=bottom\]\:slide-in-from-top-2[data-side=bottom]{--tw-enter-translate-y:calc(2*var(--spacing)*-1)}.data-\[side\=left\]\:-translate-x-1[data-side=left]{--tw-translate-x:calc(var(--spacing)*-1);translate:var(--tw-translate-x)var(--tw-translate-y)}.data-\[side\=left\]\:slide-in-from-right-2[data-side=left]{--tw-enter-translate-x:calc(2*var(--spacing))}.data-\[side\=right\]\:translate-x-1[data-side=right]{--tw-translate-x:calc(var(--spacing)*1);translate:var(--tw-translate-x)var(--tw-translate-y)}.data-\[side\=right\]\:slide-in-from-left-2[data-side=right]{--tw-enter-translate-x:calc(2*var(--spacing)*-1)}.data-\[side\=top\]\:-translate-y-1[data-side=top]{--tw-translate-y:calc(var(--spacing)*-1);translate:var(--tw-translate-x)var(--tw-translate-y)}.data-\[side\=top\]\:slide-in-from-bottom-2[data-side=top]{--tw-enter-translate-y:calc(2*var(--spacing))}.data-\[size\=default\]\:h-9[data-size=default]{height:calc(var(--spacing)*9)}.data-\[size\=sm\]\:h-8[data-size=sm]{height:calc(var(--spacing)*8)}:is(.\*\:data-\[slot\=select-value\]\:line-clamp-1>*)[data-slot=select-value]{-webkit-line-clamp:1;-webkit-box-orient:vertical;display:-webkit-box;overflow:hidden}:is(.\*\:data-\[slot\=select-value\]\:flex>*)[data-slot=select-value]{display:flex}:is(.\*\:data-\[slot\=select-value\]\:items-center>*)[data-slot=select-value]{align-items:center}:is(.\*\:data-\[slot\=select-value\]\:gap-2>*)[data-slot=select-value]{gap:calc(var(--spacing)*2)}.data-\[state\=active\]\:bg-background[data-state=active]{background-color:var(--background)}.data-\[state\=active\]\:text-foreground[data-state=active]{color:var(--foreground)}.data-\[state\=active\]\:shadow-sm[data-state=active]{--tw-shadow:0 1px 3px 0 var(--tw-shadow-color,#0000001a),0 1px 2px -1px var(--tw-shadow-color,#0000001a);box-shadow:var(--tw-inset-shadow),var(--tw-inset-ring-shadow),var(--tw-ring-offset-shadow),var(--tw-ring-shadow),var(--tw-shadow)}.data-\[state\=checked\]\:translate-x-5[data-state=checked]{--tw-translate-x:calc(var(--spacing)*5);translate:var(--tw-translate-x)var(--tw-translate-y)}.data-\[state\=checked\]\:bg-blue-500[data-state=checked]{background-color:var(--color-blue-500)}.data-\[state\=checked\]\:bg-primary[data-state=checked]{background-color:var(--primary)}.data-\[state\=checked\]\:text-primary-foreground[data-state=checked]{color:var(--primary-foreground)}.data-\[state\=closed\]\:animate-out[data-state=closed]{animation:exit var(--tw-animation-duration,var(--tw-duration,.15s))var(--tw-ease,ease)var(--tw-animation-delay,0s)var(--tw-animation-iteration-count,1)var(--tw-animation-direction,normal)var(--tw-animation-fill-mode,none)}.data-\[state\=closed\]\:fade-out-0[data-state=closed]{--tw-exit-opacity:0}.data-\[state\=closed\]\:zoom-out-95[data-state=closed]{--tw-exit-scale:.95}.data-\[state\=open\]\:animate-in[data-state=open]{animation:enter var(--tw-animation-duration,var(--tw-duration,.15s))var(--tw-ease,ease)var(--tw-animation-delay,0s)var(--tw-animation-iteration-count,1)var(--tw-animation-direction,normal)var(--tw-animation-fill-mode,none)}.data-\[state\=open\]\:bg-accent[data-state=open]{background-color:var(--accent)}.data-\[state\=open\]\:text-accent-foreground[data-state=open]{color:var(--accent-foreground)}.data-\[state\=open\]\:fade-in-0[data-state=open]{--tw-enter-opacity:0}.data-\[state\=open\]\:zoom-in-95[data-state=open]{--tw-enter-scale:.95}.data-\[state\=selected\]\:bg-muted[data-state=selected]{background-color:var(--muted)}.data-\[state\=unchecked\]\:translate-x-0[data-state=unchecked]{--tw-translate-x:calc(var(--spacing)*0);translate:var(--tw-translate-x)var(--tw-translate-y)}.data-\[state\=unchecked\]\:bg-input[data-state=unchecked]{background-color:var(--input)}.data-\[variant\=destructive\]\:text-destructive[data-variant=destructive]{color:var(--destructive)}.data-\[variant\=destructive\]\:focus\:bg-destructive\/10[data-variant=destructive]:focus{background-color:var(--destructive)}@supports (color:color-mix(in lab, red, red)){.data-\[variant\=destructive\]\:focus\:bg-destructive\/10[data-variant=destructive]:focus{background-color:color-mix(in oklab,var(--destructive)10%,transparent)}}.data-\[variant\=destructive\]\:focus\:text-destructive[data-variant=destructive]:focus{color:var(--destructive)}@media (min-width:40rem){.sm\:mb-0{margin-bottom:calc(var(--spacing)*0)}.sm\:mb-6{margin-bottom:calc(var(--spacing)*6)}.sm\:block{display:block}.sm\:h-3{height:calc(var(--spacing)*3)}.sm\:h-4{height:calc(var(--spacing)*4)}.sm\:h-5{height:calc(var(--spacing)*5)}.sm\:h-8{height:calc(var(--spacing)*8)}.sm\:h-64{height:calc(var(--spacing)*64)}.sm\:w-3{width:calc(var(--spacing)*3)}.sm\:w-4{width:calc(var(--spacing)*4)}.sm\:w-5{width:calc(var(--spacing)*5)}.sm\:w-8{width:calc(var(--spacing)*8)}.sm\:w-24{width:calc(var(--spacing)*24)}.sm\:w-36{width:calc(var(--spacing)*36)}.sm\:w-64{width:calc(var(--spacing)*64)}.sm\:w-auto{width:auto}.sm\:max-w-none{max-width:none}.sm\:min-w-\[90px\]{min-width:90px}.sm\:grid-cols-2{grid-template-columns:repeat(2,minmax(0,1fr))}.sm\:flex-row{flex-direction:row}.sm\:items-center{align-items:center}.sm\:items-start{align-items:flex-start}.sm\:justify-between{justify-content:space-between}.sm\:justify-end{justify-content:flex-end}.sm\:gap-2{gap:calc(var(--spacing)*2)}.sm\:gap-3{gap:calc(var(--spacing)*3)}.sm\:gap-4{gap:calc(var(--spacing)*4)}:where(.sm\:space-x-2>:not(:last-child)){--tw-space-x-reverse:0;margin-inline-start:calc(calc(var(--spacing)*2)*var(--tw-space-x-reverse));margin-inline-end:calc(calc(var(--spacing)*2)*calc(1 - var(--tw-space-x-reverse)))}.sm\:self-auto{align-self:auto}.sm\:p-3{padding:calc(var(--spacing)*3)}.sm\:p-4{padding:calc(var(--spacing)*4)}.sm\:p-6{padding:calc(var(--spacing)*6)}.sm\:px-0{padding-inline:calc(var(--spacing)*0)}.sm\:px-4{padding-inline:calc(var(--spacing)*4)}.sm\:px-5{padding-inline:calc(var(--spacing)*5)}.sm\:px-8{padding-inline:calc(var(--spacing)*8)}.sm\:py-4{padding-block:calc(var(--spacing)*4)}.sm\:text-left{text-align:left}.sm\:text-3xl{font-size:var(--text-3xl);line-height:var(--tw-leading,var(--text-3xl--line-height))}.sm\:text-base{font-size:var(--text-base);line-height:var(--tw-leading,var(--text-base--line-height))}.sm\:text-lg{font-size:var(--text-lg);line-height:var(--tw-leading,var(--text-lg--line-height))}.sm\:text-sm{font-size:var(--text-sm);line-height:var(--tw-leading,var(--text-sm--line-height))}.sm\:text-xs{font-size:var(--text-xs);line-height:var(--tw-leading,var(--text-xs--line-height))}}@media (min-width:48rem){.md\:block{display:block}.md\:flex{display:flex}.md\:hidden{display:none}.md\:grid-cols-2{grid-template-columns:repeat(2,minmax(0,1fr))}.md\:grid-cols-3{grid-template-columns:repeat(3,minmax(0,1fr))}.md\:text-sm{font-size:var(--text-sm);line-height:var(--tw-leading,var(--text-sm--line-height))}}@media (min-width:64rem){.lg\:fixed{position:fixed}.lg\:static{position:static}.lg\:inset-y-0{inset-block:calc(var(--spacing)*0)}.lg\:left-0{left:calc(var(--spacing)*0)}.lg\:z-50{z-index:50}.lg\:z-auto{z-index:auto}.lg\:col-span-2{grid-column:span 2/span 2}.lg\:ml-0{margin-left:calc(var(--spacing)*0)}.lg\:ml-20{margin-left:calc(var(--spacing)*20)}.lg\:ml-60{margin-left:calc(var(--spacing)*60)}.lg\:block{display:block}.lg\:flex{display:flex}.lg\:hidden{display:none}.lg\:w-16{width:calc(var(--spacing)*16)}.lg\:w-20{width:calc(var(--spacing)*20)}.lg\:w-60{width:calc(var(--spacing)*60)}.lg\:w-64{width:calc(var(--spacing)*64)}.lg\:translate-x-0{--tw-translate-x:calc(var(--spacing)*0);translate:var(--tw-translate-x)var(--tw-translate-y)}.lg\:grid-cols-2{grid-template-columns:repeat(2,minmax(0,1fr))}.lg\:grid-cols-3{grid-template-columns:repeat(3,minmax(0,1fr))}.lg\:grid-cols-4{grid-template-columns:repeat(4,minmax(0,1fr))}.lg\:flex-col{flex-direction:column}.lg\:px-0{padding-inline:calc(var(--spacing)*0)}.lg\:px-6{padding-inline:calc(var(--spacing)*6)}.lg\:px-7{padding-inline:calc(var(--spacing)*7)}}@media (min-width:80rem){.xl\:grid-cols-2{grid-template-columns:repeat(2,minmax(0,1fr))}}@media (min-width:40rem){@media (orientation:landscape){.sm\:landscape\:grid-cols-2{grid-template-columns:repeat(2,minmax(0,1fr))}}}@media (min-width:48rem){@media (orientation:landscape){.md\:landscape\:grid-cols-2{grid-template-columns:repeat(2,minmax(0,1fr))}}}.dark\:border-blue-700:is(.dark *){border-color:var(--color-blue-700)}.dark\:border-cyan-700:is(.dark *){border-color:var(--color-cyan-700)}.dark\:border-destructive:is(.dark *){border-color:var(--destructive)}.dark\:border-gray-600:is(.dark *){border-color:var(--color-gray-600)}.dark\:border-gray-700:is(.dark *){border-color:var(--color-gray-700)}.dark\:border-green-700:is(.dark *){border-color:var(--color-green-700)}.dark\:border-indigo-700:is(.dark *){border-color:var(--color-indigo-700)}.dark\:border-orange-700:is(.dark *){border-color:var(--color-orange-700)}.dark\:border-pink-700:is(.dark *){border-color:var(--color-pink-700)}.dark\:border-purple-700:is(.dark *){border-color:var(--color-purple-700)}.dark\:border-red-700:is(.dark *){border-color:var(--color-red-700)}.dark\:border-teal-700:is(.dark *){border-color:var(--color-teal-700)}.dark\:border-yellow-700:is(.dark *){border-color:var(--color-yellow-700)}.dark\:bg-blue-900:is(.dark *){background-color:var(--color-blue-900)}.dark\:bg-cyan-900:is(.dark *){background-color:var(--color-cyan-900)}.dark\:bg-destructive\/60:is(.dark *){background-color:var(--destructive)}@supports (color:color-mix(in lab, red, red)){.dark\:bg-destructive\/60:is(.dark *){background-color:color-mix(in oklab,var(--destructive)60%,transparent)}}.dark\:bg-gray-600:is(.dark *){background-color:var(--color-gray-600)}.dark\:bg-gray-700:is(.dark *){background-color:var(--color-gray-700)}.dark\:bg-gray-800:is(.dark *){background-color:var(--color-gray-800)}.dark\:bg-green-900:is(.dark *){background-color:var(--color-green-900)}.dark\:bg-indigo-900:is(.dark *){background-color:var(--color-indigo-900)}.dark\:bg-input\/30:is(.dark *){background-color:var(--input)}@supports (color:color-mix(in lab, red, red)){.dark\:bg-input\/30:is(.dark *){background-color:color-mix(in oklab,var(--input)30%,transparent)}}.dark\:bg-orange-900:is(.dark *){background-color:var(--color-orange-900)}.dark\:bg-pink-900:is(.dark *){background-color:var(--color-pink-900)}.dark\:bg-purple-900:is(.dark *){background-color:var(--color-purple-900)}.dark\:bg-red-900:is(.dark *){background-color:var(--color-red-900)}.dark\:bg-teal-900:is(.dark *){background-color:var(--color-teal-900)}.dark\:bg-yellow-900:is(.dark *){background-color:var(--color-yellow-900)}.dark\:text-blue-100:is(.dark *){color:var(--color-blue-100)}.dark\:text-blue-400:is(.dark *){color:var(--color-blue-400)}.dark\:text-gray-300:is(.dark *){color:var(--color-gray-300)}.dark\:text-gray-400:is(.dark *){color:var(--color-gray-400)}.dark\:text-green-100:is(.dark *){color:var(--color-green-100)}.dark\:text-green-400:is(.dark *){color:var(--color-green-400)}.dark\:text-indigo-100:is(.dark *){color:var(--color-indigo-100)}.dark\:text-indigo-400:is(.dark *){color:var(--color-indigo-400)}.dark\:text-orange-100:is(.dark *){color:var(--color-orange-100)}.dark\:text-orange-400:is(.dark *){color:var(--color-orange-400)}.dark\:text-purple-100:is(.dark *){color:var(--color-purple-100)}.dark\:text-purple-400:is(.dark *){color:var(--color-purple-400)}.dark\:text-red-100:is(.dark *){color:var(--color-red-100)}.dark\:text-red-400:is(.dark *){color:var(--color-red-400)}.dark\:text-white:is(.dark *){color:var(--color-white)}@media (hover:hover){.dark\:hover\:bg-gray-700:is(.dark *):hover{background-color:var(--color-gray-700)}.dark\:hover\:bg-input\/50:is(.dark *):hover{background-color:var(--input)}@supports (color:color-mix(in lab, red, red)){.dark\:hover\:bg-input\/50:is(.dark *):hover{background-color:color-mix(in oklab,var(--input)50%,transparent)}}.dark\:hover\:text-gray-200:is(.dark *):hover{color:var(--color-gray-200)}}.dark\:focus-visible\:ring-destructive\/40:is(.dark *):focus-visible{--tw-ring-color:var(--destructive)}@supports (color:color-mix(in lab, red, red)){.dark\:focus-visible\:ring-destructive\/40:is(.dark *):focus-visible{--tw-ring-color:color-mix(in oklab,var(--destructive)40%,transparent)}}.dark\:aria-invalid\:ring-destructive\/40:is(.dark *)[aria-invalid=true]{--tw-ring-color:var(--destructive)}@supports (color:color-mix(in lab, red, red)){.dark\:aria-invalid\:ring-destructive\/40:is(.dark *)[aria-invalid=true]{--tw-ring-color:color-mix(in oklab,var(--destructive)40%,transparent)}}.dark\:data-\[variant\=destructive\]\:focus\:bg-destructive\/20:is(.dark *)[data-variant=destructive]:focus{background-color:var(--destructive)}@supports (color:color-mix(in lab, red, red)){.dark\:data-\[variant\=destructive\]\:focus\:bg-destructive\/20:is(.dark *)[data-variant=destructive]:focus{background-color:color-mix(in oklab,var(--destructive)20%,transparent)}}.\[\&_p\]\:leading-relaxed p{--tw-leading:var(--leading-relaxed);line-height:var(--leading-relaxed)}.\[\&_svg\]\:pointer-events-none svg{pointer-events:none}.\[\&_svg\]\:shrink-0 svg{flex-shrink:0}.\[\&_svg\:not\(\[class\*\=\'size-\'\]\)\]\:size-4 svg:not([class*=size-]){width:calc(var(--spacing)*4);height:calc(var(--spacing)*4)}.\[\&_svg\:not\(\[class\*\=\'text-\'\]\)\]\:text-muted-foreground svg:not([class*=text-]){color:var(--muted-foreground)}.\[\&_tr\]\:border-b tr{border-bottom-style:var(--tw-border-style);border-bottom-width:1px}.\[\&_tr\:last-child\]\:border-0 tr:last-child{border-style:var(--tw-border-style);border-width:0}.\[\&\:has\(\[role\=checkbox\]\)\]\:pr-0:has([role=checkbox]){padding-right:calc(var(--spacing)*0)}:is(.\*\:\[span\]\:last\:flex>*):is(span):last-child{display:flex}:is(.\*\:\[span\]\:last\:items-center>*):is(span):last-child{align-items:center}:is(.\*\:\[span\]\:last\:gap-2>*):is(span):last-child{gap:calc(var(--spacing)*2)}:is(.data-\[variant\=destructive\]\:\*\:\[svg\]\:\!text-destructive[data-variant=destructive]>*):is(svg){color:var(--destructive)!important}.\[\&\>svg\]\:pointer-events-none>svg{pointer-events:none}.\[\&\>svg\]\:absolute>svg{position:absolute}.\[\&\>svg\]\:top-4>svg{top:calc(var(--spacing)*4)}.\[\&\>svg\]\:left-4>svg{left:calc(var(--spacing)*4)}.\[\&\>svg\]\:size-3>svg{width:calc(var(--spacing)*3);height:calc(var(--spacing)*3)}.\[\&\>svg\]\:text-destructive>svg{color:var(--destructive)}.\[\&\>svg\]\:text-foreground>svg{color:var(--foreground)}.\[\&\>svg\+div\]\:translate-y-\[-3px\]>svg+div{--tw-translate-y:-3px;translate:var(--tw-translate-x)var(--tw-translate-y)}.\[\&\>svg\~\*\]\:pl-7>svg~*{padding-left:calc(var(--spacing)*7)}.\[\&\>tr\]\:last\:border-b-0>tr:last-child{border-bottom-style:var(--tw-border-style);border-bottom-width:0}@media (hover:hover){a.\[a\&\]\:hover\:bg-accent:hover{background-color:var(--accent)}a.\[a\&\]\:hover\:bg-destructive\/90:hover{background-color:var(--destructive)}@supports (color:color-mix(in lab, red, red)){a.\[a\&\]\:hover\:bg-destructive\/90:hover{background-color:color-mix(in oklab,var(--destructive)90%,transparent)}}a.\[a\&\]\:hover\:bg-primary\/90:hover{background-color:var(--primary)}@supports (color:color-mix(in lab, red, red)){a.\[a\&\]\:hover\:bg-primary\/90:hover{background-color:color-mix(in oklab,var(--primary)90%,transparent)}}a.\[a\&\]\:hover\:bg-secondary\/90:hover{background-color:var(--secondary)}@supports (color:color-mix(in lab, red, red)){a.\[a\&\]\:hover\:bg-secondary\/90:hover{background-color:color-mix(in oklab,var(--secondary)90%,transparent)}}a.\[a\&\]\:hover\:text-accent-foreground:hover{color:var(--accent-foreground)}}}@property --tw-animation-delay{syntax:"*";inherits:false;initial-value:0s}@property --tw-animation-direction{syntax:"*";inherits:false;initial-value:normal}@property --tw-animation-duration{syntax:"*";inherits:false}@property --tw-animation-fill-mode{syntax:"*";inherits:false;initial-value:none}@property --tw-animation-iteration-count{syntax:"*";inherits:false;initial-value:1}@property --tw-enter-blur{syntax:"*";inherits:false;initial-value:0}@property --tw-enter-opacity{syntax:"*";inherits:false;initial-value:1}@property --tw-enter-rotate{syntax:"*";inherits:false;initial-value:0}@property --tw-enter-scale{syntax:"*";inherits:false;initial-value:1}@property --tw-enter-translate-x{syntax:"*";inherits:false;initial-value:0}@property --tw-enter-translate-y{syntax:"*";inherits:false;initial-value:0}@property --tw-exit-blur{syntax:"*";inherits:false;initial-value:0}@property --tw-exit-opacity{syntax:"*";inherits:false;initial-value:1}@property --tw-exit-rotate{syntax:"*";inherits:false;initial-value:0}@property --tw-exit-scale{syntax:"*";inherits:false;initial-value:1}@property --tw-exit-translate-x{syntax:"*";inherits:false;initial-value:0}@property --tw-exit-translate-y{syntax:"*";inherits:false;initial-value:0}.jodit-ui-group{flex-wrap:wrap;flex:none;max-width:100%;display:inline-flex}.jodit-ui-group_line_true{justify-content:stretch;display:flex}.jodit-ui-group_separated_true:not(:last-child):not(.jodit-ui-group_before-spacer_true):after{border-left:0;border-right:1px solid var(--jd-color-border);content:"";cursor:default;margin:2px;padding:0}.jodit-ui-group:last-child{border-bottom:0}.jodit-ui-list{flex-direction:column;display:flex}.jodit-ui-list_mode_vertical .jodit-ui-group{background-color:#0000;border:0;flex-direction:column}.jodit-ui-list_mode_vertical .jodit-toolbar-button{height:auto;min-height:var(--jd-button-size)}.jodit-ui-list_mode_vertical .jodit-toolbar-button__button{cursor:pointer;height:auto;min-height:var(--jd-button-size);width:100%}.jodit-ui-list_mode_vertical .jodit-toolbar-button__text:not(:empty){justify-content:left}.jodit-ui-separator{border-left:0;border-right:1px solid var(--jd-color-border);cursor:default;margin:2px;padding:0}.jodit-ui-break{border-top:1px solid var(--jd-color-border);flex-basis:100%;width:0;height:0!important}.jodit-ui-spacer{flex:1}.jodit-ui-button-icon-text__icon{display:none}.jodit-ui-button-icon-text__icon:not(:empty){display:inline-flex}.jodit-ui-button-icon-text__text{display:none}.jodit-ui-button-icon-text__text:not(:empty){font-family:var(--jd-font-default);font-size:var(--jd-font-size-default);text-overflow:ellipsis;flex-grow:1;justify-content:center;display:inline-flex;overflow:hidden}.jodit-ui-button-icon-text_context_menu .jodit-ui-button-icon-text__text{padding-left:var(--jd-padding-default);justify-content:left;position:relative}.jodit-ui-button-icon-text_context_menu .jodit-ui-button-icon-text__text:before{border-left:1px solid var(--jd-color-border);content:"";height:35px;left:0;top:calc(var(--jd-padding-default)*-1);position:absolute}.jodit-ui-button-icon-text__icon:not(:empty)+.jodit-ui-button-icon-text__text:not(:empty){margin-left:var(--jd-padding-default)}.jodit-ui-button-icon-text__icon:empty+.jodit-ui-button-icon-text__text:not(:empty){padding:0 var(--jd-padding-default)}.jodit-ui-button-clear,.jodit-ui-button_clear{appearance:none;box-shadow:none;box-sizing:border-box;text-align:center;text-transform:none;-webkit-user-select:none;user-select:none;background:0 0;border:0;outline:0;padding:0;font-style:normal;text-decoration:none;position:relative}.jodit-ui-button-sizes{min-width:34px;height:34px}.jodit-ui-button-sizes .jodit-icon{width:14px;height:14px}.jodit-ui-button-sizes button{appearance:none;min-width:34px;height:34px;padding:0}.jodit-ui-button-sizes_text-icons_true button{padding:0 var(--jd-padding-default)}.jodit-ui-button-sizes_size_tiny{min-width:16px;height:16px}.jodit-ui-button-sizes_size_tiny .jodit-icon{width:8px;height:8px}.jodit-ui-button-sizes_size_tiny button{appearance:none;min-width:16px;height:16px;padding:0}.jodit-ui-button-sizes_size_tiny_text-icons_true button{padding:0 var(--jd-padding-default)}.jodit-ui-button-sizes_size_xsmall{min-width:22px;height:22px}.jodit-ui-button-sizes_size_xsmall .jodit-icon{width:10px;height:10px}.jodit-ui-button-sizes_size_xsmall button{appearance:none;min-width:22px;height:22px;padding:0}.jodit-ui-button-sizes_size_xsmall_text-icons_true button{padding:0 var(--jd-padding-default)}.jodit-ui-button-sizes_size_small{min-width:28px;height:28px}.jodit-ui-button-sizes_size_small .jodit-icon{width:12px;height:12px}.jodit-ui-button-sizes_size_small button{appearance:none;min-width:28px;height:28px;padding:0}.jodit-ui-button-sizes_size_small_text-icons_true button{padding:0 var(--jd-padding-default)}.jodit-ui-button-sizes_size_large{min-width:40px;height:40px}.jodit-ui-button-sizes_size_large .jodit-icon{width:16px;height:16px}.jodit-ui-button-sizes_size_large button{appearance:none;min-width:40px;height:40px;padding:0}.jodit-ui-button-sizes_size_large_text-icons_true button{padding:0 var(--jd-padding-default)}.jodit-ui-button-variants_variant_outline{border:1px solid var(--jd-color-border)}.jodit-ui-button-variants_variant_default{color:#212529;background-color:#e3e3e3}.jodit-ui-button-variants_variant_default svg{fill:#212529;stroke:#212529}.jodit-ui-button-variants_variant_default [disabled]{opacity:.7}.jodit-ui-button-variants_variant_default:hover:not([disabled]){color:#212529;background-color:#c9cdd1}.jodit-ui-button-variants_variant_default:hover:not([disabled]) svg{fill:#212529;stroke:#212529}.jodit-ui-button-variants_variant_default:active:not([disabled]){color:#212529;background-color:#dae0e5}.jodit-ui-button-variants_variant_default:active:not([disabled]) svg{fill:#212529;stroke:#212529}.jodit-ui-button-variants_variant_default:focus:not([disabled]){outline:1px dashed #dae0e5}.jodit-ui-button-variants_variant_primary{color:#fff;background-color:#007bff}.jodit-ui-button-variants_variant_primary svg{fill:#fff;stroke:#fff}.jodit-ui-button-variants_variant_primary [disabled]{opacity:.7}.jodit-ui-button-variants_variant_primary:hover:not([disabled]){color:#fff;background-color:#0069d9}.jodit-ui-button-variants_variant_primary:hover:not([disabled]) svg{fill:#fff;stroke:#fff}.jodit-ui-button-variants_variant_primary:active:not([disabled]){color:#fff;background-color:#0062cc}.jodit-ui-button-variants_variant_primary:active:not([disabled]) svg{fill:#fff;stroke:#fff}.jodit-ui-button-variants_variant_primary:focus:not([disabled]){outline:1px dashed #0062cc}.jodit-ui-button-variants_variant_secondary{color:#212529;background-color:#d8d8d8;border-radius:0}.jodit-ui-button-variants_variant_secondary svg{fill:#212529;stroke:#212529}.jodit-ui-button-variants_variant_secondary [disabled]{opacity:.7}.jodit-ui-button-variants_variant_secondary:hover:not([disabled]){color:#212529;background-color:#c9cdd1}.jodit-ui-button-variants_variant_secondary:hover:not([disabled]) svg{fill:#212529;stroke:#212529}.jodit-ui-button-variants_variant_secondary:active:not([disabled]){color:#212529;background-color:#dae0e5}.jodit-ui-button-variants_variant_secondary:active:not([disabled]) svg{fill:#212529;stroke:#212529}.jodit-ui-button-variants_variant_secondary:focus:not([disabled]){outline:1px dashed #dae0e5}.jodit-ui-button-variants_variant_success{color:#fff;background-color:#28a745}.jodit-ui-button-variants_variant_success svg{fill:#fff;stroke:#fff}.jodit-ui-button-variants_variant_success [disabled]{opacity:.7}.jodit-ui-button-variants_variant_success:hover:not([disabled]){color:#fff;background-color:#218838}.jodit-ui-button-variants_variant_success:hover:not([disabled]) svg{fill:#fff;stroke:#fff}.jodit-ui-button-variants_variant_success:active:not([disabled]){color:#fff;background-color:#1e7e34}.jodit-ui-button-variants_variant_success:active:not([disabled]) svg{fill:#fff;stroke:#fff}.jodit-ui-button-variants_variant_success:focus:not([disabled]){outline:1px dashed #1e7e34}.jodit-ui-button-variants_variant_danger{color:#fff;background-color:#dc3545}.jodit-ui-button-variants_variant_danger svg{fill:#fff;stroke:#fff}.jodit-ui-button-variants_variant_danger [disabled]{opacity:.7}.jodit-ui-button-variants_variant_danger:hover:not([disabled]){color:#fff;background-color:#c82333}.jodit-ui-button-variants_variant_danger:hover:not([disabled]) svg{fill:#fff;stroke:#fff}.jodit-ui-button-variants_variant_danger:active:not([disabled]){color:#fff;background-color:#bd2130}.jodit-ui-button-variants_variant_danger:active:not([disabled]) svg{fill:#fff;stroke:#fff}.jodit-ui-button-variants_variant_danger:focus:not([disabled]){outline:1px dashed #bd2130}.jodit-ui-button-style{border-radius:var(--jd-border-radius-default);padding:0 var(--jd-padding-default)}.jodit-ui-button,.jodit-ui-button-style{color:var(--jd-color-text-icons);justify-content:center;align-items:center;display:inline-flex}.jodit-ui-button{appearance:none;border-radius:var(--jd-border-radius-default);box-shadow:none;box-sizing:border-box;cursor:pointer;min-width:34px;height:34px;padding:0;padding:0 var(--jd-padding-default);text-align:center;text-transform:none;-webkit-user-select:none;user-select:none;background:0 0;border:0;outline:0;font-style:normal;text-decoration:none;position:relative}.jodit-ui-button:focus-visible:not([disabled]),.jodit-ui-button:hover:not([disabled]){background-color:var(--jd-color-button-background-hover);opacity:1;outline:0}.jodit-ui-button:active:not([disabled]),.jodit-ui-button[aria-pressed=true]:not([disabled]){background-color:var(--jd-color-button-background-hover-opacity40);outline:0}.jodit-ui-button[aria-pressed=true]:hover:not([disabled]){background-color:var(--jd-color-button-background-hover-opacity60)}.jodit-ui-button[disabled]{opacity:.3;pointer-events:none}.jodit-ui-button .jodit-icon{width:14px;height:14px}.jodit-ui-button button{appearance:none;min-width:34px;height:34px;padding:0}.jodit-ui-button_text-icons_true button{padding:0 var(--jd-padding-default)}.jodit-ui-button_size_tiny{min-width:16px;height:16px}.jodit-ui-button_size_tiny .jodit-icon{width:8px;height:8px}.jodit-ui-button_size_tiny button{appearance:none;min-width:16px;height:16px;padding:0}.jodit-ui-button_size_tiny_text-icons_true button{padding:0 var(--jd-padding-default)}.jodit-ui-button_size_xsmall{min-width:22px;height:22px}.jodit-ui-button_size_xsmall .jodit-icon{width:10px;height:10px}.jodit-ui-button_size_xsmall button{appearance:none;min-width:22px;height:22px;padding:0}.jodit-ui-button_size_xsmall_text-icons_true button{padding:0 var(--jd-padding-default)}.jodit-ui-button_size_small{min-width:28px;height:28px}.jodit-ui-button_size_small .jodit-icon{width:12px;height:12px}.jodit-ui-button_size_small button{appearance:none;min-width:28px;height:28px;padding:0}.jodit-ui-button_size_small_text-icons_true button{padding:0 var(--jd-padding-default)}.jodit-ui-button_size_large{min-width:40px;height:40px}.jodit-ui-button_size_large .jodit-icon{width:16px;height:16px}.jodit-ui-button_size_large button{appearance:none;min-width:40px;height:40px;padding:0}.jodit-ui-button_size_large_text-icons_true button{padding:0 var(--jd-padding-default)}.jodit-ui-button__icon{display:none}.jodit-ui-button__icon:not(:empty){display:inline-flex}.jodit-ui-button__text{display:none}.jodit-ui-button__text:not(:empty){font-family:var(--jd-font-default);font-size:var(--jd-font-size-default);text-overflow:ellipsis;flex-grow:1;justify-content:center;display:inline-flex;overflow:hidden}.jodit-ui-button_context_menu .jodit-ui-button__text{padding-left:var(--jd-padding-default);justify-content:left;position:relative}.jodit-ui-button_context_menu .jodit-ui-button__text:before{border-left:1px solid var(--jd-color-border);content:"";height:35px;left:0;top:calc(var(--jd-padding-default)*-1);position:absolute}.jodit-ui-button__icon:not(:empty)+.jodit-ui-button__text:not(:empty){margin-left:var(--jd-padding-default)}.jodit-ui-button__icon:empty+.jodit-ui-button__text:not(:empty){padding:0 var(--jd-padding-default)}.jodit-ui-button:focus:not([disabled]){outline:1px dashed var(--jd-color-background-selection)}.jodit-ui-button_variant_outline{border:1px solid var(--jd-color-border)}.jodit-ui-button_variant_default{color:#212529;background-color:#e3e3e3}.jodit-ui-button_variant_default svg{fill:#212529;stroke:#212529}.jodit-ui-button_variant_default [disabled]{opacity:.7}.jodit-ui-button_variant_default:hover:not([disabled]){color:#212529;background-color:#c9cdd1}.jodit-ui-button_variant_default:hover:not([disabled]) svg{fill:#212529;stroke:#212529}.jodit-ui-button_variant_default:active:not([disabled]){color:#212529;background-color:#dae0e5}.jodit-ui-button_variant_default:active:not([disabled]) svg{fill:#212529;stroke:#212529}.jodit-ui-button_variant_default:focus:not([disabled]){outline:1px dashed #dae0e5}.jodit-ui-button_variant_primary{color:#fff;background-color:#007bff}.jodit-ui-button_variant_primary svg{fill:#fff;stroke:#fff}.jodit-ui-button_variant_primary [disabled]{opacity:.7}.jodit-ui-button_variant_primary:hover:not([disabled]){color:#fff;background-color:#0069d9}.jodit-ui-button_variant_primary:hover:not([disabled]) svg{fill:#fff;stroke:#fff}.jodit-ui-button_variant_primary:active:not([disabled]){color:#fff;background-color:#0062cc}.jodit-ui-button_variant_primary:active:not([disabled]) svg{fill:#fff;stroke:#fff}.jodit-ui-button_variant_primary:focus:not([disabled]){outline:1px dashed #0062cc}.jodit-ui-button_variant_secondary{color:#212529;background-color:#d8d8d8;border-radius:0}.jodit-ui-button_variant_secondary svg{fill:#212529;stroke:#212529}.jodit-ui-button_variant_secondary [disabled]{opacity:.7}.jodit-ui-button_variant_secondary:hover:not([disabled]){color:#212529;background-color:#c9cdd1}.jodit-ui-button_variant_secondary:hover:not([disabled]) svg{fill:#212529;stroke:#212529}.jodit-ui-button_variant_secondary:active:not([disabled]){color:#212529;background-color:#dae0e5}.jodit-ui-button_variant_secondary:active:not([disabled]) svg{fill:#212529;stroke:#212529}.jodit-ui-button_variant_secondary:focus:not([disabled]){outline:1px dashed #dae0e5}.jodit-ui-button_variant_success{color:#fff;background-color:#28a745}.jodit-ui-button_variant_success svg{fill:#fff;stroke:#fff}.jodit-ui-button_variant_success [disabled]{opacity:.7}.jodit-ui-button_variant_success:hover:not([disabled]){color:#fff;background-color:#218838}.jodit-ui-button_variant_success:hover:not([disabled]) svg{fill:#fff;stroke:#fff}.jodit-ui-button_variant_success:active:not([disabled]){color:#fff;background-color:#1e7e34}.jodit-ui-button_variant_success:active:not([disabled]) svg{fill:#fff;stroke:#fff}.jodit-ui-button_variant_success:focus:not([disabled]){outline:1px dashed #1e7e34}.jodit-ui-button_variant_danger{color:#fff;background-color:#dc3545}.jodit-ui-button_variant_danger svg{fill:#fff;stroke:#fff}.jodit-ui-button_variant_danger [disabled]{opacity:.7}.jodit-ui-button_variant_danger:hover:not([disabled]){color:#fff;background-color:#c82333}.jodit-ui-button_variant_danger:hover:not([disabled]) svg{fill:#fff;stroke:#fff}.jodit-ui-button_variant_danger:active:not([disabled]){color:#fff;background-color:#bd2130}.jodit-ui-button_variant_danger:active:not([disabled]) svg{fill:#fff;stroke:#fff}.jodit-ui-button_variant_danger:focus:not([disabled]){outline:1px dashed #bd2130}.jodit-ui-button-group{margin-bottom:var(--jd-padding-default)}.jodit-ui-button-group__label{color:var(--jd-color-label);margin-bottom:calc(var(--jd-padding-default)/4);font-size:.8em;display:block}.jodit-ui-button-group__options{justify-content:flex-start;display:flex}.jodit-ui-button-group .jodit-ui-button:not(:last-child){border-top-right-radius:0;border-bottom-right-radius:0}.jodit-ui-button-group .jodit-ui-button+.jodit-ui-button{border-left:1px solid var(--jd-color-button-background-hover-opacity40);border-top-left-radius:0;border-bottom-left-radius:0}.jodit-ui-button-group .jodit-ui-button[aria-pressed=true]:not([disabled]){background-color:var(--jd-color-button-background-hover);box-shadow:inset 0 0 3px 0 var(--jd-color-dark);color:var(--jd-color-dark);border-left:0;outline:0}.jodit-ui-button-group .jodit-ui-button[aria-pressed=true]:not([disabled])+.jodit-ui-button{border:0}:root{--jd-tooltip-color:#fff;--jd-tooltip-background-color:#000000b3;--jd-tooltip-sfx-shadow:#00000026;--jd-tooltip-border-width:0;--jd-tooltip-border-color:#e5e5e5}.jodit-ui-tooltip{background-clip:padding-box;background-color:var(--jd-tooltip-background-color);box-shadow:0 0 0 var(--jd-tooltip-border-width)var(--jd-tooltip-border-color),0 8px 20px var(--jd-tooltip-border-width)var(--jd-tooltip-sfx-shadow);color:var(--jd-tooltip-color);font-family:var(--jd-font-default);font-size:var(--jd-font-size-small);opacity:0;pointer-events:none;max-width:120px;text-rendering:optimizelegibility;transform:translate(-50%,calc(var(--jd-padding-default)/2));-webkit-user-select:none;user-select:none;white-space:normal;width:auto;z-index:var(--jd-z-index-tooltip);border-radius:4px;outline:none;line-height:1.4;transition:opacity .2s;animation-timing-function:ease-out;animation-fill-mode:forwards;position:fixed}@media (max-width:768px){.jodit-ui-tooltip{display:none}}.jodit-ui-tooltip__content{padding:calc(var(--jd-padding-default)/2)calc(var(--jd-padding-default)*1.5)}.jodit-ui-tooltip.jodit-ui-tooltip_visible_true{opacity:1}.jodit-ui-block{margin-bottom:var(--jd-padding-default);justify-content:stretch;align-items:center;display:flex}.jodit-ui-block_width_full{width:100%}.jodit-ui-block_align_full{justify-content:space-between}.jodit-ui-block_align_right{justify-content:flex-end}.jodit-ui-block_padding_true{padding:var(--jd-padding-default)}.jodit-ui-label{color:var(--jd-color-label);margin-bottom:calc(var(--jd-padding-default)/4);font-size:.8em;display:block}.jodit-ui-input{margin-bottom:var(--jd-padding-default);flex-direction:column;display:flex}.jodit-ui-input__input{appearance:none;background-color:var(--jd-color-white);box-sizing:border-box;font-family:var(--jd-font-default);font-size:var(--jd-font-size-default);height:var(--jd-input-height);padding:0 var(--jd-padding-default);border:0;border-radius:0;outline:none;width:100%;line-height:1.2}.jodit-ui-input__input[disabled]{color:var(--jd-color-border);background-color:#f0f0f0}.jodit-ui-input__input_has-error_true{border-color:var(--jd-color-red)}.jodit-ui-input__input:focus{outline:0}.jodit-ui-input_theme_dark .jodit-ui-input__input{background-color:var(--jd-color-gray)}.jodit-ui-input_has-error_true .jodit-ui-input__input{border-color:var(--jd-color-red)}.jodit-ui-input__error,.jodit-ui-input__label{color:var(--jd-color-label);margin-bottom:calc(var(--jd-padding-default)/4);font-size:.8em;display:block}.jodit-ui-input__error,.jodit-ui-input_has-error_true .jodit-ui-input__label{color:var(--jd-color-error)}.jodit-ui-input__wrapper{background-color:var(--jd-color-white);border:1px solid var(--jd-color-border);justify-content:stretch;align-items:center;min-width:200px;display:flex}@media (max-width:480px){.jodit-ui-input__wrapper{min-width:140px}}.jodit-ui-input_theme_dark .jodit-ui-input__wrapper{background-color:var(--jd-color-gray);border-color:var(--jd-color-border)}.jodit-ui-input_focused_true .jodit-ui-input__wrapper{border-color:var(--jd-color-border-selected)}.jodit-ui-input__icon:not(:empty){padding:0 var(--jd-padding-default);align-items:center;display:flex}.jodit-ui-input__icon:not(:empty) svg{width:16px;height:16px;fill:var(--jd-color-border)}.jodit-ui-input__icon:not(:empty)+.jodit-ui-input__input{padding-left:0}.jodit-ui-input__clear{opacity:.8;padding:0 var(--jd-padding-default)0 0;align-items:center;display:flex}.jodit-ui-input__clear:active{opacity:1;transform:scale(1.1)}.jodit-ui-input__clear svg{width:12px;height:12px;fill:var(--jd-color-border)}.jodit-ui-input_theme_dark .jodit-ui-input__clear svg,.jodit-ui-input_theme_dark .jodit-ui-input__icon svg{fill:var(--jd-color-dark)}.jodit-ui-block .jodit-ui-input{margin-bottom:0}.jodit-ui-select{margin-bottom:var(--jd-padding-default);flex-direction:column;display:flex}.jodit-ui-select__input{appearance:none;background-color:var(--jd-color-white);box-sizing:border-box;font-family:var(--jd-font-default);font-size:var(--jd-font-size-default);height:var(--jd-input-height);padding:0 var(--jd-padding-default);border:0;border-radius:0;outline:none;width:100%;line-height:1.2}.jodit-ui-select__input[disabled]{color:var(--jd-color-border);background-color:#f0f0f0}.jodit-ui-select__input_has-error_true{border-color:var(--jd-color-red)}.jodit-ui-select__input:focus{outline:0}.jodit-ui-select_theme_dark .jodit-ui-select__input{background-color:var(--jd-color-gray)}.jodit-ui-select_has-error_true .jodit-ui-select__input{border-color:var(--jd-color-red)}.jodit-ui-select__error,.jodit-ui-select__label{color:var(--jd-color-label);margin-bottom:calc(var(--jd-padding-default)/4);font-size:.8em;display:block}.jodit-ui-select__error,.jodit-ui-select_has-error_true .jodit-ui-select__label{color:var(--jd-color-error)}.jodit-ui-select__wrapper{background-color:var(--jd-color-white);border:1px solid var(--jd-color-border);justify-content:stretch;align-items:center;min-width:200px;display:flex}@media (max-width:480px){.jodit-ui-select__wrapper{min-width:140px}}.jodit-ui-select_theme_dark .jodit-ui-select__wrapper{background-color:var(--jd-color-gray);border-color:var(--jd-color-border)}.jodit-ui-select_focused_true .jodit-ui-select__wrapper{border-color:var(--jd-color-border-selected)}.jodit-ui-select__icon:not(:empty){padding:0 var(--jd-padding-default);align-items:center;display:flex}.jodit-ui-select__icon:not(:empty) svg{width:16px;height:16px;fill:var(--jd-color-border)}.jodit-ui-select__icon:not(:empty)+.jodit-ui-select__input{padding-left:0}.jodit-ui-select__clear{opacity:.8;padding:0 var(--jd-padding-default)0 0;align-items:center;display:flex}.jodit-ui-select__clear:active{opacity:1;transform:scale(1.1)}.jodit-ui-select__clear svg{width:12px;height:12px;fill:var(--jd-color-border)}.jodit-ui-select_theme_dark .jodit-ui-select__clear svg,.jodit-ui-select_theme_dark .jodit-ui-select__icon svg{fill:var(--jd-color-dark)}.jodit-ui-select__input{padding-right:calc(var(--jd-padding-default)*2);background-image:url(data:image/svg+xml;base64,PHN2ZyB4bWxucz0iaHR0cDovL3d3dy53My5vcmcvMjAwMC9zdmciIGlkPSJMYXllcl8xIiBkYXRhLW5hbWU9IkxheWVyIDEiIHZpZXdCb3g9IjAgMCA0Ljk1IDEwIj48ZGVmcz48c3R5bGU+LmNscy0ye2ZpbGw6IzQ0NH08L3N0eWxlPjwvZGVmcz48dGl0bGU+YXJyb3dzPC90aXRsZT48cGF0aCBkPSJNMCAwaDQuOTV2MTBIMHoiIHN0eWxlPSJmaWxsOiNmZmYiLz48cGF0aCBkPSJtMS40MSA0LjY3IDEuMDctMS40OSAxLjA2IDEuNDl6TTMuNTQgNS4zMyAyLjQ4IDYuODIgMS40MSA1LjMzeiIgY2xhc3M9ImNscy0yIi8+PC9zdmc+);background-position:98%;background-repeat:no-repeat}.jodit-ui-select_size_tiny{margin-bottom:0}.jodit-ui-select_size_tiny .jodit-ui-select__input{--jd-height:calc(var(--jd-input-height)/1.8);height:var(--jd-height);line-height:var(--jd-height)}.jodit-ui-select_variant_outline .jodit-ui-select__wrapper{border:0}.jodit-ui-select_variant_outline .jodit-ui-select__wrapper select{outline:0}.jodit-ui-select_width_auto{width:auto}.jodit-ui-select_width_auto .jodit-ui-select__wrapper{min-width:auto}.jodit-ui-text-area{margin-bottom:var(--jd-padding-default);flex-direction:column;width:100%;display:flex}.jodit-ui-text-area__input{appearance:none;background-color:var(--jd-color-white);box-sizing:border-box;font-family:var(--jd-font-default);font-size:var(--jd-font-size-default);height:var(--jd-input-height);padding:0 var(--jd-padding-default);border:0;border-radius:0;outline:none;width:100%;line-height:1.2}.jodit-ui-text-area__input[disabled]{color:var(--jd-color-border);background-color:#f0f0f0}.jodit-ui-text-area__input_has-error_true{border-color:var(--jd-color-red)}.jodit-ui-text-area__input:focus{outline:0}.jodit-ui-text-area_theme_dark .jodit-ui-text-area__input{background-color:var(--jd-color-gray)}.jodit-ui-text-area_has-error_true .jodit-ui-text-area__input{border-color:var(--jd-color-red)}.jodit-ui-text-area__error,.jodit-ui-text-area__label{color:var(--jd-color-label);margin-bottom:calc(var(--jd-padding-default)/4);font-size:.8em;display:block}.jodit-ui-text-area__error,.jodit-ui-text-area_has-error_true .jodit-ui-text-area__label{color:var(--jd-color-error)}.jodit-ui-text-area__wrapper{background-color:var(--jd-color-white);border:1px solid var(--jd-color-border);justify-content:stretch;align-items:center;min-width:200px;display:flex}@media (max-width:480px){.jodit-ui-text-area__wrapper{min-width:140px}}.jodit-ui-text-area_theme_dark .jodit-ui-text-area__wrapper{background-color:var(--jd-color-gray);border-color:var(--jd-color-border)}.jodit-ui-text-area_focused_true .jodit-ui-text-area__wrapper{border-color:var(--jd-color-border-selected)}.jodit-ui-text-area__icon:not(:empty){padding:0 var(--jd-padding-default);align-items:center;display:flex}.jodit-ui-text-area__icon:not(:empty) svg{width:16px;height:16px;fill:var(--jd-color-border)}.jodit-ui-text-area__icon:not(:empty)+.jodit-ui-text-area__input{padding-left:0}.jodit-ui-text-area__clear{opacity:.8;padding:0 var(--jd-padding-default)0 0;align-items:center;display:flex}.jodit-ui-text-area__clear:active{opacity:1;transform:scale(1.1)}.jodit-ui-text-area__clear svg{width:12px;height:12px;fill:var(--jd-color-border)}.jodit-ui-text-area_theme_dark .jodit-ui-text-area__clear svg,.jodit-ui-text-area_theme_dark .jodit-ui-text-area__icon svg{fill:var(--jd-color-dark)}.jodit-ui-text-area__wrapper{flex:1}.jodit-ui-text-area__input{height:100%;min-height:60px;padding:var(--jd-padding-default)}.jodit-ui-checkbox{margin-bottom:var(--jd-padding-default);flex-direction:row-reverse;justify-content:flex-end;align-items:center;display:flex}.jodit-ui-checkbox__input{margin-right:var(--jd-padding-default)}.jodit-ui-checkbox_switch_true .jodit-ui-checkbox__wrapper{height:34px;margin-right:var(--jd-padding-default);width:60px;display:inline-block;position:relative}.jodit-ui-checkbox_switch_true .jodit-ui-checkbox__wrapper input{opacity:0;width:0;height:0}.jodit-ui-checkbox_switch_true .jodit-ui-checkbox__switch-slider{cursor:pointer;background-color:#ccc;border-radius:34px;transition:all .4s;position:absolute;inset:0}.jodit-ui-checkbox_switch_true .jodit-ui-checkbox__switch-slider:before{content:"";background-color:#fff;border-radius:50%;width:26px;height:26px;transition:all .4s;position:absolute;bottom:4px;left:4px}.jodit-ui-checkbox_switch_true.jodit-ui-checkbox_checked_true .jodit-ui-checkbox__switch-slider{background-color:#2196f3}.jodit-ui-checkbox_switch_true.jodit-ui-checkbox_checked_true .jodit-ui-checkbox__switch-slider:before{transform:translate(26px)}.jodit-ui-checkbox_switch_true.jodit-ui-checkbox_focused_true .jodit-ui-checkbox__switch-slider{box-shadow:0 0 1px #2196f3}.jodit-ui-block .jodit-ui-checkbox{margin-bottom:0}.jodit-ui-file-input{position:relative;overflow:hidden}.jodit-ui-file-input__input{cursor:pointer;margin:0 calc(var(--jd-padding-default)*-1)0 0;opacity:0;padding:0;font-size:400px;position:absolute;top:0;bottom:0;right:0}:root{--jd-popup-box-shadow:0 4px 1px -2px #4c4c4c33,0 3px 3px 0 #4c4c4c26,0 1px 4px 0 #4c4c4c21;--jd-popup-max-height:max(50vh,350px)}.jodit-popup{box-shadow:var(--jd-popup-box-shadow);float:none;width:auto;max-width:none;height:auto;z-index:var(--jd-z-index-popup);background:0 0;border:0;outline:0;margin:0;padding:0;display:inline-block;position:fixed;transform:translateZ(0)}.jodit-popup__content{background:var(--jd-color-background-default);font-family:var(--jd-font-default);font-size:var(--jd-font-size-default);max-height:var(--jd-popup-max-height,400px);padding:var(--jd-padding-default);overflow-scrolling:touch;overflow:auto}.jodit-popup_padding_false .jodit-popup__content{padding:0}.jodit-popup_max-height_false .jodit-popup__content{max-height:fit-content}@keyframes a{30%{opacity:.6}60%{opacity:0}to{opacity:.6}}.jodit-progress-bar{opacity:.7;z-index:2147483647;border-radius:1px;height:2px;position:absolute;top:0;left:0}.jodit-progress-bar div{background:var(--jd-color-background-progress);will-change:width,opacity;height:2px;transition:width .5s ease-out,opacity .5s linear;position:relative}.jodit-progress-bar div:after,.jodit-progress-bar div:before{box-shadow:var(--jd-color-background-progress)1px 0 6px 1px;content:"";opacity:.6;border-radius:100%;height:2px;animation:2s ease-out infinite a;display:inline-block;position:absolute;top:0}.jodit-progress-bar div:before{clip:rect(-6px,90px,14px,-6px);width:180px;right:-80px}.jodit-progress-bar div:after{clip:rect(-6px,22px,14px,var(--jd-padding-default));width:20px;right:0}:root{--jd-em-color-border:#b6d4fe;--jd-em-color-bg:#cfe2ff;--jd-em-color-color:#084298;--jd-em-border-radius:.375rem;--jd-em-padding:.5rem 1rem;--jd-em-font-size:1rem}.jodit-ui-messages{z-index:3;width:0;height:0;position:absolute;bottom:0;right:0;overflow:visible}.jodit-ui-message{background:var(--jd-em-color-bg);border:1px solid var(--jd-em-color-border);border-radius:var(--jd-em-border-radius);color:var(--jd-em-color-color);cursor:pointer;font-size:var(--jd-em-font-size);opacity:0;padding:var(--jd-em-padding);bottom:0;right:calc(var(--jd-padding-default)/2);white-space:pre;transition:opacity .1s linear,bottom .3s linear,transform .1s ease-out;display:block;position:absolute}.jodit-ui-message_active_true{opacity:1}.jodit-ui-message:active{transform:scale(.76)}.jodit-ui-message_variant_secondary{--jd-em-color-border:#d3d6d8;--jd-em-color-bg:#e2e3e5;--jd-em-color-color:#41464b}.jodit-ui-message_variant_danger,.jodit-ui-message_variant_error,.jodit-ui-message_variant_secondary{background:var(--jd-em-color-bg);border-color:var(--jd-em-color-border);color:var(--jd-em-color-color)}.jodit-ui-message_variant_danger,.jodit-ui-message_variant_error{--jd-em-color-border:#f5c2c7;--jd-em-color-bg:#f8d7da;--jd-em-color-color:#842029}.jodit-ui-message_variant_success{--jd-em-color-border:#badbcc;--jd-em-color-bg:#d1e7dd;--jd-em-color-color:#0f5132;background:var(--jd-em-color-bg);border-color:var(--jd-em-color-border);color:var(--jd-em-color-color)}.jodit-toolbar-collection,.jodit-toolbar-editor-collection{flex-direction:column;display:flex}.jodit-toolbar-collection_mode_horizontal,.jodit-toolbar-editor-collection_mode_horizontal{background-image:repeating-linear-gradient(transparent 0,transparent calc(var(--jd-button-size) - 1px),var(--jd-color-border)var(--jd-button-size));position:relative}.jodit-toolbar-collection_mode_horizontal:after,.jodit-toolbar-editor-collection_mode_horizontal:after{background-color:var(--jd-color-background-default);content:"";width:100%;height:1px;display:block;position:absolute;bottom:0;left:0}.jodit-toolbar-collection_size_tiny,.jodit-toolbar-editor-collection_size_tiny{--jd-button-icon-size:8px}.jodit-toolbar-collection_size_tiny.jodit-toolbar-collection_mode_horizontal,.jodit-toolbar-collection_size_tiny.jodit-toolbar-editor-collection_mode_horizontal,.jodit-toolbar-editor-collection_size_tiny.jodit-toolbar-collection_mode_horizontal,.jodit-toolbar-editor-collection_size_tiny.jodit-toolbar-editor-collection_mode_horizontal{background-image:repeating-linear-gradient(transparent 0,transparent 19px,var(--jd-color-border)20px)}.jodit-toolbar-collection_size_xsmall,.jodit-toolbar-editor-collection_size_xsmall{--jd-button-icon-size:10px}.jodit-toolbar-collection_size_xsmall.jodit-toolbar-collection_mode_horizontal,.jodit-toolbar-collection_size_xsmall.jodit-toolbar-editor-collection_mode_horizontal,.jodit-toolbar-editor-collection_size_xsmall.jodit-toolbar-collection_mode_horizontal,.jodit-toolbar-editor-collection_size_xsmall.jodit-toolbar-editor-collection_mode_horizontal{background-image:repeating-linear-gradient(transparent 0,transparent 25px,var(--jd-color-border)26px)}.jodit-toolbar-collection_size_small,.jodit-toolbar-editor-collection_size_small{--jd-button-icon-size:12px}.jodit-toolbar-collection_size_small.jodit-toolbar-collection_mode_horizontal,.jodit-toolbar-collection_size_small.jodit-toolbar-editor-collection_mode_horizontal,.jodit-toolbar-editor-collection_size_small.jodit-toolbar-collection_mode_horizontal,.jodit-toolbar-editor-collection_size_small.jodit-toolbar-editor-collection_mode_horizontal{background-image:repeating-linear-gradient(transparent 0,transparent 31px,var(--jd-color-border)32px)}.jodit-toolbar-collection_size_middle,.jodit-toolbar-editor-collection_size_middle{--jd-button-icon-size:14px}.jodit-toolbar-collection_size_middle.jodit-toolbar-collection_mode_horizontal,.jodit-toolbar-collection_size_middle.jodit-toolbar-editor-collection_mode_horizontal,.jodit-toolbar-editor-collection_size_middle.jodit-toolbar-collection_mode_horizontal,.jodit-toolbar-editor-collection_size_middle.jodit-toolbar-editor-collection_mode_horizontal{background-image:repeating-linear-gradient(transparent 0,transparent 37px,var(--jd-color-border)38px)}.jodit-toolbar-collection_size_large,.jodit-toolbar-editor-collection_size_large{--jd-button-icon-size:16px}.jodit-toolbar-collection_size_large.jodit-toolbar-collection_mode_horizontal,.jodit-toolbar-collection_size_large.jodit-toolbar-editor-collection_mode_horizontal,.jodit-toolbar-editor-collection_size_large.jodit-toolbar-collection_mode_horizontal,.jodit-toolbar-editor-collection_size_large.jodit-toolbar-editor-collection_mode_horizontal{background-image:repeating-linear-gradient(transparent 0,transparent 43px,var(--jd-color-border)44px)}.jodit-toolbar-collection_mode_vertical .jodit-ui-group,.jodit-toolbar-editor-collection_mode_vertical .jodit-ui-group{background-color:#0000;border:0;flex-direction:column}.jodit-toolbar-collection_mode_vertical .jodit-toolbar-button,.jodit-toolbar-editor-collection_mode_vertical .jodit-toolbar-button{height:auto;min-height:var(--jd-button-size)}.jodit-toolbar-collection_mode_vertical .jodit-toolbar-button__button,.jodit-toolbar-editor-collection_mode_vertical .jodit-toolbar-button__button{cursor:pointer;height:auto;min-height:var(--jd-button-size);width:100%}.jodit-toolbar-collection_mode_vertical .jodit-toolbar-button__text:not(:empty),.jodit-toolbar-editor-collection_mode_vertical .jodit-toolbar-button__text:not(:empty){justify-content:left}.jodit-toolbar-collection .jodit-toolbar-button,.jodit-toolbar-collection .jodit-toolbar-content,.jodit-toolbar-collection .jodit-toolbar-select,.jodit-toolbar-editor-collection .jodit-toolbar-button,.jodit-toolbar-editor-collection .jodit-toolbar-content,.jodit-toolbar-editor-collection .jodit-toolbar-select{margin:var(--jd-margin-v)1px;padding:0}.jodit-dialog .jodit-toolbar-collection_mode_horizontal,.jodit-dialog .jodit-toolbar-editor-collection_mode_horizontal{background-image:none}:root{--jd-button-trigger-size:14px}.jodit-toolbar-button{border-radius:var(--jd-border-radius-default);border:1px solid #0000;justify-content:center;align-items:center;min-width:34px;height:34px;display:flex;overflow:hidden}.jodit-toolbar-button__icon{display:none}.jodit-toolbar-button__icon:not(:empty){display:inline-flex}.jodit-toolbar-button__text{display:none}.jodit-toolbar-button__text:not(:empty){font-family:var(--jd-font-default);font-size:var(--jd-font-size-default);text-overflow:ellipsis;flex-grow:1;justify-content:center;display:inline-flex;overflow:hidden}.jodit-toolbar-button_context_menu .jodit-toolbar-button__text{padding-left:var(--jd-padding-default);justify-content:left;position:relative}.jodit-toolbar-button_context_menu .jodit-toolbar-button__text:before{border-left:1px solid var(--jd-color-border);content:"";height:35px;left:0;top:calc(var(--jd-padding-default)*-1);position:absolute}.jodit-toolbar-button__icon:not(:empty)+.jodit-toolbar-button__text:not(:empty){margin-left:var(--jd-padding-default)}.jodit-toolbar-button__icon:empty+.jodit-toolbar-button__text:not(:empty){padding:0 var(--jd-padding-default);padding:0}.jodit-toolbar-button .jodit-icon{width:14px;height:14px}.jodit-toolbar-button button{appearance:none;min-width:34px;height:34px;padding:0}.jodit-toolbar-button_text-icons_true button{padding:0 var(--jd-padding-default)}.jodit-toolbar-button_size_tiny{min-width:16px;height:16px}.jodit-toolbar-button_size_tiny .jodit-icon{width:8px;height:8px}.jodit-toolbar-button_size_tiny button{appearance:none;min-width:16px;height:16px;padding:0}.jodit-toolbar-button_size_tiny_text-icons_true button{padding:0 var(--jd-padding-default)}.jodit-toolbar-button_size_xsmall{min-width:22px;height:22px}.jodit-toolbar-button_size_xsmall .jodit-icon{width:10px;height:10px}.jodit-toolbar-button_size_xsmall button{appearance:none;min-width:22px;height:22px;padding:0}.jodit-toolbar-button_size_xsmall_text-icons_true button{padding:0 var(--jd-padding-default)}.jodit-toolbar-button_size_small{min-width:28px;height:28px}.jodit-toolbar-button_size_small .jodit-icon{width:12px;height:12px}.jodit-toolbar-button_size_small button{appearance:none;min-width:28px;height:28px;padding:0}.jodit-toolbar-button_size_small_text-icons_true button{padding:0 var(--jd-padding-default)}.jodit-toolbar-button_size_large{min-width:40px;height:40px}.jodit-toolbar-button_size_large .jodit-icon{width:16px;height:16px}.jodit-toolbar-button_size_large button{appearance:none;min-width:40px;height:40px;padding:0}.jodit-toolbar-button_size_large_text-icons_true button{padding:0 var(--jd-padding-default)}.jodit-toolbar-button__button{appearance:none;border-radius:var(--jd-border-radius-default);box-shadow:none;box-sizing:border-box;color:var(--jd-color-text-icons);cursor:pointer;padding:0;padding:0 var(--jd-padding-default);text-align:center;text-transform:none;-webkit-user-select:none;user-select:none;background:0 0;border:0;outline:0;justify-content:center;align-items:center;font-style:normal;text-decoration:none;display:inline-flex;position:relative}.jodit-toolbar-button__button:focus-visible:not([disabled]),.jodit-toolbar-button__button:hover:not([disabled]){background-color:var(--jd-color-button-background-hover);opacity:1;outline:0}.jodit-toolbar-button__button:active:not([disabled]),.jodit-toolbar-button__button[aria-pressed=true]:not([disabled]){background-color:var(--jd-color-button-background-hover-opacity40);outline:0}.jodit-toolbar-button__button[aria-pressed=true]:hover:not([disabled]){background-color:var(--jd-color-button-background-hover-opacity60)}.jodit-toolbar-button__button[disabled]{opacity:.3;pointer-events:none}.jodit-toolbar-button__trigger{border-radius:0 var(--jd-border-radius-default)var(--jd-border-radius-default)0;cursor:pointer;opacity:.4;--jd-button-trigger-size:14px;height:100%;width:calc(var(--jd-button-trigger-size,14px) + 2px);justify-content:center;align-items:center;display:flex}.jodit-toolbar-button__trigger:focus-visible:not([disabled]),.jodit-toolbar-button__trigger:hover:not([disabled]){background-color:var(--jd-color-button-background-hover);opacity:1;outline:0}.jodit-toolbar-button__trigger:active:not([disabled]),.jodit-toolbar-button__trigger[aria-pressed=true]:not([disabled]){background-color:var(--jd-color-button-background-hover-opacity40);outline:0}.jodit-toolbar-button__trigger[aria-pressed=true]:hover:not([disabled]){background-color:var(--jd-color-button-background-hover-opacity60)}.jodit-toolbar-button__trigger[disabled]{opacity:.3;pointer-events:none}.jodit-toolbar-button__trigger svg{width:calc(var(--jd-button-trigger-size,14px) - 4px)}.jodit-toolbar-button_size_tiny .jodit-toolbar-button__trigger{--jd-button-trigger-size:8px;width:calc(var(--jd-button-trigger-size,8px) + 2px)}.jodit-toolbar-button_size_tiny .jodit-toolbar-button__trigger svg{width:calc(var(--jd-button-trigger-size,8px) - 4px)}.jodit-toolbar-button_size_xsmall .jodit-toolbar-button__trigger{--jd-button-trigger-size:10px;width:calc(var(--jd-button-trigger-size,10px) + 2px)}.jodit-toolbar-button_size_xsmall .jodit-toolbar-button__trigger svg{width:calc(var(--jd-button-trigger-size,10px) - 4px)}.jodit-toolbar-button_size_small .jodit-toolbar-button__trigger{--jd-button-trigger-size:12px;width:calc(var(--jd-button-trigger-size,12px) + 2px)}.jodit-toolbar-button_size_small .jodit-toolbar-button__trigger svg{width:calc(var(--jd-button-trigger-size,12px) - 4px)}.jodit-toolbar-button_size_large .jodit-toolbar-button__trigger{--jd-button-trigger-size:16px;width:calc(var(--jd-button-trigger-size,16px) + 2px)}.jodit-toolbar-button_size_large .jodit-toolbar-button__trigger svg{width:calc(var(--jd-button-trigger-size,16px) - 4px)}.jodit-toolbar-button_with-trigger_true .jodit-toolbar-button__button{border-radius:var(--jd-border-radius-default)0 0 var(--jd-border-radius-default)}.jodit-toolbar-button_with-trigger_true:hover:not([disabled]){border-color:var(--jd-color-border)}.jodit-toolbar-button_stroke_false svg{stroke:none}.jodit-toolbar-content{appearance:none;border-radius:var(--jd-border-radius-default);box-shadow:none;box-sizing:border-box;color:var(--jd-color-text-icons);cursor:pointer;text-align:center;text-transform:none;-webkit-user-select:none;user-select:none;background:0 0;border:1px solid #0000;outline:0;justify-content:center;align-items:center;min-width:34px;height:34px;padding:0;font-style:normal;text-decoration:none;display:inline-flex;position:relative}.jodit-toolbar-content:focus-visible:not([disabled]),.jodit-toolbar-content:hover:not([disabled]){background-color:var(--jd-color-button-background-hover);opacity:1;outline:0}.jodit-toolbar-content:active:not([disabled]),.jodit-toolbar-content[aria-pressed=true]:not([disabled]){background-color:var(--jd-color-button-background-hover-opacity40);outline:0}.jodit-toolbar-content[aria-pressed=true]:hover:not([disabled]){background-color:var(--jd-color-button-background-hover-opacity60)}.jodit-toolbar-content[disabled]{opacity:.3;pointer-events:none}.jodit-toolbar-content .jodit-icon{width:14px;height:14px}.jodit-toolbar-content button{appearance:none;min-width:34px;height:34px;padding:0}.jodit-toolbar-content_text-icons_true button{padding:0 var(--jd-padding-default)}.jodit-toolbar-content_size_tiny{min-width:16px;height:16px}.jodit-toolbar-content_size_tiny .jodit-icon{width:8px;height:8px}.jodit-toolbar-content_size_tiny button{appearance:none;min-width:16px;height:16px;padding:0}.jodit-toolbar-content_size_tiny_text-icons_true button{padding:0 var(--jd-padding-default)}.jodit-toolbar-content_size_xsmall{min-width:22px;height:22px}.jodit-toolbar-content_size_xsmall .jodit-icon{width:10px;height:10px}.jodit-toolbar-content_size_xsmall button{appearance:none;min-width:22px;height:22px;padding:0}.jodit-toolbar-content_size_xsmall_text-icons_true button{padding:0 var(--jd-padding-default)}.jodit-toolbar-content_size_small{min-width:28px;height:28px}.jodit-toolbar-content_size_small .jodit-icon{width:12px;height:12px}.jodit-toolbar-content_size_small button{appearance:none;min-width:28px;height:28px;padding:0}.jodit-toolbar-content_size_small_text-icons_true button{padding:0 var(--jd-padding-default)}.jodit-toolbar-content_size_large{min-width:40px;height:40px}.jodit-toolbar-content_size_large .jodit-icon{width:16px;height:16px}.jodit-toolbar-content_size_large button{appearance:none;min-width:40px;height:40px;padding:0}.jodit-toolbar-content_size_large_text-icons_true button{padding:0 var(--jd-padding-default)}.jodit-toolbar-content__icon{display:none}.jodit-toolbar-content__icon:not(:empty){display:inline-flex}.jodit-toolbar-content__text{display:none}.jodit-toolbar-content__text:not(:empty){font-family:var(--jd-font-default);font-size:var(--jd-font-size-default);text-overflow:ellipsis;flex-grow:1;justify-content:center;display:inline-flex;overflow:hidden}.jodit-toolbar-content_context_menu .jodit-toolbar-content__text{padding-left:var(--jd-padding-default);justify-content:left;position:relative}.jodit-toolbar-content_context_menu .jodit-toolbar-content__text:before{border-left:1px solid var(--jd-color-border);content:"";height:35px;left:0;top:calc(var(--jd-padding-default)*-1);position:absolute}.jodit-toolbar-content__icon:not(:empty)+.jodit-toolbar-content__text:not(:empty){margin-left:var(--jd-padding-default)}.jodit-toolbar-content__icon:empty+.jodit-toolbar-content__text:not(:empty){padding:0 var(--jd-padding-default)}.jodit-toolbar-content:focus:not([disabled]){outline:1px dashed var(--jd-color-background-selection)}.jodit-toolbar-content_variant_outline{border:1px solid var(--jd-color-border)}.jodit-toolbar-content_variant_default{color:#212529;background-color:#e3e3e3}.jodit-toolbar-content_variant_default svg{fill:#212529;stroke:#212529}.jodit-toolbar-content_variant_default [disabled]{opacity:.7}.jodit-toolbar-content_variant_default:hover:not([disabled]){color:#212529;background-color:#c9cdd1}.jodit-toolbar-content_variant_default:hover:not([disabled]) svg{fill:#212529;stroke:#212529}.jodit-toolbar-content_variant_default:active:not([disabled]){color:#212529;background-color:#dae0e5}.jodit-toolbar-content_variant_default:active:not([disabled]) svg{fill:#212529;stroke:#212529}.jodit-toolbar-content_variant_default:focus:not([disabled]){outline:1px dashed #dae0e5}.jodit-toolbar-content_variant_primary{color:#fff;background-color:#007bff}.jodit-toolbar-content_variant_primary svg{fill:#fff;stroke:#fff}.jodit-toolbar-content_variant_primary [disabled]{opacity:.7}.jodit-toolbar-content_variant_primary:hover:not([disabled]){color:#fff;background-color:#0069d9}.jodit-toolbar-content_variant_primary:hover:not([disabled]) svg{fill:#fff;stroke:#fff}.jodit-toolbar-content_variant_primary:active:not([disabled]){color:#fff;background-color:#0062cc}.jodit-toolbar-content_variant_primary:active:not([disabled]) svg{fill:#fff;stroke:#fff}.jodit-toolbar-content_variant_primary:focus:not([disabled]){outline:1px dashed #0062cc}.jodit-toolbar-content_variant_secondary{color:#212529;background-color:#d8d8d8;border-radius:0}.jodit-toolbar-content_variant_secondary svg{fill:#212529;stroke:#212529}.jodit-toolbar-content_variant_secondary [disabled]{opacity:.7}.jodit-toolbar-content_variant_secondary:hover:not([disabled]){color:#212529;background-color:#c9cdd1}.jodit-toolbar-content_variant_secondary:hover:not([disabled]) svg{fill:#212529;stroke:#212529}.jodit-toolbar-content_variant_secondary:active:not([disabled]){color:#212529;background-color:#dae0e5}.jodit-toolbar-content_variant_secondary:active:not([disabled]) svg{fill:#212529;stroke:#212529}.jodit-toolbar-content_variant_secondary:focus:not([disabled]){outline:1px dashed #dae0e5}.jodit-toolbar-content_variant_success{color:#fff;background-color:#28a745}.jodit-toolbar-content_variant_success svg{fill:#fff;stroke:#fff}.jodit-toolbar-content_variant_success [disabled]{opacity:.7}.jodit-toolbar-content_variant_success:hover:not([disabled]){color:#fff;background-color:#218838}.jodit-toolbar-content_variant_success:hover:not([disabled]) svg{fill:#fff;stroke:#fff}.jodit-toolbar-content_variant_success:active:not([disabled]){color:#fff;background-color:#1e7e34}.jodit-toolbar-content_variant_success:active:not([disabled]) svg{fill:#fff;stroke:#fff}.jodit-toolbar-content_variant_success:focus:not([disabled]){outline:1px dashed #1e7e34}.jodit-toolbar-content_variant_danger{color:#fff;background-color:#dc3545}.jodit-toolbar-content_variant_danger svg{fill:#fff;stroke:#fff}.jodit-toolbar-content_variant_danger [disabled]{opacity:.7}.jodit-toolbar-content_variant_danger:hover:not([disabled]){color:#fff;background-color:#c82333}.jodit-toolbar-content_variant_danger:hover:not([disabled]) svg{fill:#fff;stroke:#fff}.jodit-toolbar-content_variant_danger:active:not([disabled]){color:#fff;background-color:#bd2130}.jodit-toolbar-content_variant_danger:active:not([disabled]) svg{fill:#fff;stroke:#fff}.jodit-toolbar-content_variant_danger:focus:not([disabled]){outline:1px dashed #bd2130}.jodit-toolbar-content:hover:not([disabled]){opacity:1;background-color:#0000;outline:0}.jodit-toolbar-select{--jd-color-button-background-hover-opacity40:#dbdbdb33;--jd-color-button-background-hover-opacity60:#dbdbdb1a;border-radius:var(--jd-border-radius-default);cursor:pointer;border:1px solid #0000;justify-content:space-between;align-items:center;min-width:100px;height:34px;display:flex;overflow:hidden}.jodit-toolbar-select__icon{display:none}.jodit-toolbar-select__icon:not(:empty){display:inline-flex}.jodit-toolbar-select__text{display:none}.jodit-toolbar-select__text:not(:empty){font-family:var(--jd-font-default);font-size:var(--jd-font-size-default);text-overflow:ellipsis;flex-grow:1;justify-content:center;display:inline-flex;overflow:hidden}.jodit-toolbar-select_context_menu .jodit-toolbar-select__text{padding-left:var(--jd-padding-default);justify-content:left;position:relative}.jodit-toolbar-select_context_menu .jodit-toolbar-select__text:before{border-left:1px solid var(--jd-color-border);content:"";height:35px;left:0;top:calc(var(--jd-padding-default)*-1);position:absolute}.jodit-toolbar-select__icon:not(:empty)+.jodit-toolbar-select__text:not(:empty){margin-left:var(--jd-padding-default)}.jodit-toolbar-select__icon:empty+.jodit-toolbar-select__text:not(:empty){padding:0 var(--jd-padding-default);padding:0}.jodit-toolbar-select .jodit-icon{width:14px;height:14px}.jodit-toolbar-select button{appearance:none;min-width:34px;height:34px;padding:0}.jodit-toolbar-select_text-icons_true button{padding:0 var(--jd-padding-default)}.jodit-toolbar-select_size_tiny{min-width:16px;height:16px}.jodit-toolbar-select_size_tiny .jodit-icon{width:8px;height:8px}.jodit-toolbar-select_size_tiny button{appearance:none;min-width:16px;height:16px;padding:0}.jodit-toolbar-select_size_tiny_text-icons_true button{padding:0 var(--jd-padding-default)}.jodit-toolbar-select_size_xsmall{min-width:22px;height:22px}.jodit-toolbar-select_size_xsmall .jodit-icon{width:10px;height:10px}.jodit-toolbar-select_size_xsmall button{appearance:none;min-width:22px;height:22px;padding:0}.jodit-toolbar-select_size_xsmall_text-icons_true button{padding:0 var(--jd-padding-default)}.jodit-toolbar-select_size_small{min-width:28px;height:28px}.jodit-toolbar-select_size_small .jodit-icon{width:12px;height:12px}.jodit-toolbar-select_size_small button{appearance:none;min-width:28px;height:28px;padding:0}.jodit-toolbar-select_size_small_text-icons_true button{padding:0 var(--jd-padding-default)}.jodit-toolbar-select_size_large{min-width:40px;height:40px}.jodit-toolbar-select_size_large .jodit-icon{width:16px;height:16px}.jodit-toolbar-select_size_large button{appearance:none;min-width:40px;height:40px;padding:0}.jodit-toolbar-select_size_large_text-icons_true button{padding:0 var(--jd-padding-default)}.jodit-toolbar-select__button{appearance:none;border-radius:var(--jd-border-radius-default);box-shadow:none;box-sizing:border-box;color:var(--jd-color-text-icons);cursor:pointer;padding:0;padding:0 var(--jd-padding-default);text-align:center;text-transform:none;-webkit-user-select:none;user-select:none;background:0 0;border:0;outline:0;justify-content:center;align-items:center;font-style:normal;text-decoration:none;display:inline-flex;position:relative}.jodit-toolbar-select__button:focus-visible:not([disabled]),.jodit-toolbar-select__button:hover:not([disabled]){background-color:var(--jd-color-button-background-hover);opacity:1;outline:0}.jodit-toolbar-select__button:active:not([disabled]),.jodit-toolbar-select__button[aria-pressed=true]:not([disabled]){background-color:var(--jd-color-button-background-hover-opacity40);outline:0}.jodit-toolbar-select__button[aria-pressed=true]:hover:not([disabled]){background-color:var(--jd-color-button-background-hover-opacity60)}.jodit-toolbar-select__button[disabled]{opacity:.3;pointer-events:none}.jodit-toolbar-select__trigger{border-radius:0 var(--jd-border-radius-default)var(--jd-border-radius-default)0;cursor:pointer;opacity:.4;--jd-button-trigger-size:14px;height:100%;width:calc(var(--jd-button-trigger-size,14px) + 2px);justify-content:center;align-items:center;display:flex}.jodit-toolbar-select__trigger:focus-visible:not([disabled]),.jodit-toolbar-select__trigger:hover:not([disabled]){background-color:var(--jd-color-button-background-hover);opacity:1;outline:0}.jodit-toolbar-select__trigger:active:not([disabled]),.jodit-toolbar-select__trigger[aria-pressed=true]:not([disabled]){background-color:var(--jd-color-button-background-hover-opacity40);outline:0}.jodit-toolbar-select__trigger[aria-pressed=true]:hover:not([disabled]){background-color:var(--jd-color-button-background-hover-opacity60)}.jodit-toolbar-select__trigger[disabled]{opacity:.3;pointer-events:none}.jodit-toolbar-select__trigger svg{width:calc(var(--jd-button-trigger-size,14px) - 4px)}.jodit-toolbar-select_size_tiny .jodit-toolbar-select__trigger{--jd-button-trigger-size:8px;width:calc(var(--jd-button-trigger-size,8px) + 2px)}.jodit-toolbar-select_size_tiny .jodit-toolbar-select__trigger svg{width:calc(var(--jd-button-trigger-size,8px) - 4px)}.jodit-toolbar-select_size_xsmall .jodit-toolbar-select__trigger{--jd-button-trigger-size:10px;width:calc(var(--jd-button-trigger-size,10px) + 2px)}.jodit-toolbar-select_size_xsmall .jodit-toolbar-select__trigger svg{width:calc(var(--jd-button-trigger-size,10px) - 4px)}.jodit-toolbar-select_size_small .jodit-toolbar-select__trigger{--jd-button-trigger-size:12px;width:calc(var(--jd-button-trigger-size,12px) + 2px)}.jodit-toolbar-select_size_small .jodit-toolbar-select__trigger svg{width:calc(var(--jd-button-trigger-size,12px) - 4px)}.jodit-toolbar-select_size_large .jodit-toolbar-select__trigger{--jd-button-trigger-size:16px;width:calc(var(--jd-button-trigger-size,16px) + 2px)}.jodit-toolbar-select_size_large .jodit-toolbar-select__trigger svg{width:calc(var(--jd-button-trigger-size,16px) - 4px)}.jodit-toolbar-select_with-trigger_true .jodit-toolbar-button__button{border-radius:var(--jd-border-radius-default)0 0 var(--jd-border-radius-default)}.jodit-toolbar-select_with-trigger_true:hover:not([disabled]){border-color:var(--jd-color-border)}.jodit-toolbar-select_stroke_false svg{stroke:none}.jodit-toolbar-select:focus-visible:not([disabled]),.jodit-toolbar-select:hover:not([disabled]){background-color:var(--jd-color-button-background-hover);opacity:1;outline:0}.jodit-toolbar-select:active:not([disabled]),.jodit-toolbar-select[aria-pressed=true]:not([disabled]){background-color:var(--jd-color-button-background-hover-opacity40);outline:0}.jodit-toolbar-select[aria-pressed=true]:hover:not([disabled]){background-color:var(--jd-color-button-background-hover-opacity60)}.jodit-toolbar-select[disabled]{opacity:.3;pointer-events:none}.jodit-toolbar-select__text:not(:empty){justify-content:left}.jodit-toolbar-select__button{flex:1}.jodit-toolbar__box:not(:empty){--jd-color-background-default:var(--jd-color-panel);background-color:var(--jd-color-background-default);border-bottom:1px solid var(--jd-color-border);border-radius:var(--jd-border-radius-default)var(--jd-border-radius-default)0 0;overflow:hidden}.jodit-toolbar__box:not(:empty) .jodit-toolbar-editor-collection:after{background-color:var(--jd-color-panel)}.jodit-dialog{box-sizing:border-box;font-family:var(--jd-font-default);font-size:var(--jd-font-size-default);will-change:left,top,width,height;border:0;width:0;height:0;display:none;position:absolute}.jodit-dialog_moved_true{-webkit-user-select:none;user-select:none}.jodit-dialog *{box-sizing:border-box}.jodit-dialog .jodit_elfinder,.jodit-dialog .jodit_elfinder *{box-sizing:initial}.jodit-dialog__overlay{text-align:center;white-space:nowrap;width:100%;height:100%;z-index:var(--jd-z-index-dialog-overlay);background-color:#00000080;display:none;position:fixed;top:0;left:0;overflow:auto}.jodit-dialog_static_true .jodit-dialog__overlay{display:none}.jodit-dialog_active_true,.jodit-dialog_modal_true .jodit-dialog__overlay{display:block}.jodit-dialog__panel{min-width:200px;max-width:100%;min-height:100px;max-height:100%;z-index:var(--jd-z-index-dialog);--jd-box-shadow-blur:calc(var(--jd-padding-default)*2);--jd-box-shadow-1:0 var(--jd-padding-default)var(--jd-box-shadow-blur)#00000030;box-shadow:var(--jd-box-shadow-1),0 6px 6px #0000003b;text-align:left;white-space:normal;background-color:#fff;flex-flow:column;display:flex;position:fixed;top:0;left:0}@media (max-width:480px){.jodit-dialog:not(.jodit-dialog_adaptive_false) .jodit-dialog__panel{max-width:100%;width:100%!important;height:100%!important;top:0!important;left:0!important}}.jodit-dialog_static_true{box-sizing:border-box;width:auto;height:auto;z-index:inherit;display:block;position:relative}.jodit-dialog_static_true .jodit-dialog__panel{border:1px solid var(--jd-color-border);box-shadow:none;z-index:inherit;position:relative;width:100%!important;top:auto!important;left:auto!important}.jodit-dialog_theme_dark,.jodit-dialog_theme_dark .jodit-dialog__panel{background-color:var(--jd-dark-background-darknes);color:var(--jd-dark-text-color)}.jodit-dialog__header{border-bottom:1px solid var(--jd-color-border);cursor:move;text-align:left;justify-content:space-between;min-height:50px;display:flex}.jodit-dialog__header-title,.jodit-dialog__header-toolbar{padding:0 var(--jd-padding-default);vertical-align:top;flex-shrink:3;align-items:center;margin:0;font-size:18px;font-weight:400;line-height:48px;display:flex}@media (max-width:480px){.jodit-dialog__header-toolbar{padding-left:0}}.jodit-dialog__header-button{color:#222;text-align:center;flex-basis:48px;height:48px;font-size:28px;line-height:48px;text-decoration:none;transition:background-color .2s}.jodit-dialog__header-button:hover{background-color:var(--jd-color-background-button-hover)}.jodit-dialog__header .jodit_toolbar{box-shadow:none;background:0 0;border:0}.jodit-dialog__header .jodit_toolbar>li.jodit-toolbar-button .jodit-input{padding-left:var(--jd-padding-default);width:auto}@media (max-width:480px){.jodit-dialog:not(.jodit-dialog_adaptive_false) .jodit-dialog__header{flex-direction:column}}.jodit-dialog_slim_true .jodit-dialog__header{min-height:10px}.jodit-dialog_slim_true .jodit-dialog__header-title,.jodit-dialog_slim_true .jodit-dialog__header-toolbar{padding:0 calc(var(--jd-padding-default)/4)}.jodit-dialog_theme_dark .jodit-dialog__header{border-color:var(--jd-color-dark)}.jodit-dialog_fullsize_true .jodit-dialog__header{cursor:default}.jodit-dialog__content{flex:1;min-height:100px;overflow:auto}.jodit-dialog__content .jodit-form__group{margin-bottom:calc(var(--jd-padding-default)*1.5);padding:0 var(--jd-padding-default)}.jodit-dialog__content .jodit-form__group:first-child{margin-top:var(--jd-padding-default)}.jodit-dialog__content .jodit-form__group .jodit-input_group{border-collapse:separate;width:100%;display:table}.jodit-dialog__content .jodit-form__group .jodit-input_group>*{vertical-align:middle;height:34px;display:table-cell}.jodit-dialog__content .jodit-form__group .jodit-input_group>input{margin:0!important}.jodit-dialog__content .jodit-form__group .jodit-input_group>input:not([class*=col-]){width:100%}.jodit-dialog__content .jodit-form__group .jodit-input_group-buttons{vertical-align:middle;white-space:nowrap;width:1%;font-size:0}.jodit-dialog__content .jodit-form__group .jodit-input_group-buttons>.jodit-button{border:1px solid var(--jd-color-border);border-radius:0;height:34px;margin-left:-1px;line-height:34px}.jodit-dialog__footer{padding:var(--jd-padding-default);flex-wrap:nowrap;justify-content:space-between;display:none}.jodit-dialog__footer button{margin-right:calc(var(--jd-padding-default)/2)}.jodit-dialog__footer button:last-child{margin-right:0}.jodit-dialog__column{display:flex}.jodit-dialog__resizer{display:none;position:relative}.jodit-dialog__resizer svg{cursor:nwse-resize;width:12px;height:12px;fill:var(--jd-color-gray-dark);-webkit-user-select:none;user-select:none;position:absolute;bottom:0;right:0;overflow:hidden}.jodit-dialog_resizable_true .jodit-dialog__resizer{display:block}@media (max-width:480px){.jodit-dialog__resizer{display:none}}.jodit-dialog_prompt{min-width:200px;max-width:300px;padding:var(--jd-padding-default);word-break:break-all}.jodit-dialog_prompt label{margin-bottom:calc(var(--jd-padding-default)/2);display:block}.jodit-dialog_alert{min-width:200px;max-width:300px;padding:var(--jd-padding-default);word-break:break-all}.jodit-dialog_footer_true .jodit-dialog__footer{display:flex}.jodit_fullsize .jodit-dialog__panel{width:100%!important;height:100%!important;inset:0!important}.jodit_fullsize .jodit-dialog__panel .jodit-dialog__resizer{display:none}.jodit-dialog .jodit-ui-messages{z-index:var(--jd-z-index-dialog)}.jodit-context-menu{box-shadow:var(--jd-popup-box-shadow);float:none;width:auto;max-width:none;height:auto;z-index:var(--jd-z-index-popup);z-index:var(--jd-z-index-context-menu);background:0 0;border:0;outline:0;margin:0;padding:0;display:inline-block;position:fixed;transform:translateZ(0)}.jodit-context-menu,.jodit-context-menu__content{font-family:var(--jd-font-default);font-size:var(--jd-font-size-default)}.jodit-context-menu__content{background:var(--jd-color-background-default);max-height:var(--jd-popup-max-height,400px);padding:var(--jd-padding-default);overflow-scrolling:touch;overflow:auto}.jodit-context-menu_padding_false .jodit-context-menu__content{padding:0}.jodit-context-menu_max-height_false .jodit-context-menu__content{max-height:fit-content}.jodit-context-menu .jodit-ui-button{display:flex}.jodit-context-menu button{width:100%}.jodit-context-menu_theme_dark{background-color:var(--jd-dark-background-color)}:root{--jd-image-editor-resizer-border-color:#05ff00;--jd-image-editor-resizer-target-size:padding-default;--jd-image-editor-resizer-target-border-color:#383838;--jd-image-editor-resizer-target-bg-color:#8c7878}.jodit-image-editor{height:100%;padding:var(--jd-padding-default);width:100%;overflow:hidden}@media (max-width:768px){.jodit-image-editor{height:auto}}.jodit-image-editor>div,.jodit-image-editor>div>div{height:100%}@media (max-width:768px){.jodit-image-editor>div,.jodit-image-editor>div>div{height:auto;min-height:200px}}.jodit-image-editor *{box-sizing:border-box}.jodit-image-editor .jodit-image-editor__slider-title{color:#333;cursor:pointer;text-overflow:ellipsis;text-shadow:0 1px #f3f3f3;-webkit-user-select:none;user-select:none;white-space:nowrap;background-color:#f9f9f9;border-bottom:1px solid #9e9e9e4f;padding:.8em 1em;font-weight:700;line-height:1em}.jodit-image-editor .jodit-image-editor__slider-title svg{margin-right:var(--jd-padding-default);vertical-align:middle;width:16px;display:inline-block}.jodit-image-editor .jodit-image-editor__slider-content{display:none}.jodit-image-editor .jodit-image-editor__slider.jodit-image-editor_active .jodit-image-editor__slider-title{color:#fff;text-shadow:0 1px #000;background-color:#5d5d5d}.jodit-image-editor .jodit-image-editor__slider.jodit-image-editor_active .jodit-image-editor__slider-title svg{fill:#fff}.jodit-image-editor .jodit-image-editor__slider.jodit-image-editor_active .jodit-image-editor__slider-content{display:block}.jodit-image-editor__area{background-color:#eee;background-image:linear-gradient(45deg,var(--jd-color-border)25%,transparent 25%,transparent 75%,var(--jd-color-border)75%,var(--jd-color-border)),linear-gradient(45deg,var(--jd-color-border)25%,transparent 25%,transparent 75%,var(--jd-color-border)75%,var(--jd-color-border));-webkit-user-select:none;user-select:none;background-position:0 0,15px 15px;background-size:30px 30px;width:100%;height:100%;display:none;position:relative;overflow:hidden}.jodit-image-editor__area.jodit-image-editor_active{display:block}.jodit-image-editor__area .jodit-image-editor__box{pointer-events:none;z-index:1;height:100%;position:relative;overflow:hidden}.jodit-image-editor__area .jodit-image-editor__box img{-webkit-user-select:none;user-select:none;max-width:100%;max-height:100%}.jodit-image-editor__area .jodit-image-editor__croper,.jodit-image-editor__area .jodit-image-editor__resizer{pointer-events:none;height:100px;left:20px;top:var(--jd-padding-default);z-index:2;background-repeat:no-repeat;border:1px solid #fff;width:100px;position:absolute;box-shadow:0 0 11px #000}.jodit-image-editor__area .jodit-image-editor__croper i.jodit_bottomright,.jodit-image-editor__area .jodit-image-editor__resizer i.jodit_bottomright{background-color:var(--jd-image-editor-resizer-target-bg-color);border:1px solid var(--jd-image-editor-resizer-target-border-color);bottom:calc(var(--jd-padding-default)*-1);cursor:se-resize;pointer-events:all;height:20px;right:calc(var(--jd-padding-default)*-1);z-index:4;border-radius:50%;width:20px;display:inline-block;position:absolute;box-shadow:0 0 11px #000}.jodit-image-editor__area .jodit-image-editor__croper i.jodit_bottomright:active,.jodit-image-editor__area .jodit-image-editor__resizer i.jodit_bottomright:active{border:1px solid #ff0}.jodit-image-editor__area.jodit-image-editor__area_crop{text-align:center;background:#eee;height:100%;line-height:100%;position:relative}.jodit-image-editor__area.jodit-image-editor__area_crop .jodit-image-editor__box{pointer-events:all;text-align:left;height:100%;line-height:100%;overflow:visible}.jodit-image-editor__area.jodit-image-editor__area_crop .jodit-image-editor__box img{width:100%;max-width:100%;height:100%;max-height:100%}.jodit-image-editor__area.jodit-image-editor__area_crop .jodit-image-editor__box:after{content:"";z-index:1;background:#ffffff4d;margin:auto;position:absolute;inset:0}.jodit-image-editor__area.jodit-image-editor__area_crop .jodit-image-editor__box .jodit-image-editor__croper{cursor:move;pointer-events:all}.jodit-image-editor__area.jodit-image-editor__area_crop .jodit-image-editor__box .jodit-image-editor__croper i.jodit-image-editor__sizes{color:#fff;text-align:center;text-shadow:none;white-space:pre;background:#0003;border-radius:.4em;padding:9px 6px;font-size:12px;display:block;position:absolute;bottom:-30px;left:100%}.jodit-image-editor__area.jodit-image-editor__area_crop.jodit-image-editor_active{justify-content:center;align-items:center;display:flex}.jodit-file-browser-files{overflow-anchor:auto;vertical-align:top;height:100%;display:none;position:relative}.jodit-file-browser-files .jodit-button{border-radius:0}.jodit-file-browser-files_loading_true:before{content:"";width:100%;height:100%;position:absolute;top:0;left:0}.jodit-file-browser-files_loading_true:after{content:"";height:var(--jd-icon-loader-size);margin-left:calc(var(--jd-icon-loader-size)/-2);margin-top:calc(var(--jd-icon-loader-size)/-2);opacity:.7;vertical-align:middle;width:var(--jd-icon-loader-size);will-change:transform;background:url(data:image/png;base64,iVBORw0KGgoAAAANSUhEUgAAAIAAAACACAYAAADDPmHLAAAABGdBTUEAAK/INwWK6QAAABl0RVh0U29mdHdhcmUAQWRvYmUgSW1hZ2VSZWFkeXHJZTwAABRsSURBVHja7F1/aJfVGn/33RgUg8FiNfK2WCykyS7GLoYyUbwYipZMumgLo+iPS9HlXhSHkRXdislESxMz0mapuaFo2myjkfnNlTQ2FJdTu8NvLVcrdbpcfGvxrfs823m/vXt3fjznvOedzr0PPJzzPe+7d+97Ps95nuc851fGAw884CD98ccfI1Jqmc3UpEyQz4FkMqRTgYshn8fymZ57SyGbzf5mENIOz9+ngE9Atg/SLkhPQHoWeEDn3SmpSZlJnvf7ypUrTpb7IyMjY+gGN6WWmaY84l2T3c+u58D1csjOgvwsyBdBvsDRo2zgMl/ZNM59vcAJ4Dj8nzikLa5QmBLv28YCfPd3li7gPHBMwKdcEwhCJgN6FoLOWJtUgiWovALG04FXsbI44xbgw8AplbaU/Q+ZQNgGf0gA/JWhC1aQyle1eN91rPRKKKuEsjzZvSph0m2RiutpIYRrfZC8B+l7kB6jgq0CnQIy9X39v2NYQW5FeUFQlQVN/aALyiYBPw/5M5B+Dvw02vMggqcDukEl57F3xHf9H747+4bA5oD6dzqaYEgAqIDbBl9RhvZ4H/B5yL+IDp3oXhmwNkm3lTLn80VIz+O3QFqm2/rHwgeI6QDOa006LZ3Q4lHNNwK3AVeYAD4WgmHQUivYNzWyb7xufICYaavXVbuKZ6MXfwRVJ+TnXW+Am/oMnNaO3/Y5pPitcyh/a6LqtXwAt+J01LVFEzAJ0jpIj7JunJYd1wHchnBQHUSC3Uan8WPgPVgHlBiBCcAkH4Da2i2DjwGZlcy5W0K17zLwVb9NgaY4iJpawJs+BCnWwUo3SKXT4oOAP8IHCFsIfMCguj8JaQ2kOaaA227d10ALuIR1gHVxErjctPtHBd8btSR3A4MIgSePAZxqVPeQlthq7ZRuZVABCVkLuGkJpGgKsY4ybfUEVO84qhsoAzSgrUfHZ1UQVe99B6o2oMYdwg7latAq5iROGoueQExW6UE0gCe/ANIh9SZ6jqkWsN3STZ0rHWEgpkNmEvILxqQbSAXaAPxqSBswQkbpbpo6fGPR0m3GBYjBIIwqNjCTEAr4wkBQUA0AjKNrdZCu0okAqgQhTKCDhFxV91BNgsDuYx3WQZptG3xtDUCJEDKvthGuLVEJlq4gUMyAylfQERadPrhKOHTmB3Ces4RFEXNsgW8UClbZcEhxqPQIpHOord2k1ZsAH4YvYNJXN3EgWX4Ocw4LbIEvDQSJfADJtULWxSuj+BBUP4DaC6D0DkyFg6JKTVo/5brvXqzbo2zSi3af3/9bGgrW1Ar5kH4MXEzVHEHVf5CuYZC4fti9AoI/gXX8Eda5Tp9f9I4xWWsnOoc5zNMv1okjmKp/vzay3epNJ4+YmALdoWBPWTHksc5zTU1AekqYt7LcWTruTYTZQdmQHoB0GuXv/de8L8e7xrsuA8kPNtx3AZIOxp3APc7wvD6kvi+//DLh3nvPPfegWs1jf4dBGGxpOA+hlOXzgw7VBjEBnDKcs4jzDOZDOmjqD2SJQFGBx9JaSOcQ7xVO2RIJhf86AfB+Z3huHs7Ra2pra+ugtubTp0+jMLgC0e6/ftddd6EgzMO5iGwSaq4NITCdLczy6GzXAj8KnDIxAaM0AKeViwCtgbRSNgGUJwQyDaACngO4w6S/CXgb8KEvvvgiFUaw59y5c64mWXvnnXdmsijdYxjpdP6cXh6oS0g1Bb48zpFEzValA3663pcuXaoleSzFltBIlWhRmWx+v6yMcQJ4PU7A/Oyzz/qca0R33HEHrjlAEJa73rns24JqA0keTUGTjglIJpNOxsMPP6wLfiGkx53hxRbcewwXc1BAx0u4gGMNcP2nn36acq4juv322ytZ5K7UlhBo5LER3AvcTXU60wKgYbsyWTCi3LTV6wLvKesGrvrkk0/qneucCgoKHoJkHbxvYRAhMMij/zMbVzZRTMAvv/wycj4AoRv4Mk7oII4HkLp+vC6drwxt/FrgKeMBfKTe3t69UMFTgPG9B3WcQdMeBsvjhJJqnYGqjMrKSmr/tZxNWAi87o9i+1l5O6SPNjc3dzrjlPLz83HyC/aWpqk0gWZUUHZtJvxuUZmAtAYgtHycr/a6qIXz2DQI5OH1UDRjPIOPdOHChU6o+JmQXW+68JYS4vUB/bozvN5RGAImdwPZA3AC51RKrMAfyBHFGCRBnz4oe7ypqemgc4PQxYsX0YytuOWWW3BRaa3DWd0U1A/w/Z4KvBx4jcoExAitE6dzPStr3RR/QKQ5fOUJ4PsaGxtvGPC9dOnSJfyu+7ALa9MJFPx+lkU05YNBBDVdg0uwKc4eAWCZ83cC8jM+/PDDLucGpr6+Pvy+GWz/ASs9AMFvd7ax1ATEFOBjmLdSBraN3gBwHHhmQ0NDrzMB6PLly73MUYubOs3EiB/GJebyTEB6QogCnGrV6KAFR7AVeP4HH3ww4EwgunLlCn7vfACi1UQDqMb5PWUvm5qAB3HESXNomKz2GaOHv/DAgQNJZwJSf38/fvdC3J5G1iPQnf3jK5sGvx80MQHP69hxHWZ/2wN8//vvv3/BmcD0008/XWCaoEcUJ6C0eoUWeFbXBOBCzTKKJ2/YExgEXrRv374eJyLn6tWrWA+LAJRBy+o/rQUQUx0TsFwzRKzLK/bu3dseQf8nDQwMYH2sCOL0ibx9Vr6cagIKmf0nxe8pguC7vn/Pnj2bIshH088//4z1st+m+veUI6ZFFBOwLGj/XqIh0O4/HkEtJgDmcZ4/EED9e69VKk0ACoDN1u/jqrq6uv4IZjElk0msnypbwPs0wTKVCUBnYbLuMC5REA7v3r37vQhikhBgPTWrTAEFeB9NZt3C0SbAr/6DdPM4jF7/PyNotUzBU26vgAo8x+7zri3jmgAgnOJdKYrVB9QEb+zcubMrgpVOv/76K9bXGzrACwTJfw1D+9k8EzAXOE8GviEPAK+JIDXSAlhvA7yWTWztvMfiXM65PBNQrgLfUBi2v/vuu70RnPo0ODjYC0BtN3D2VNfLR5gAz04eRn17yb0p4A0RlIEI6y+la/MV1xf4fYACSEtDiP031dbWRrY/AP32229dAGCTrs1XrHHEaesFXh+gXCfooyEM2yIIrdC2ADZ/1D1eM+CagHLJ5ExTxrl9hyLsrDiDWI99EjApgPvLRwhAmQh4HV/Axwe3bt06GMEXnFKpFK4tOBgQcH95WdoEAE01nc8Xi8VEArA3gs4q7VWpfsHaCpEg4GrnoeXhOEKUw3u4yZYqbGo4Lk2KR5hZpcOsXjO9GIm0AYFycTErmoDJVLWu0Tto3bJly0CEmT36/fffkzh/UKfVE3yLkix3Xx+v5FjYaaslgiwUZxDrdbrm38guF6EAFFKAF5kEwcFPrRFcoVCrIdAiKsSlYUWqFi/zBwTXOiKsQqGOIKe1cQRmSAPkmYIv0ADY9Yuif+GYgC5Wv9kB1L6X8lAA8k3BFwhB94YNG1IRXPYJutwpINwBpNjSI/O5AhDQGUxEUIVKCRMBEGiFIQG4yX+Daf+fPacvwihUM2Czfm/KcgMLtjZZhudEY//hks2VVJlZ7tJvi5SMMApVA9gMsOVkXYvDFiO6fggFACUqJ6qKcaMBbD5uAH2AlE0fIKJxRSnUAGizcykePtWzjOo1VA2gpa0V2CVRALBbURDwQV4qiGAKVQDyLZ571JfFum0lFqTJvScvgilUytPxAxSY9boawMbD3OtFEUahaoAinQap0gA4JSzhPswSFz733HOZEVT2KZlMYr0WesGV7KpOoQRqgG6DVi4rx5EqjFWfjSCz3vqLHd9IoGyYnoBjNwpAwhBoWXlpJAChCECpv66p5ycJBCSBcwI7daZ7E83FtAiuUGgaT/WLACaYhk4MBCVk0UDKWb2c3+URVqFogOm8OqccqMW5d+Dmm29OuGsDOyw7gmUvvfRSFBCySFevXsX6LBO1cIoG8NEQ5u7KoFbLi0Kz3fODI7JGeHbwTSJADcxCq1cAWnR39yYIQUWEmVX1X2G6SYTgnhavABwL0uoF91dUV1dnR9AFp/7+fjysq0IGvIEGODYkAOwa7t/XYXl3kDzgBRF8Vgg3eczT2SqGYP97vBoA83ELrd6/WPSJCDsr6v8Jw91BRdfS6za9ewQ1qVo9RQv47plXU1NTHEFoTpcvX8aTwueJgKdoAI4wpE8Y9e4SdtgdGLK4S1gm8L8jGAO1fqy/TNmiUE1hQIwPj9AADOQk7ugRdJ9ADj+2bt26aI6AAV26dAnr7THqnsFEYTgEnBRtFl0fwk6hOcCrIjiNaBXOAKIcuq3hG4w4fTXma+lNOEHEZFs4hcA8+eqrr0a+gAZdvHgRbf+TsrMDDMxBr2v/eT7A0L5+8HN7AKdPFhncHMGqZftfB84Wga0yBwKtsN1hk4B5PsCIrd0C2HwRz924cWNlBK2afvzxx0rX89c5Qo4gCNv85bwDI7r8XUKqynfL/KmHazZt2pQbQSymH374AffuqeEB7gWXCrzHFCCmXf5niE4NWxPkJFAJ41GmtRHMUtWP9TNJdYScgQZYo3NoFEYF21WmgAq8776KzZs3Px1BPZq+//57rJcKXhg3oClo90b/qCeHvqLjA2j6B+u2bNlSFkH+J3333XdlAMo6ntq3cJroK6K4gOzgyP2oBaj2nqIdPGXYKzjw5ptvToqgd5yenh5U+Qcgmy07UdxQA7QD7xfFClSnh68Oelag6H5n+Fj6j9566638iQz++fPn8wGMRq/dV4EviwVwrq0W9QpUJsAdINof5LRQxfNLgBu2bt06IaePffvttzjDp8EZ3r6dDL7sQEkfyAdVW82rjo9H/hdkB2y2ft89eEB149tvvz2hlqh/8803OazlTzMFX6ENcKLvU7LgEMUEuIc9vqLb+inBJE8ezyo+un379gkxaPT111/jdx4FEGbJwOd1A2VdQ9896Pj1qIJDMSJI6yHpNGnpGlHFqVgp77zzzg29tjCRSBQx8KfKWrmJBvDkO4HXU3oI7pQwFUDpc/8s9ABk14uB23bs2HFDTiU7d+7cAqj4NrbESxtojeAQYjWoOnyaqwF4AsFSnDm81lT1y2YZ+cpwLmHDzp07a3bt2nVDTCrt6urKBq5hDl8eBXCTHgGjtWxTaVK8IEYFjKWrvVPIdU8VE2kMgUCsBD6ye/fukvEM/ldffVUCFX4EsitVtl3UYjU0wDHg1dQIodQJFJShKXgE0j5dLaACn6MJkKcDH6+rq6uur68fV72EM2fO5Jw9e7YasseBp5u0cKoQsDxO9Vrqqn6R2hdGAjWEoBvSR03B9wPNA95HGDVcBXxqz549D40H8E+fPo3vecoZntGTreqzmwgBRyDw2Plu3TBxxmuvvcYFUQYwy+OQ5UoV6DITQzEJnGsdbLSyfvHixdfVptSnTp2qZMJaqtsVVtWbAiP0zap498ryt956q5OxYcMGyj/gpbhbxS5IlwSJBQQYYsZVzWtREBYtWnTN9ic+efIkOq1LmM9SZDKplioQgrJ6ZpZTVODd32kBIEoZL0UvvdFdCBoUfGo8gXM0/UHgHTireeHChaFrhePHj+N0dzxqdxnwg2xwS0vD6YIvwAOnd89nvhkZeJduu+02J2Pjxo0UKZO9GM7w+cjdFMIgCmiqAXj39bO5DPFYLNY8b948ayeXtLW1lbIT1mcxzjVZUGtqCjh44Bj/34H7ZXjJhCItAAHAd1Mc0fvcPYAqCPhBhIHDF5jP0MF2QkmwE02HTMjs2bPTpqOlpSXPVeHABSwoVcLsOebzTWZH2fADOClO7ZqB3yfDTWUSUACyiHZG9UJY0SiNH7PKIjsiqt6BooegIhTMOYxHUTweN3q26EAN/wkr3t+qvEaKczbvxzoXPcf7brL/a9oNFKXYPZzpnUpGlX6dbqHIDIRNlIWXsuibbjdQkGLdzoQ0YfJ/uJFAamsndllw19HZzDlxVGFmkcqilFnSEFotnnKNOlZPGQX0lWOdzoa01xR47nCwDtBEpwbHoedj94wy0KSKCOoIQhgaQrXZgkoYdMCXPAvrcr57WITuXEHlcLCu00cQGjza7BEcRjbRAFSNQAXXVAh0zuY1BV/Q2r3pekixnz+oGRomvVtMV9Vr3I/98RXAC73LzoM4grIWb1sIxgp8iSnAOlsIKdZhynB8QG8wiKIBDPyCQ5C9F0cRKY6gDFwZ2DaFIEzwCS3e3b/nXlzKras1dFr/KA2go/5FLVRwfzdzDtfodgupZoFqGohbqIYGPsH+Yx3NxF6V7D2omkXlmMZM1T8PDMXfoUl4BruKkHaaaANbtj2MnoEJ+L6/72RdvGe8Kt9kjqBOj4SsAUyvce7BCSV/Ba6C/EBYXcSg5oIKtqkj5ikbgLSKqfwWaheRWqZ6j1gIAFPuQW2AI3lTIN0b1CSonMSwYgCU6wqQ8NunsOHcQcozVKZIVwhiKjVuMEihY0YwevgPSDG0eUy3ezjWYOsEhRRAHWPf/A93Egc1MKTj+FGEIGZhIEgJiMzPYPlmHNxgjmLTtRSCsOw+o2YWzcNvbTYIBVsVgrQGsAW+6cCSJx9nUcS/QbrfVAjCDgQZ/P1+yOM33Q9pPMizqCaAKgSxsMCntk6B2sdVyYsh/QvwC7hriY4QhCkUGi0e3/kF/AYow29pJ8YArJkAihDEwgRfVyNw8rif7X+B74Y8qs03nOGNDq0IgQ3Afff0sXecAfm72bv3UFoxpdWbtH7V32cFcfgoLcyCEKQdJ9zVHNL/AM9ijOP808MYD/CP7UvuO8ZGP+OMB3nP4T1PNfYvey/KXAPKd2XpevA27iWYANk9g8yZamblOa5A4FQtZ/jEsjybWsBTaX1sQkbcA/iACAQd0E2EQgU8RUiyKC02qGnQjS6qwPP9LQJwiLFLuUwQcBuaIiYQuBjTPc8wk/32VtYJFq104xQnmLlJMPuNNr3fUEuQQtDUVm8DeNcc/F+AAQBKd8HaIWdjwQAAAABJRU5ErkJggg==) 50%/100% 100% no-repeat;animation:2s ease-out infinite b;display:inline-block;position:absolute;top:50%;left:50%}.jodit-file-browser-files::-webkit-scrollbar{width:calc(var(--jd-padding-default)/2)}.jodit-file-browser-files::-webkit-scrollbar-track{box-shadow:inset 0 0 6px #0000004d}.jodit-file-browser-files::-webkit-scrollbar-thumb{background-color:#a9a9a9;outline:1px solid #708090}.jodit-file-browser-files_active_true{padding:calc(var(--jd-padding-default)/2);flex-wrap:wrap;align-content:flex-start;width:100%;display:flex;overflow-y:auto}.jodit-file-browser-files__item{border:1px solid var(--jd-color-border);height:var(--jd-col-size);margin:calc(var(--jd-padding-default)/2);text-align:center;width:var(--jd-col-size);justify-content:center;align-items:center;font-size:0;transition:border .1s linear,bottom .1s linear;display:flex;position:relative;overflow:hidden}@media (max-width:480px){.jodit-file-browser-files__item{width:calc(50% - var(--jd-padding-default))}}.jodit-file-browser-files__item img{max-width:100%}.jodit-file-browser-files__item:hover{border-color:#433b5c}.jodit-file-browser-files__item_active_true{background-color:var(--jd-color-border-active);border-color:var(--jd-color-border-selected)}.jodit-file-browser-files__item_active_true .jodit-file-browser-files__item-info{background-color:var(--jd-color-border-active);color:#fff;text-shadow:none}.jodit-file-browser-files__item-info{background-color:var(--jd-info-background);color:#333;opacity:.85;text-align:left;text-shadow:0 1px #eee;white-space:normal;padding:.3em .6em;font-size:14px;line-height:16px;transition:opacity .4s;position:absolute;bottom:0;left:0;right:0;overflow:visible}.jodit-file-browser-files__item-info>span{text-overflow:ellipsis;white-space:nowrap;font-size:.75em;display:block;overflow:hidden}.jodit-file-browser-files__item-info>span.jodit-file-browser-files__item-info-filename{font-size:.9em;font-weight:700}.jodit-file-browser-files__item:hover:not(.jodit-file-browser-files__item_active_true) .jodit-file-browser-files__item-info{bottom:-100px}.jodit-file-browser-files_view_list{scroll-behavior:smooth}.jodit-file-browser-files_view_list a{text-align:left;white-space:nowrap;border-width:0 0 1px;width:100%;height:26px;margin:0;line-height:26px;display:block}.jodit-file-browser-files_view_list a img{vertical-align:middle;min-width:16px;max-width:16px;margin-left:4px;display:inline-block}.jodit-file-browser-files_view_list a .jodit-file-browser-files__item-info{height:100%;font-size:0;line-height:inherit;vertical-align:middle;background-color:#0000;width:calc(100% - 20px);margin-left:4px;padding:0;display:inline-block;position:static}.jodit-file-browser-files_view_list a .jodit-file-browser-files__item-info>span{height:100%;font-size:12px;display:inline-block}.jodit-file-browser-files_view_list a .jodit-file-browser-files__item-info-filename{width:50%}.jodit-file-browser-files_view_list a .jodit-file-browser-files__item-info-filechanged,.jodit-file-browser-files_view_list a .jodit-file-browser-files__item-info-filesize{width:25%}.jodit-file-browser-files_view_list a:hover{background-color:#433b5c}.jodit-file-browser-files_view_list a:hover .jodit-file-browser-files__item-info{color:#fff;text-shadow:none}.jodit-file-browser-files_view_list a:before{content:"";vertical-align:middle;height:100%;display:inline-block}:root{--jd-color-folder-title:#b1b1b1}.jodit-file-browser-tree{--jd-color-background-filebrowser-folders:#3f3f3f;overflow-anchor:auto;vertical-align:top;height:100%;display:none;position:relative}.jodit-file-browser-tree .jodit-button{border-radius:0}.jodit-file-browser-tree_loading_true:before{content:"";width:100%;height:100%;position:absolute;top:0;left:0}.jodit-file-browser-tree_loading_true:after{content:"";height:var(--jd-icon-loader-size);margin-left:calc(var(--jd-icon-loader-size)/-2);margin-top:calc(var(--jd-icon-loader-size)/-2);opacity:.7;vertical-align:middle;width:var(--jd-icon-loader-size);will-change:transform;background:url(data:image/png;base64,iVBORw0KGgoAAAANSUhEUgAAAIAAAACACAYAAADDPmHLAAAABGdBTUEAAK/INwWK6QAAABl0RVh0U29mdHdhcmUAQWRvYmUgSW1hZ2VSZWFkeXHJZTwAABRsSURBVHja7F1/aJfVGn/33RgUg8FiNfK2WCykyS7GLoYyUbwYipZMumgLo+iPS9HlXhSHkRXdislESxMz0mapuaFo2myjkfnNlTQ2FJdTu8NvLVcrdbpcfGvxrfs823m/vXt3fjznvOedzr0PPJzzPe+7d+97Ps95nuc851fGAw884CD98ccfI1Jqmc3UpEyQz4FkMqRTgYshn8fymZ57SyGbzf5mENIOz9+ngE9Atg/SLkhPQHoWeEDn3SmpSZlJnvf7ypUrTpb7IyMjY+gGN6WWmaY84l2T3c+u58D1csjOgvwsyBdBvsDRo2zgMl/ZNM59vcAJ4Dj8nzikLa5QmBLv28YCfPd3li7gPHBMwKdcEwhCJgN6FoLOWJtUgiWovALG04FXsbI44xbgw8AplbaU/Q+ZQNgGf0gA/JWhC1aQyle1eN91rPRKKKuEsjzZvSph0m2RiutpIYRrfZC8B+l7kB6jgq0CnQIy9X39v2NYQW5FeUFQlQVN/aALyiYBPw/5M5B+Dvw02vMggqcDukEl57F3xHf9H747+4bA5oD6dzqaYEgAqIDbBl9RhvZ4H/B5yL+IDp3oXhmwNkm3lTLn80VIz+O3QFqm2/rHwgeI6QDOa006LZ3Q4lHNNwK3AVeYAD4WgmHQUivYNzWyb7xufICYaavXVbuKZ6MXfwRVJ+TnXW+Am/oMnNaO3/Y5pPitcyh/a6LqtXwAt+J01LVFEzAJ0jpIj7JunJYd1wHchnBQHUSC3Uan8WPgPVgHlBiBCcAkH4Da2i2DjwGZlcy5W0K17zLwVb9NgaY4iJpawJs+BCnWwUo3SKXT4oOAP8IHCFsIfMCguj8JaQ2kOaaA227d10ALuIR1gHVxErjctPtHBd8btSR3A4MIgSePAZxqVPeQlthq7ZRuZVABCVkLuGkJpGgKsY4ybfUEVO84qhsoAzSgrUfHZ1UQVe99B6o2oMYdwg7latAq5iROGoueQExW6UE0gCe/ANIh9SZ6jqkWsN3STZ0rHWEgpkNmEvILxqQbSAXaAPxqSBswQkbpbpo6fGPR0m3GBYjBIIwqNjCTEAr4wkBQUA0AjKNrdZCu0okAqgQhTKCDhFxV91BNgsDuYx3WQZptG3xtDUCJEDKvthGuLVEJlq4gUMyAylfQERadPrhKOHTmB3Ces4RFEXNsgW8UClbZcEhxqPQIpHOord2k1ZsAH4YvYNJXN3EgWX4Ocw4LbIEvDQSJfADJtULWxSuj+BBUP4DaC6D0DkyFg6JKTVo/5brvXqzbo2zSi3af3/9bGgrW1Ar5kH4MXEzVHEHVf5CuYZC4fti9AoI/gXX8Eda5Tp9f9I4xWWsnOoc5zNMv1okjmKp/vzay3epNJ4+YmALdoWBPWTHksc5zTU1AekqYt7LcWTruTYTZQdmQHoB0GuXv/de8L8e7xrsuA8kPNtx3AZIOxp3APc7wvD6kvi+//DLh3nvPPfegWs1jf4dBGGxpOA+hlOXzgw7VBjEBnDKcs4jzDOZDOmjqD2SJQFGBx9JaSOcQ7xVO2RIJhf86AfB+Z3huHs7Ra2pra+ugtubTp0+jMLgC0e6/ftddd6EgzMO5iGwSaq4NITCdLczy6GzXAj8KnDIxAaM0AKeViwCtgbRSNgGUJwQyDaACngO4w6S/CXgb8KEvvvgiFUaw59y5c64mWXvnnXdmsijdYxjpdP6cXh6oS0g1Bb48zpFEzValA3663pcuXaoleSzFltBIlWhRmWx+v6yMcQJ4PU7A/Oyzz/qca0R33HEHrjlAEJa73rns24JqA0keTUGTjglIJpNOxsMPP6wLfiGkx53hxRbcewwXc1BAx0u4gGMNcP2nn36acq4juv322ytZ5K7UlhBo5LER3AvcTXU60wKgYbsyWTCi3LTV6wLvKesGrvrkk0/qneucCgoKHoJkHbxvYRAhMMij/zMbVzZRTMAvv/wycj4AoRv4Mk7oII4HkLp+vC6drwxt/FrgKeMBfKTe3t69UMFTgPG9B3WcQdMeBsvjhJJqnYGqjMrKSmr/tZxNWAi87o9i+1l5O6SPNjc3dzrjlPLz83HyC/aWpqk0gWZUUHZtJvxuUZmAtAYgtHycr/a6qIXz2DQI5OH1UDRjPIOPdOHChU6o+JmQXW+68JYS4vUB/bozvN5RGAImdwPZA3AC51RKrMAfyBHFGCRBnz4oe7ypqemgc4PQxYsX0YytuOWWW3BRaa3DWd0U1A/w/Z4KvBx4jcoExAitE6dzPStr3RR/QKQ5fOUJ4PsaGxtvGPC9dOnSJfyu+7ALa9MJFPx+lkU05YNBBDVdg0uwKc4eAWCZ83cC8jM+/PDDLucGpr6+Pvy+GWz/ASs9AMFvd7ax1ATEFOBjmLdSBraN3gBwHHhmQ0NDrzMB6PLly73MUYubOs3EiB/GJebyTEB6QogCnGrV6KAFR7AVeP4HH3ww4EwgunLlCn7vfACi1UQDqMb5PWUvm5qAB3HESXNomKz2GaOHv/DAgQNJZwJSf38/fvdC3J5G1iPQnf3jK5sGvx80MQHP69hxHWZ/2wN8//vvv3/BmcD0008/XWCaoEcUJ6C0eoUWeFbXBOBCzTKKJ2/YExgEXrRv374eJyLn6tWrWA+LAJRBy+o/rQUQUx0TsFwzRKzLK/bu3dseQf8nDQwMYH2sCOL0ibx9Vr6cagIKmf0nxe8pguC7vn/Pnj2bIshH088//4z1st+m+veUI6ZFFBOwLGj/XqIh0O4/HkEtJgDmcZ4/EED9e69VKk0ACoDN1u/jqrq6uv4IZjElk0msnypbwPs0wTKVCUBnYbLuMC5REA7v3r37vQhikhBgPTWrTAEFeB9NZt3C0SbAr/6DdPM4jF7/PyNotUzBU26vgAo8x+7zri3jmgAgnOJdKYrVB9QEb+zcubMrgpVOv/76K9bXGzrACwTJfw1D+9k8EzAXOE8GviEPAK+JIDXSAlhvA7yWTWztvMfiXM65PBNQrgLfUBi2v/vuu70RnPo0ODjYC0BtN3D2VNfLR5gAz04eRn17yb0p4A0RlIEI6y+la/MV1xf4fYACSEtDiP031dbWRrY/AP32229dAGCTrs1XrHHEaesFXh+gXCfooyEM2yIIrdC2ADZ/1D1eM+CagHLJ5ExTxrl9hyLsrDiDWI99EjApgPvLRwhAmQh4HV/Axwe3bt06GMEXnFKpFK4tOBgQcH95WdoEAE01nc8Xi8VEArA3gs4q7VWpfsHaCpEg4GrnoeXhOEKUw3u4yZYqbGo4Lk2KR5hZpcOsXjO9GIm0AYFycTErmoDJVLWu0Tto3bJly0CEmT36/fffkzh/UKfVE3yLkix3Xx+v5FjYaaslgiwUZxDrdbrm38guF6EAFFKAF5kEwcFPrRFcoVCrIdAiKsSlYUWqFi/zBwTXOiKsQqGOIKe1cQRmSAPkmYIv0ADY9Yuif+GYgC5Wv9kB1L6X8lAA8k3BFwhB94YNG1IRXPYJutwpINwBpNjSI/O5AhDQGUxEUIVKCRMBEGiFIQG4yX+Daf+fPacvwihUM2Czfm/KcgMLtjZZhudEY//hks2VVJlZ7tJvi5SMMApVA9gMsOVkXYvDFiO6fggFACUqJ6qKcaMBbD5uAH2AlE0fIKJxRSnUAGizcykePtWzjOo1VA2gpa0V2CVRALBbURDwQV4qiGAKVQDyLZ571JfFum0lFqTJvScvgilUytPxAxSY9boawMbD3OtFEUahaoAinQap0gA4JSzhPswSFz733HOZEVT2KZlMYr0WesGV7KpOoQRqgG6DVi4rx5EqjFWfjSCz3vqLHd9IoGyYnoBjNwpAwhBoWXlpJAChCECpv66p5ycJBCSBcwI7daZ7E83FtAiuUGgaT/WLACaYhk4MBCVk0UDKWb2c3+URVqFogOm8OqccqMW5d+Dmm29OuGsDOyw7gmUvvfRSFBCySFevXsX6LBO1cIoG8NEQ5u7KoFbLi0Kz3fODI7JGeHbwTSJADcxCq1cAWnR39yYIQUWEmVX1X2G6SYTgnhavABwL0uoF91dUV1dnR9AFp/7+fjysq0IGvIEGODYkAOwa7t/XYXl3kDzgBRF8Vgg3eczT2SqGYP97vBoA83ELrd6/WPSJCDsr6v8Jw91BRdfS6za9ewQ1qVo9RQv47plXU1NTHEFoTpcvX8aTwueJgKdoAI4wpE8Y9e4SdtgdGLK4S1gm8L8jGAO1fqy/TNmiUE1hQIwPj9AADOQk7ugRdJ9ADj+2bt26aI6AAV26dAnr7THqnsFEYTgEnBRtFl0fwk6hOcCrIjiNaBXOAKIcuq3hG4w4fTXma+lNOEHEZFs4hcA8+eqrr0a+gAZdvHgRbf+TsrMDDMxBr2v/eT7A0L5+8HN7AKdPFhncHMGqZftfB84Wga0yBwKtsN1hk4B5PsCIrd0C2HwRz924cWNlBK2afvzxx0rX89c5Qo4gCNv85bwDI7r8XUKqynfL/KmHazZt2pQbQSymH374AffuqeEB7gWXCrzHFCCmXf5niE4NWxPkJFAJ41GmtRHMUtWP9TNJdYScgQZYo3NoFEYF21WmgAq8776KzZs3Px1BPZq+//57rJcKXhg3oClo90b/qCeHvqLjA2j6B+u2bNlSFkH+J3333XdlAMo6ntq3cJroK6K4gOzgyP2oBaj2nqIdPGXYKzjw5ptvToqgd5yenh5U+Qcgmy07UdxQA7QD7xfFClSnh68Oelag6H5n+Fj6j9566638iQz++fPn8wGMRq/dV4EviwVwrq0W9QpUJsAdINof5LRQxfNLgBu2bt06IaePffvttzjDp8EZ3r6dDL7sQEkfyAdVW82rjo9H/hdkB2y2ft89eEB149tvvz2hlqh/8803OazlTzMFX6ENcKLvU7LgEMUEuIc9vqLb+inBJE8ezyo+un379gkxaPT111/jdx4FEGbJwOd1A2VdQ9896Pj1qIJDMSJI6yHpNGnpGlHFqVgp77zzzg29tjCRSBQx8KfKWrmJBvDkO4HXU3oI7pQwFUDpc/8s9ABk14uB23bs2HFDTiU7d+7cAqj4NrbESxtojeAQYjWoOnyaqwF4AsFSnDm81lT1y2YZ+cpwLmHDzp07a3bt2nVDTCrt6urKBq5hDl8eBXCTHgGjtWxTaVK8IEYFjKWrvVPIdU8VE2kMgUCsBD6ye/fukvEM/ldffVUCFX4EsitVtl3UYjU0wDHg1dQIodQJFJShKXgE0j5dLaACn6MJkKcDH6+rq6uur68fV72EM2fO5Jw9e7YasseBp5u0cKoQsDxO9Vrqqn6R2hdGAjWEoBvSR03B9wPNA95HGDVcBXxqz549D40H8E+fPo3vecoZntGTreqzmwgBRyDw2Plu3TBxxmuvvcYFUQYwy+OQ5UoV6DITQzEJnGsdbLSyfvHixdfVptSnTp2qZMJaqtsVVtWbAiP0zap498ryt956q5OxYcMGyj/gpbhbxS5IlwSJBQQYYsZVzWtREBYtWnTN9ic+efIkOq1LmM9SZDKplioQgrJ6ZpZTVODd32kBIEoZL0UvvdFdCBoUfGo8gXM0/UHgHTireeHChaFrhePHj+N0dzxqdxnwg2xwS0vD6YIvwAOnd89nvhkZeJduu+02J2Pjxo0UKZO9GM7w+cjdFMIgCmiqAXj39bO5DPFYLNY8b948ayeXtLW1lbIT1mcxzjVZUGtqCjh44Bj/34H7ZXjJhCItAAHAd1Mc0fvcPYAqCPhBhIHDF5jP0MF2QkmwE02HTMjs2bPTpqOlpSXPVeHABSwoVcLsOebzTWZH2fADOClO7ZqB3yfDTWUSUACyiHZG9UJY0SiNH7PKIjsiqt6BooegIhTMOYxHUTweN3q26EAN/wkr3t+qvEaKczbvxzoXPcf7brL/a9oNFKXYPZzpnUpGlX6dbqHIDIRNlIWXsuibbjdQkGLdzoQ0YfJ/uJFAamsndllw19HZzDlxVGFmkcqilFnSEFotnnKNOlZPGQX0lWOdzoa01xR47nCwDtBEpwbHoedj94wy0KSKCOoIQhgaQrXZgkoYdMCXPAvrcr57WITuXEHlcLCu00cQGjza7BEcRjbRAFSNQAXXVAh0zuY1BV/Q2r3pekixnz+oGRomvVtMV9Vr3I/98RXAC73LzoM4grIWb1sIxgp8iSnAOlsIKdZhynB8QG8wiKIBDPyCQ5C9F0cRKY6gDFwZ2DaFIEzwCS3e3b/nXlzKras1dFr/KA2go/5FLVRwfzdzDtfodgupZoFqGohbqIYGPsH+Yx3NxF6V7D2omkXlmMZM1T8PDMXfoUl4BruKkHaaaANbtj2MnoEJ+L6/72RdvGe8Kt9kjqBOj4SsAUyvce7BCSV/Ba6C/EBYXcSg5oIKtqkj5ikbgLSKqfwWaheRWqZ6j1gIAFPuQW2AI3lTIN0b1CSonMSwYgCU6wqQ8NunsOHcQcozVKZIVwhiKjVuMEihY0YwevgPSDG0eUy3ezjWYOsEhRRAHWPf/A93Egc1MKTj+FGEIGZhIEgJiMzPYPlmHNxgjmLTtRSCsOw+o2YWzcNvbTYIBVsVgrQGsAW+6cCSJx9nUcS/QbrfVAjCDgQZ/P1+yOM33Q9pPMizqCaAKgSxsMCntk6B2sdVyYsh/QvwC7hriY4QhCkUGi0e3/kF/AYow29pJ8YArJkAihDEwgRfVyNw8rif7X+B74Y8qs03nOGNDq0IgQ3Afff0sXecAfm72bv3UFoxpdWbtH7V32cFcfgoLcyCEKQdJ9zVHNL/AM9ijOP808MYD/CP7UvuO8ZGP+OMB3nP4T1PNfYvey/KXAPKd2XpevA27iWYANk9g8yZamblOa5A4FQtZ/jEsjybWsBTaX1sQkbcA/iACAQd0E2EQgU8RUiyKC02qGnQjS6qwPP9LQJwiLFLuUwQcBuaIiYQuBjTPc8wk/32VtYJFq104xQnmLlJMPuNNr3fUEuQQtDUVm8DeNcc/F+AAQBKd8HaIWdjwQAAAABJRU5ErkJggg==) 50%/100% 100% no-repeat;animation:2s ease-out infinite b;display:inline-block;position:absolute;top:50%;left:50%}.jodit-file-browser-tree::-webkit-scrollbar{width:calc(var(--jd-padding-default)/2)}.jodit-file-browser-tree::-webkit-scrollbar-track{box-shadow:inset 0 0 6px #0000004d}.jodit-file-browser-tree::-webkit-scrollbar-thumb{background-color:#a9a9a9;outline:1px solid #708090}.jodit-file-browser-tree_active_true{background-color:var(--jd-color-background-filebrowser-folders);min-width:200px;max-width:290px;width:var(--jd-first-column);z-index:2;flex-direction:column;display:flex;overflow-y:auto}@media (max-width:480px){.jodit-file-browser-tree_active_true{width:auto;max-width:100%;height:100px}}.jodit-file-browser-tree_active_true::-webkit-scrollbar{width:calc(var(--jd-padding-default)/2)}.jodit-file-browser-tree_active_true::-webkit-scrollbar-track{box-shadow:inset 0 0 6px #0000004d}.jodit-file-browser-tree_active_true::-webkit-scrollbar-thumb{background-color:#80808080;outline:1px solid #708090}.jodit-file-browser-tree__item{color:var(--jd-color-folder-title);min-height:38px;padding:calc(var(--jd-padding-default)/2)var(--jd-padding-default);word-break:break-all;border-bottom:1px solid #474747;justify-content:space-between;align-items:center;text-decoration:none;transition:background-color .2s;display:flex;position:relative}.jodit-file-browser-tree__item-title{color:var(--jd-color-folder-title);flex:1}.jodit-file-browser-tree__item .jodit-icon_folder{height:calc(var(--jd-icon-size) + 4px);margin-left:calc(var(--jd-padding-default)/2);opacity:.3;width:calc(var(--jd-icon-size) + 4px);justify-content:center;align-items:center;display:flex}.jodit-file-browser-tree__item .jodit-icon_folder svg{height:var(--jd-icon-size);width:var(--jd-icon-size);fill:var(--jd-color-folder-title)!important;stroke:var(--jd-color-folder-title)!important}.jodit-file-browser-tree__item .jodit-icon_folder:hover{background:#696969}.jodit-file-browser-tree__item:hover{background-color:var(--jd-color-background-button-hover)}.jodit-file-browser-tree__item:hover-title{color:var(--jd-color-text)}.jodit-file-browser-tree__item:hover i.jodit-icon_folder{opacity:.6}.jodit-file-browser-tree__source-title{color:#969696;-webkit-user-select:none;user-select:none;word-break:break-all;background:#5a5a5a;border-bottom:1px solid #484848;padding:2px 4px;font-size:12px;display:block;position:relative}a+.jodit-file-browser-tree__source-title{margin-top:var(--jd-padding-default)}:root{--jd-first-column:31%;--jd-cols:4;--jd-info-background:#e9e9e9;--jd-icon-size:12px;--jd-col-size:150px}.jodit-file-browser{font-family:var(--jd-font-default);height:100%;display:flex}.jodit-file-browser_no-files_true{padding:var(--jd-padding-default)}@media (max-width:480px){.jodit-file-browser{flex-flow:column-reverse}}.jodit-dialog .jodit-dialog__header-title.jodit-file-browser__title-box{padding-left:var(--jd-padding-default);align-items:center;display:flex}.jodit-file-browser-preview{text-align:center;justify-content:center;align-items:center;min-width:400px;max-width:min(100%,1000px);height:100%;min-height:min(100%,500px);max-height:100%;margin:auto;display:flex;position:relative}@media (max-width:768px){.jodit-file-browser-preview{min-width:auto;max-width:100%;height:100%;min-height:auto;max-height:100%}}.jodit-file-browser-preview__box{flex-grow:1;justify-content:center;align-items:center;display:flex}.jodit-file-browser-preview__navigation{cursor:pointer;height:100%;position:absolute;top:0;left:0}.jodit-file-browser-preview__navigation_arrow_next{left:auto;right:0}.jodit-file-browser-preview__navigation svg{fill:#9e9ba7;width:45px;height:45px;transition:fill .3s linear;position:relative;top:50%;transform:translateY(-50%)}.jodit-file-browser-preview__navigation:hover svg{fill:#000}.jodit-file-browser-preview img{max-width:100%;max-height:100%}.jodit-status-bar{background-color:var(--jd-color-panel);border-radius:0 0 var(--jd-border-radius-default)var(--jd-border-radius-default);color:var(--jd-color-text-icons);font-size:var(--jd-font-size-small);height:20px;padding:0 calc(var(--jd-padding-default)/2);text-transform:uppercase;justify-content:flex-start;align-items:center;display:flex;overflow:hidden}.jodit-status-bar_resize-handle_true{padding-right:14px}.jodit-status-bar:before{content:"";flex:auto;order:1}.jodit-status-bar .jodit-status-bar__item{margin:0 var(--jd-padding-default)0 0;order:0;padding:0;line-height:1.5714em}.jodit-status-bar .jodit-status-bar__item,.jodit-status-bar .jodit-status-bar__item>span{font-family:var(--jd-font-default);font-size:var(--jd-font-size-default);font-size:var(--jd-font-size-small)}.jodit-status-bar .jodit-status-bar__item.jodit-status-bar__item-right{margin:0 0 0 var(--jd-padding-default);order:2}.jodit-status-bar .jodit-status-bar__item a{cursor:default;border-radius:3px;text-decoration:none}.jodit-status-bar .jodit-status-bar__item a:hover{background-color:var(--jd-color-background-gray);text-decoration:none}.jodit-status-bar a.jodit-status-bar-link{cursor:pointer}.jodit-status-bar a.jodit-status-bar-link,.jodit-status-bar a.jodit-status-bar-link:hover,.jodit-status-bar a.jodit-status-bar-link:visited{color:var(--jd-color-text-icons);background-color:#0000}.jodit-status-bar a.jodit-status-bar-link:hover{text-decoration:underline}.jodit-workplace+.jodit-status-bar:not(:empty){border-top:1px solid var(--jd-color-border)}.jodit_disabled .jodit-status-bar{opacity:.4}.jodit-drag-and-drop__file-box,.jodit_uploadfile_button{border:1px dashed var(--jd-color-gray);margin:var(--jd-padding-default)0;text-align:center;width:100%;padding:25px 0;position:relative;overflow:hidden}.jodit-drag-and-drop__file-box:hover,.jodit_uploadfile_button:hover{background-color:var(--jd-color-background-button-hover)}.jodit-drag-and-drop__file-box input,.jodit_uploadfile_button input{cursor:pointer;opacity:0;margin:0;padding:0;font-size:400px;position:absolute;inset:0}@media (max-width:768px){.jodit-drag-and-drop__file-box{max-width:100%;min-width:var(--jd-width-input-min);width:auto}}.jodit-about{padding:20px}.jodit-about a{color:#459ce7;text-decoration:none}.jodit-about a:focus,.jodit-about a:hover{color:#23527c;outline:0;text-decoration:underline}.jodit-about div{margin-bottom:calc(var(--jd-padding-default)/2)}:root{--jd-anl-color-new-line:var(--jd-color-border);--jd-anl-handle-size:20px;--jd-anl-handle-offset:calc(100% - var(--jd-anl-handle-size))}.jodit-add-new-line{z-index:1;outline:none;height:1px;display:block;position:fixed;top:0}.jodit-add-new-line,.jodit-add-new-line *{box-sizing:border-box}.jodit-add-new-line:after{background-color:var(--jd-anl-color-new-line);content:"";width:100%;height:1px;display:block}.jodit-add-new-line span{background:var(--jd-color-background-button-hover-opacity30);border:1px solid var(--jd-anl-color-new-line);cursor:pointer;height:var(--jd-anl-handle-size);left:var(--jd-anl-handle-offset);width:var(--jd-anl-handle-size);justify-content:center;align-items:center;display:flex;position:absolute;top:0;transform:translateY(-50%)}.jodit-add-new-line span:hover{background:var(--jd-color-background-button-hover)}.jodit-add-new-line svg{width:calc(var(--jd-anl-handle-size)/2);fill:var(--jd-anl-color-new-line)}.jodit-source__mode .jodit-add-new-line{display:none!important}:root{--jd-color-picker-cell-size:24px}.jodit-color-picker{text-align:left;-webkit-user-select:none;user-select:none;margin:0}.jodit-color-picker__group{margin-bottom:calc(var(--jd-padding-default)/2);max-width:calc(var(--jd-color-picker-cell-size)*10);white-space:normal;flex-wrap:wrap;display:flex}.jodit-color-picker__color-item{height:var(--jd-color-picker-cell-size);text-align:center;vertical-align:middle;width:var(--jd-color-picker-cell-size);border:1px solid #0000;text-decoration:none;display:block}.jodit-color-picker__color-item:hover{border-color:#000}.jodit-color-picker__color-item:active,.jodit-color-picker__color-item_active_true{border:2px solid var(--jd-color-border-selected)}.jodit-color-picker__native svg{width:16px;height:16px;margin-right:4px;display:inline-block}.jodit-color-picker__native input{appearance:none;border:none;width:18px;height:18px;padding:0}.jodit-color-picker__native input[type=color]::-webkit-color-swatch-wrapper{padding:0}.jodit-color-picker__native input input[type=color]::-webkit-color-swatch{border:none}.jodit-tabs{--jd-box-shadow-tabs:0 0 #0000,0 1px 3px 0 #0000001a,0 1px 2px -1px #0000001a;font-family:var(--jd-font-default);font-size:var(--jd-font-size-default)}.jodit-tabs .jodit-tabs__buttons{background-color:var(--jd-color-background-light-gray);border-radius:var(--jd-border-radius-default);margin-bottom:var(--jd-padding-default);margin-top:calc(var(--jd-padding-default)/2);padding:calc(var(--jd-padding-default)/2);justify-content:center;display:flex}.jodit-tabs .jodit-tabs__buttons .jodit-ui-button{color:var(--jd-color-placeholder)}.jodit-tabs .jodit-tabs__buttons .jodit-ui-button svg{fill:var(--jd-color-placeholder)}.jodit-tabs .jodit-tabs__buttons .jodit-ui-button:active:not([disabled]),.jodit-tabs .jodit-tabs__buttons .jodit-ui-button[aria-pressed=true]:not([disabled]){box-shadow:var(--jd-box-shadow-tabs);color:var(--jd-color-text-icons)}.jodit-tabs .jodit-tabs__buttons .jodit-ui-button:active:not([disabled]),.jodit-tabs .jodit-tabs__buttons .jodit-ui-button:active:not([disabled]) .jodit-ui-button__text,.jodit-tabs .jodit-tabs__buttons .jodit-ui-button[aria-pressed=true]:not([disabled]),.jodit-tabs .jodit-tabs__buttons .jodit-ui-button[aria-pressed=true]:not([disabled]) .jodit-ui-button__text{background-color:var(--jd-color-background-default)}.jodit-tabs .jodit-tabs__buttons .jodit-ui-button:active:not([disabled]) svg,.jodit-tabs .jodit-tabs__buttons .jodit-ui-button[aria-pressed=true]:not([disabled]) svg{fill:var(--jd-color-text-icons)}.jodit-tabs .jodit-tabs__buttons>*{cursor:pointer;margin-left:calc(var(--jd-padding-default)/2)}.jodit-tabs .jodit-tabs__buttons>:only-of-type{width:100%}.jodit-tabs .jodit-tabs__buttons>:first-child{margin-left:0}@media (max-width:480px){.jodit-tabs .jodit-tabs__buttons{display:block}.jodit-tabs .jodit-tabs__buttons>*{width:100%;margin-left:0}}.jodit-tabs__button{min-width:80px;max-width:210px}.jodit-tabs__button .jodit-ui-button__text{white-space:nowrap;flex:1;justify-content:space-around}.jodit-tabs__button_columns_3{width:33.3333%}.jodit-tabs__button_columns_2{width:50%}.jodit-tabs .jodit-tabs__wrapper .jodit-tab{display:none}.jodit-tabs .jodit-tabs__wrapper .jodit-tab.jodit-tab_active{display:block}.jodit-tabs .jodit-tabs__wrapper .jodit-tab.jodit-tab_empty{min-width:220px;min-height:100px}.jodit-dialog_theme_dark .jodit-tabs .jodit-tabs__buttons,.jodit_theme_dark .jodit-tabs .jodit-tabs__buttons{background-color:var(--jd-dark-background-color);border-radius:var(--jd-border-radius-default)}.jodit-dialog_theme_dark .jodit-tabs .jodit-tabs__buttons .jodit-ui-button:active:not([disabled]) .jodit-ui-button__text,.jodit-dialog_theme_dark .jodit-tabs .jodit-tabs__buttons .jodit-ui-button[aria-pressed=true]:not([disabled]) .jodit-ui-button__text,.jodit_theme_dark .jodit-tabs .jodit-tabs__buttons .jodit-ui-button:active:not([disabled]) .jodit-ui-button__text,.jodit_theme_dark .jodit-tabs .jodit-tabs__buttons .jodit-ui-button[aria-pressed=true]:not([disabled]) .jodit-ui-button__text{color:var(--jd-dark-toolbar-color)}.jodit-dialog_theme_dark .jodit-tabs .jodit-tabs__buttons .jodit-ui-button:active:not([disabled]) svg,.jodit-dialog_theme_dark .jodit-tabs .jodit-tabs__buttons .jodit-ui-button[aria-pressed=true]:not([disabled]) svg,.jodit_theme_dark .jodit-tabs .jodit-tabs__buttons .jodit-ui-button:active:not([disabled]) svg,.jodit_theme_dark .jodit-tabs .jodit-tabs__buttons .jodit-ui-button[aria-pressed=true]:not([disabled]) svg{fill:var(--jd-color-text-icons)}.jodit_fullsize-box_true{z-index:var(--jd-z-index-full-size)!important;position:static!important;overflow:visible!important}body.jodit_fullsize-box_true,html.jodit_fullsize-box_true{width:0!important;height:0!important;overflow:hidden!important}html.jodit_fullsize-box_true{position:fixed!important}.jodit_fullsize{z-index:var(--jd-z-index-full-size);position:absolute;inset:0;max-width:none!important}.jodit_fullsize .toolbar{width:100%!important}.jodit_fullsize .jodit__area,.jodit_fullsize .jodit_editor{height:100%}.jodit-ui-image-position-tab__lockMargin>svg,.jodit-ui-image-position-tab__lockSize>svg,.jodit-ui-image-properties-form__lockMargin>svg,.jodit-ui-image-properties-form__lockSize>svg{height:var(--jd-icon-middle-size);width:var(--jd-icon-middle-size);fill:var(--jd-color-dark);line-height:var(--jd-icon-middle-size);vertical-align:middle;display:inline-block;overflow:hidden;transform-origin:0 0!important}.jodit-ui-image-position-tab__view-box,.jodit-ui-image-properties-form__view-box{padding:var(--jd-padding-default)}.jodit-ui-image-position-tab__imageView,.jodit-ui-image-properties-form__imageView{background-color:var(--jd-color-background-light-gray);height:var(--jd-width-default);margin:0 0 var(--jd-padding-default);justify-content:center;align-items:center;padding:0;display:flex}.jodit-ui-image-position-tab__imageView img,.jodit-ui-image-properties-form__imageView img{max-width:100%;max-height:100%}.jodit-ui-image-position-tab__imageSizes.jodit-form__group,.jodit-ui-image-properties-form__imageSizes.jodit-form__group{flex-direction:row;align-items:center;min-width:auto;margin:0;padding:0}.jodit-ui-image-position-tab__imageSizes.jodit-form__group a,.jodit-ui-image-properties-form__imageSizes.jodit-form__group a{cursor:pointer;display:inline-block}.jodit-ui-image-position-tab .jodit-form__group,.jodit-ui-image-properties-form .jodit-form__group{padding:0}.jodit-ui-image-position-tab__tabsBox,.jodit-ui-image-properties-form__tabsBox{padding:0 var(--jd-padding-default)}.jodit-dialog_theme_dark .jodit-ui-image-properties-form__imageView,.jodit_theme_dark .jodit-ui-image-properties-form__imageView{background-color:var(--jd-dark-background-color)}.jodit-ui-image-properties-form_lock_true:before{background-color:var(--jd-color-button-background-hover-opacity60);content:"";z-index:3;width:100%;height:100%;position:absolute;top:0;left:0}.jodit-ui-image-properties-form_lock_true:after{background:url(data:image/png;base64,iVBORw0KGgoAAAANSUhEUgAAAIAAAACACAYAAADDPmHLAAAABGdBTUEAAK/INwWK6QAAABl0RVh0U29mdHdhcmUAQWRvYmUgSW1hZ2VSZWFkeXHJZTwAABRsSURBVHja7F1/aJfVGn/33RgUg8FiNfK2WCykyS7GLoYyUbwYipZMumgLo+iPS9HlXhSHkRXdislESxMz0mapuaFo2myjkfnNlTQ2FJdTu8NvLVcrdbpcfGvxrfs823m/vXt3fjznvOedzr0PPJzzPe+7d+97Ps95nuc851fGAw884CD98ccfI1Jqmc3UpEyQz4FkMqRTgYshn8fymZ57SyGbzf5mENIOz9+ngE9Atg/SLkhPQHoWeEDn3SmpSZlJnvf7ypUrTpb7IyMjY+gGN6WWmaY84l2T3c+u58D1csjOgvwsyBdBvsDRo2zgMl/ZNM59vcAJ4Dj8nzikLa5QmBLv28YCfPd3li7gPHBMwKdcEwhCJgN6FoLOWJtUgiWovALG04FXsbI44xbgw8AplbaU/Q+ZQNgGf0gA/JWhC1aQyle1eN91rPRKKKuEsjzZvSph0m2RiutpIYRrfZC8B+l7kB6jgq0CnQIy9X39v2NYQW5FeUFQlQVN/aALyiYBPw/5M5B+Dvw02vMggqcDukEl57F3xHf9H747+4bA5oD6dzqaYEgAqIDbBl9RhvZ4H/B5yL+IDp3oXhmwNkm3lTLn80VIz+O3QFqm2/rHwgeI6QDOa006LZ3Q4lHNNwK3AVeYAD4WgmHQUivYNzWyb7xufICYaavXVbuKZ6MXfwRVJ+TnXW+Am/oMnNaO3/Y5pPitcyh/a6LqtXwAt+J01LVFEzAJ0jpIj7JunJYd1wHchnBQHUSC3Uan8WPgPVgHlBiBCcAkH4Da2i2DjwGZlcy5W0K17zLwVb9NgaY4iJpawJs+BCnWwUo3SKXT4oOAP8IHCFsIfMCguj8JaQ2kOaaA227d10ALuIR1gHVxErjctPtHBd8btSR3A4MIgSePAZxqVPeQlthq7ZRuZVABCVkLuGkJpGgKsY4ybfUEVO84qhsoAzSgrUfHZ1UQVe99B6o2oMYdwg7latAq5iROGoueQExW6UE0gCe/ANIh9SZ6jqkWsN3STZ0rHWEgpkNmEvILxqQbSAXaAPxqSBswQkbpbpo6fGPR0m3GBYjBIIwqNjCTEAr4wkBQUA0AjKNrdZCu0okAqgQhTKCDhFxV91BNgsDuYx3WQZptG3xtDUCJEDKvthGuLVEJlq4gUMyAylfQERadPrhKOHTmB3Ces4RFEXNsgW8UClbZcEhxqPQIpHOord2k1ZsAH4YvYNJXN3EgWX4Ocw4LbIEvDQSJfADJtULWxSuj+BBUP4DaC6D0DkyFg6JKTVo/5brvXqzbo2zSi3af3/9bGgrW1Ar5kH4MXEzVHEHVf5CuYZC4fti9AoI/gXX8Eda5Tp9f9I4xWWsnOoc5zNMv1okjmKp/vzay3epNJ4+YmALdoWBPWTHksc5zTU1AekqYt7LcWTruTYTZQdmQHoB0GuXv/de8L8e7xrsuA8kPNtx3AZIOxp3APc7wvD6kvi+//DLh3nvPPfegWs1jf4dBGGxpOA+hlOXzgw7VBjEBnDKcs4jzDOZDOmjqD2SJQFGBx9JaSOcQ7xVO2RIJhf86AfB+Z3huHs7Ra2pra+ugtubTp0+jMLgC0e6/ftddd6EgzMO5iGwSaq4NITCdLczy6GzXAj8KnDIxAaM0AKeViwCtgbRSNgGUJwQyDaACngO4w6S/CXgb8KEvvvgiFUaw59y5c64mWXvnnXdmsijdYxjpdP6cXh6oS0g1Bb48zpFEzValA3663pcuXaoleSzFltBIlWhRmWx+v6yMcQJ4PU7A/Oyzz/qca0R33HEHrjlAEJa73rns24JqA0keTUGTjglIJpNOxsMPP6wLfiGkx53hxRbcewwXc1BAx0u4gGMNcP2nn36acq4juv322ytZ5K7UlhBo5LER3AvcTXU60wKgYbsyWTCi3LTV6wLvKesGrvrkk0/qneucCgoKHoJkHbxvYRAhMMij/zMbVzZRTMAvv/wycj4AoRv4Mk7oII4HkLp+vC6drwxt/FrgKeMBfKTe3t69UMFTgPG9B3WcQdMeBsvjhJJqnYGqjMrKSmr/tZxNWAi87o9i+1l5O6SPNjc3dzrjlPLz83HyC/aWpqk0gWZUUHZtJvxuUZmAtAYgtHycr/a6qIXz2DQI5OH1UDRjPIOPdOHChU6o+JmQXW+68JYS4vUB/bozvN5RGAImdwPZA3AC51RKrMAfyBHFGCRBnz4oe7ypqemgc4PQxYsX0YytuOWWW3BRaa3DWd0U1A/w/Z4KvBx4jcoExAitE6dzPStr3RR/QKQ5fOUJ4PsaGxtvGPC9dOnSJfyu+7ALa9MJFPx+lkU05YNBBDVdg0uwKc4eAWCZ83cC8jM+/PDDLucGpr6+Pvy+GWz/ASs9AMFvd7ax1ATEFOBjmLdSBraN3gBwHHhmQ0NDrzMB6PLly73MUYubOs3EiB/GJebyTEB6QogCnGrV6KAFR7AVeP4HH3ww4EwgunLlCn7vfACi1UQDqMb5PWUvm5qAB3HESXNomKz2GaOHv/DAgQNJZwJSf38/fvdC3J5G1iPQnf3jK5sGvx80MQHP69hxHWZ/2wN8//vvv3/BmcD0008/XWCaoEcUJ6C0eoUWeFbXBOBCzTKKJ2/YExgEXrRv374eJyLn6tWrWA+LAJRBy+o/rQUQUx0TsFwzRKzLK/bu3dseQf8nDQwMYH2sCOL0ibx9Vr6cagIKmf0nxe8pguC7vn/Pnj2bIshH088//4z1st+m+veUI6ZFFBOwLGj/XqIh0O4/HkEtJgDmcZ4/EED9e69VKk0ACoDN1u/jqrq6uv4IZjElk0msnypbwPs0wTKVCUBnYbLuMC5REA7v3r37vQhikhBgPTWrTAEFeB9NZt3C0SbAr/6DdPM4jF7/PyNotUzBU26vgAo8x+7zri3jmgAgnOJdKYrVB9QEb+zcubMrgpVOv/76K9bXGzrACwTJfw1D+9k8EzAXOE8GviEPAK+JIDXSAlhvA7yWTWztvMfiXM65PBNQrgLfUBi2v/vuu70RnPo0ODjYC0BtN3D2VNfLR5gAz04eRn17yb0p4A0RlIEI6y+la/MV1xf4fYACSEtDiP031dbWRrY/AP32229dAGCTrs1XrHHEaesFXh+gXCfooyEM2yIIrdC2ADZ/1D1eM+CagHLJ5ExTxrl9hyLsrDiDWI99EjApgPvLRwhAmQh4HV/Axwe3bt06GMEXnFKpFK4tOBgQcH95WdoEAE01nc8Xi8VEArA3gs4q7VWpfsHaCpEg4GrnoeXhOEKUw3u4yZYqbGo4Lk2KR5hZpcOsXjO9GIm0AYFycTErmoDJVLWu0Tto3bJly0CEmT36/fffkzh/UKfVE3yLkix3Xx+v5FjYaaslgiwUZxDrdbrm38guF6EAFFKAF5kEwcFPrRFcoVCrIdAiKsSlYUWqFi/zBwTXOiKsQqGOIKe1cQRmSAPkmYIv0ADY9Yuif+GYgC5Wv9kB1L6X8lAA8k3BFwhB94YNG1IRXPYJutwpINwBpNjSI/O5AhDQGUxEUIVKCRMBEGiFIQG4yX+Daf+fPacvwihUM2Czfm/KcgMLtjZZhudEY//hks2VVJlZ7tJvi5SMMApVA9gMsOVkXYvDFiO6fggFACUqJ6qKcaMBbD5uAH2AlE0fIKJxRSnUAGizcykePtWzjOo1VA2gpa0V2CVRALBbURDwQV4qiGAKVQDyLZ571JfFum0lFqTJvScvgilUytPxAxSY9boawMbD3OtFEUahaoAinQap0gA4JSzhPswSFz733HOZEVT2KZlMYr0WesGV7KpOoQRqgG6DVi4rx5EqjFWfjSCz3vqLHd9IoGyYnoBjNwpAwhBoWXlpJAChCECpv66p5ycJBCSBcwI7daZ7E83FtAiuUGgaT/WLACaYhk4MBCVk0UDKWb2c3+URVqFogOm8OqccqMW5d+Dmm29OuGsDOyw7gmUvvfRSFBCySFevXsX6LBO1cIoG8NEQ5u7KoFbLi0Kz3fODI7JGeHbwTSJADcxCq1cAWnR39yYIQUWEmVX1X2G6SYTgnhavABwL0uoF91dUV1dnR9AFp/7+fjysq0IGvIEGODYkAOwa7t/XYXl3kDzgBRF8Vgg3eczT2SqGYP97vBoA83ELrd6/WPSJCDsr6v8Jw91BRdfS6za9ewQ1qVo9RQv47plXU1NTHEFoTpcvX8aTwueJgKdoAI4wpE8Y9e4SdtgdGLK4S1gm8L8jGAO1fqy/TNmiUE1hQIwPj9AADOQk7ugRdJ9ADj+2bt26aI6AAV26dAnr7THqnsFEYTgEnBRtFl0fwk6hOcCrIjiNaBXOAKIcuq3hG4w4fTXma+lNOEHEZFs4hcA8+eqrr0a+gAZdvHgRbf+TsrMDDMxBr2v/eT7A0L5+8HN7AKdPFhncHMGqZftfB84Wga0yBwKtsN1hk4B5PsCIrd0C2HwRz924cWNlBK2afvzxx0rX89c5Qo4gCNv85bwDI7r8XUKqynfL/KmHazZt2pQbQSymH374AffuqeEB7gWXCrzHFCCmXf5niE4NWxPkJFAJ41GmtRHMUtWP9TNJdYScgQZYo3NoFEYF21WmgAq8776KzZs3Px1BPZq+//57rJcKXhg3oClo90b/qCeHvqLjA2j6B+u2bNlSFkH+J3333XdlAMo6ntq3cJroK6K4gOzgyP2oBaj2nqIdPGXYKzjw5ptvToqgd5yenh5U+Qcgmy07UdxQA7QD7xfFClSnh68Oelag6H5n+Fj6j9566638iQz++fPn8wGMRq/dV4EviwVwrq0W9QpUJsAdINof5LRQxfNLgBu2bt06IaePffvttzjDp8EZ3r6dDL7sQEkfyAdVW82rjo9H/hdkB2y2ft89eEB149tvvz2hlqh/8803OazlTzMFX6ENcKLvU7LgEMUEuIc9vqLb+inBJE8ezyo+un379gkxaPT111/jdx4FEGbJwOd1A2VdQ9896Pj1qIJDMSJI6yHpNGnpGlHFqVgp77zzzg29tjCRSBQx8KfKWrmJBvDkO4HXU3oI7pQwFUDpc/8s9ABk14uB23bs2HFDTiU7d+7cAqj4NrbESxtojeAQYjWoOnyaqwF4AsFSnDm81lT1y2YZ+cpwLmHDzp07a3bt2nVDTCrt6urKBq5hDl8eBXCTHgGjtWxTaVK8IEYFjKWrvVPIdU8VE2kMgUCsBD6ye/fukvEM/ldffVUCFX4EsitVtl3UYjU0wDHg1dQIodQJFJShKXgE0j5dLaACn6MJkKcDH6+rq6uur68fV72EM2fO5Jw9e7YasseBp5u0cKoQsDxO9Vrqqn6R2hdGAjWEoBvSR03B9wPNA95HGDVcBXxqz549D40H8E+fPo3vecoZntGTreqzmwgBRyDw2Plu3TBxxmuvvcYFUQYwy+OQ5UoV6DITQzEJnGsdbLSyfvHixdfVptSnTp2qZMJaqtsVVtWbAiP0zap498ryt956q5OxYcMGyj/gpbhbxS5IlwSJBQQYYsZVzWtREBYtWnTN9ic+efIkOq1LmM9SZDKplioQgrJ6ZpZTVODd32kBIEoZL0UvvdFdCBoUfGo8gXM0/UHgHTireeHChaFrhePHj+N0dzxqdxnwg2xwS0vD6YIvwAOnd89nvhkZeJduu+02J2Pjxo0UKZO9GM7w+cjdFMIgCmiqAXj39bO5DPFYLNY8b948ayeXtLW1lbIT1mcxzjVZUGtqCjh44Bj/34H7ZXjJhCItAAHAd1Mc0fvcPYAqCPhBhIHDF5jP0MF2QkmwE02HTMjs2bPTpqOlpSXPVeHABSwoVcLsOebzTWZH2fADOClO7ZqB3yfDTWUSUACyiHZG9UJY0SiNH7PKIjsiqt6BooegIhTMOYxHUTweN3q26EAN/wkr3t+qvEaKczbvxzoXPcf7brL/a9oNFKXYPZzpnUpGlX6dbqHIDIRNlIWXsuibbjdQkGLdzoQ0YfJ/uJFAamsndllw19HZzDlxVGFmkcqilFnSEFotnnKNOlZPGQX0lWOdzoa01xR47nCwDtBEpwbHoedj94wy0KSKCOoIQhgaQrXZgkoYdMCXPAvrcr57WITuXEHlcLCu00cQGjza7BEcRjbRAFSNQAXXVAh0zuY1BV/Q2r3pekixnz+oGRomvVtMV9Vr3I/98RXAC73LzoM4grIWb1sIxgp8iSnAOlsIKdZhynB8QG8wiKIBDPyCQ5C9F0cRKY6gDFwZ2DaFIEzwCS3e3b/nXlzKras1dFr/KA2go/5FLVRwfzdzDtfodgupZoFqGohbqIYGPsH+Yx3NxF6V7D2omkXlmMZM1T8PDMXfoUl4BruKkHaaaANbtj2MnoEJ+L6/72RdvGe8Kt9kjqBOj4SsAUyvce7BCSV/Ba6C/EBYXcSg5oIKtqkj5ikbgLSKqfwWaheRWqZ6j1gIAFPuQW2AI3lTIN0b1CSonMSwYgCU6wqQ8NunsOHcQcozVKZIVwhiKjVuMEihY0YwevgPSDG0eUy3ezjWYOsEhRRAHWPf/A93Egc1MKTj+FGEIGZhIEgJiMzPYPlmHNxgjmLTtRSCsOw+o2YWzcNvbTYIBVsVgrQGsAW+6cCSJx9nUcS/QbrfVAjCDgQZ/P1+yOM33Q9pPMizqCaAKgSxsMCntk6B2sdVyYsh/QvwC7hriY4QhCkUGi0e3/kF/AYow29pJ8YArJkAihDEwgRfVyNw8rif7X+B74Y8qs03nOGNDq0IgQ3Afff0sXecAfm72bv3UFoxpdWbtH7V32cFcfgoLcyCEKQdJ9zVHNL/AM9ijOP808MYD/CP7UvuO8ZGP+OMB3nP4T1PNfYvey/KXAPKd2XpevA27iWYANk9g8yZamblOa5A4FQtZ/jEsjybWsBTaX1sQkbcA/iACAQd0E2EQgU8RUiyKC02qGnQjS6qwPP9LQJwiLFLuUwQcBuaIiYQuBjTPc8wk/32VtYJFq104xQnmLlJMPuNNr3fUEuQQtDUVm8DeNcc/F+AAQBKd8HaIWdjwQAAAABJRU5ErkJggg==) 50%/100% 100% no-repeat;background-size:var(--jd-icon-loader-size);content:"";height:var(--jd-icon-loader-size);vertical-align:middle;width:var(--jd-icon-loader-size);will-change:transform;margin-top:-10px;margin-left:-10px;animation:2s ease-out infinite b;display:inline-block;position:absolute;top:50%;left:50%}.jodit-popup-inline__container{z-index:1300;min-width:700px}.jodit-paste-storage{max-width:600px;padding:var(--jd-padding-default)}@media (max-width:768px){.jodit-paste-storage{max-width:100%}}.jodit-paste-storage>div{border:1px solid var(--jd-color-border);max-width:100%;max-height:300px}.jodit-paste-storage>div:first-child{margin-bottom:var(--jd-padding-default)}.jodit-paste-storage>div:first-child a{box-sizing:border-box;color:var(--jd-color-default);max-width:100%;padding:calc(var(--jd-padding-default)/2);text-overflow:ellipsis;white-space:pre;border:1px solid #0000;outline:none;margin:0;text-decoration:none;display:block;overflow:hidden}.jodit-paste-storage>div:first-child a.jodit_active{background-color:var(--jd-dark-background-color);color:var(--jd-color-white)}.jodit-paste-storage>div:first-child a:focus{outline:none}.jodit-paste-storage>div:last-child{padding:var(--jd-padding-default);overflow:auto}.jodit-paste-storage>div:last-child li,.jodit-paste-storage>div:last-child ul{margin:0}.jodit-placeholder{color:var(--jd-color-placeholder);padding:var(--jd-padding-default);pointer-events:none;z-index:1;width:100%;display:block;position:absolute;top:0;left:0;-webkit-user-select:none!important;user-select:none!important}.jodit__preview-box table{border-collapse:collapse;empty-cells:show;border:none;max-width:100%;margin-top:1em;margin-bottom:1em}.jodit__preview-box table tr{-webkit-user-select:none;user-select:none}.jodit__preview-box table tr td,.jodit__preview-box table tr th{border:1px solid var(--jd-color-border);-webkit-user-select:text;user-select:text;vertical-align:middle;min-width:2em;padding:.4em}.jodit-table-resizer{cursor:col-resize;margin-left:calc(var(--jd-padding-default)/-2);padding-left:calc(var(--jd-padding-default)/2);padding-right:calc(var(--jd-padding-default)/2);z-index:3;position:absolute}.jodit-table-resizer:after{content:"";border:0;width:0;height:100%;display:block}.jodit-table-resizer_moved{background-color:var(--jd-color-background-selection);z-index:2}.jodit-table-resizer_moved:after{border-right:1px solid moved}[data-jodit_iframe_wrapper]{-webkit-user-select:none;user-select:none;display:block;position:relative}[data-jodit_iframe_wrapper] iframe{position:relative}[data-jodit_iframe_wrapper]:after{content:"";cursor:pointer;z-index:1;background:0 0;display:block;position:absolute;inset:0}[data-jodit_iframe_wrapper][data-jodit-wrapper_active=true] iframe{z-index:2}.jodit_lock [data-jodit-wrapper_active=true] iframe{z-index:1}:root{--jd-viewer-width:70px;--jd-viewer-height:24px;--jd-resizer-handle-size:10px;--jd-resizer-border-color:#98c1f1;--jd-resizer-handle-color:#5ba4f3;--jd-resizer-handle-hover-color:#537ebb}.jodit-resizer{outline:3px solid var(--jd-resizer-border-color);pointer-events:none;width:100px;height:100px;font-size:0;position:absolute;top:0;left:0}.jodit-resizer,.jodit-resizer *{box-sizing:border-box}.jodit-resizer>span{background-color:var(--jd-color-placeholder);color:var(--jd-color-white);height:var(--jd-viewer-height);font-size:12px;line-height:var(--jd-viewer-height);margin-left:calc(var(--jd-viewer-width)/-2);margin-top:calc(var(--jd-viewer-height)/-2);opacity:0;text-align:center;width:var(--jd-viewer-width);transition:opacity .2s linear;display:inline-block;position:absolute;top:50%;left:50%;overflow:visible}.jodit-resizer>div{background-color:var(--jd-resizer-handle-color);height:var(--jd-resizer-handle-size);pointer-events:all;width:var(--jd-resizer-handle-size);z-index:4;display:inline-block;position:absolute}.jodit-resizer>div:hover{background-color:var(--jd-resizer-handle-hover-color)}.jodit-resizer>div:first-child{cursor:nwse-resize;left:calc(var(--jd-resizer-handle-size)/-2);top:calc(var(--jd-resizer-handle-size)/-2)}.jodit-resizer>div:nth-child(2){cursor:nesw-resize;right:calc(var(--jd-resizer-handle-size)/-2);top:calc(var(--jd-resizer-handle-size)/-2)}.jodit-resizer>div:nth-child(3){bottom:calc(var(--jd-resizer-handle-size)/-2);cursor:nwse-resize;right:calc(var(--jd-resizer-handle-size)/-2)}.jodit-resizer>div:nth-child(4){bottom:calc(var(--jd-resizer-handle-size)/-2);cursor:nesw-resize;left:calc(var(--jd-resizer-handle-size)/-2)}@media (max-width:768px){.jodit-resizer>div :root{--jd-resizer-handle-size:calc(var(--jd-resizer-handle-size)*2)}}:root{--jd-height-search:30px;--jd-width-search:320px;--jd-width-search-input-box:60%;--jd-width-search-count-box:15%;--jd-transform-button-active:.95;--jd-timeout-button-active:.1s}.jodit-ui-search{width:0;height:0;position:absolute;top:0;right:0}.jodit-ui-search_sticky_true{position:fixed}.jodit-ui-search__box{background-color:var(--jd-color-panel);border:solid var(--jd-color-border);max-width:100vw;padding:calc(var(--jd-padding-default)/2);width:var(--jd-width-search);border-width:0 0 1px 1px;display:flex;position:absolute;right:0}.jodit-ui-search__box input{height:100%;padding:0 var(--jd-padding-default);background-color:#0000;border:0;outline:none;width:100%;margin:0}.jodit-ui-search__box input[data-ref=replace]{display:none}.jodit-ui-search__box input:not(:focus)+input:not(:focus){border-top:1px solid var(--jd-color-border)}.jodit-ui-search__buttons,.jodit-ui-search__counts,.jodit-ui-search__inputs{height:var(--jd-height-search)}.jodit-ui-search__inputs{padding-right:calc(var(--jd-padding-default)/2);width:var(--jd-width-search-input-box)}.jodit-ui-search__counts{border-left:1px solid var(--jd-color-border);color:var(--jd-color-border);width:var(--jd-width-search-count-box)}.jodit-ui-search__buttons,.jodit-ui-search__counts{justify-content:center;align-items:center;display:flex}.jodit-ui-search__buttons{flex:1;padding-left:0}.jodit-ui-search__buttons button{background-color:#0000;border:1px solid #0000;width:32%;height:100%;margin-right:1%}.jodit-ui-search__buttons button[data-ref=replace-btn]{border:1px solid var(--jd-color-border);width:100%;margin-top:2px;display:none}.jodit-ui-search__buttons button:hover{background-color:var(--jd-color-background-button-hover)}.jodit-ui-search__buttons button:focus{border:1px solid var(--jd-color-background-selection-opacity50)}.jodit-ui-search__buttons button:active{border:1px solid var(--jd-color-background-selection);transform:scale(var(--jd-transform-button-active))}.jodit-ui-search_empty-query_true [data-ref=next],.jodit-ui-search_empty-query_true [data-ref=prev]{opacity:.5}.jodit-ui-search_replace_true .jodit-ui-search__counts,.jodit-ui-search_replace_true .jodit-ui-search__inputs{height:calc(var(--jd-height-search)*2)}.jodit-ui-search_replace_true .jodit-ui-search__counts input,.jodit-ui-search_replace_true .jodit-ui-search__inputs input{height:50%;transition:background-color var(--jd-timeout-button-active)linear}.jodit-ui-search_replace_true .jodit-ui-search__counts input:focus,.jodit-ui-search_replace_true .jodit-ui-search__inputs input:focus{box-shadow:inset 0 0 3px 0 var(--jd-color-border)}.jodit-ui-search_replace_true .jodit-ui-search__counts input[data-ref=replace],.jodit-ui-search_replace_true .jodit-ui-search__inputs input[data-ref=replace]{display:block}.jodit-ui-search_replace_true .jodit-ui-search__buttons{flex-wrap:wrap}.jodit-ui-search_replace_true .jodit-ui-search__buttons button[data-ref=replace-btn]{display:block}[jd-tmp-selection]{background-color:var(--jd-color-background-selection);color:var(--jd-color-text-selection)}::highlight(jodit-search-result){background-color:var(--jd-color-background-selection);color:var(--jd-color-text-selection)}.jodit-container:not(.jodit_inline){min-height:100px}.jodit-container:not(.jodit_inline) .jodit-workplace{flex-direction:column;height:auto;min-height:50px;display:flex;overflow:hidden}.jodit-container:not(.jodit_inline) .jodit-editor__resize{position:relative}.jodit-container:not(.jodit_inline) .jodit-editor__resize svg{cursor:nwse-resize;width:12px;height:12px;fill:var(--jd-color-gray-dark);-webkit-user-select:none;user-select:none;position:absolute;bottom:0;right:0;overflow:hidden}.jodit-source{background-color:var(--jd-color-source-area);flex:auto;display:none;position:relative;overflow:auto}.jodit-source,.jodit-source .jodit-source__mirror-fake{min-height:100%}.jodit-source *{font:12px Monaco,Menlo,Ubuntu Mono,Consolas,source-code-pro,monospace}.jodit-container.jodit-source__mode .jodit-wysiwyg,.jodit-container.jodit-source__mode .jodit-wysiwyg_iframe{display:none!important}.jodit-container.jodit-source__mode .jodit-source{display:block!important}.jodit-container.jodit_split_mode .jodit-workplace{flex-flow:row}.jodit-container.jodit_split_mode .jodit-source,.jodit-container.jodit_split_mode .jodit-wysiwyg,.jodit-container.jodit_split_mode .jodit-wysiwyg_iframe{flex:1;width:50%;display:block!important}.jodit-source__mirror{background:var(--jd-color-source-area);box-shadow:none;box-sizing:border-box;color:#f0f0f0;height:100%;min-height:100%;padding:var(--jd-padding-default);resize:none;tab-size:2em;white-space:pre-wrap;z-index:2;border:0;outline:none;width:100%;margin:0;font:12px Monaco,Menlo,Ubuntu Mono,Consolas,source-code-pro,monospace;overflow:auto}.jodit-source__mirror::selection{background:var(--jd-color-selection-area)}.jodit_sticky-dummy_toolbar{display:none}.jodit_sticky>.jodit-toolbar__box{border-bottom:1px solid var(--jd-color-border);z-index:3;position:sticky;top:0;left:auto}.jodit_sticky .jodit_sticky-dummy_toolbar{display:block}.jodit-symbols{padding:var(--jd-padding-default);width:460px}.jodit-symbols__container{display:flex}.jodit-symbols__container_table{width:88%}.jodit-symbols__container_preview{width:12%}.jodit-symbols__preview{border:1px solid var(--jd-color-border);text-align:center;padding:20px 0;font-size:34px}.jodit-symbols__table{border-spacing:0;table-layout:fixed;border:0}.jodit-symbols__table td{padding:0}.jodit-symbols__table td a{box-sizing:border-box;color:var(--jd-color-text);cursor:pointer;height:calc(var(--jd-height-element-default)*1.2);font-size:16px;line-height:calc(var(--jd-height-element-default)*1.2);text-align:center;vertical-align:top;width:calc(var(--jd-width-element-default)*1.2);border:1px solid #0000;text-decoration:none;display:inline-block}.jodit-symbols__table td a:focus,.jodit-symbols__table td a:hover{outline:2px solid var(--jd-color-border)}.jodit-ui-ai-assistant{min-width:460px;padding:var(--jd-padding-default);width:100%}@media (max-width:768px){.jodit-ui-ai-assistant{min-width:100%}}.jodit-ui-ai-assistant__body{margin-bottom:10px}.jodit-ui-ai-assistant__prompt-row{align-items:flex-start;margin-bottom:10px;display:flex}.jodit-ui-ai-assistant__prompt-row-label{margin-right:10px}.jodit-ui-ai-assistant__prompt-row-input{flex:1;margin-right:10px}.jodit-ui-ai-assistant__prompt-row .jodit-icon_ai_assistant{cursor:pointer;width:22px;height:22px}.jodit-ui-ai-assistant__prompt-row .jodit-ui-button{margin-right:10px}.jodit-ui-ai-assistant__prompt-row .jodit-ui-button_ai_assistant{margin-top:20px;margin-right:0}.jodit-ui-ai-assistant__results{border-color:var(--jd-color-label);min-width:100%;max-width:460px;height:300px;min-height:300px;padding:var(--jd-padding-default);border-style:solid;border-width:1px;line-height:1.5;position:relative;overflow:auto}.jodit-ui-ai-assistant__results p{margin:0 0 10px}.jodit-ui-ai-assistant__close{cursor:pointer;padding:10px;position:absolute;top:0;right:0}.jodit-ui-ai-assistant_hide_true{display:none}.jodit-ui-ai-assistant__spinner:before{box-sizing:border-box;content:"";border:1px solid #ccc;border-top-color:#8817c3;border-radius:50%;width:30px;height:30px;margin-top:-15px;margin-left:-15px;animation:.6s linear infinite b;position:absolute;top:50%;left:50%}.jodit-ui-ai-assistant__error{color:var(--jd-color-error)}.jodit-context table,.jodit-wysiwyg table{border-collapse:collapse;empty-cells:show;border:none;max-width:100%;margin-top:1em;margin-bottom:1em}.jodit-context table tr,.jodit-wysiwyg table tr{-webkit-user-select:none;user-select:none}.jodit-context table tr td,.jodit-context table tr th,.jodit-wysiwyg table tr td,.jodit-wysiwyg table tr th{border:1px solid var(--jd-color-border);-webkit-user-select:text;user-select:text;vertical-align:middle;min-width:2em;padding:.4em}.jodit-form__inserter{--jd-color-table-cell-background-hover:var(--jd-color-button-background-hover)}.jodit-form__inserter .jodit-form__table-creator-box{display:flex}@media (max-width:768px){.jodit-form__inserter .jodit-form__table-creator-box{flex-direction:column}}.jodit-form__inserter .jodit-form__table-creator-box .jodit-form__container{min-width:180px;margin:0;padding:0;font-size:0}.jodit-form__inserter .jodit-form__table-creator-box .jodit-form__container>div>span{border:1px solid var(--jd-color-border);box-sizing:border-box;cursor:pointer;height:var(--jd-height-element-default);vertical-align:top;width:var(--jd-width-element-default);margin-bottom:2px;margin-left:2px;display:inline-block}.jodit-form__inserter .jodit-form__table-creator-box .jodit-form__container>div>span:first-child{margin-left:0}.jodit-form__inserter .jodit-form__table-creator-box .jodit-form__container>div>span.jodit_hovered{background:var(--jd-color-table-cell-background-hover);border-color:var(--jd-color-table-cell-background-hover)}.jodit-form__inserter .jodit-form__table-creator-box .jodit-form__options{font-size:var(--jd-font-size-default)}.jodit-form__inserter .jodit-form__table-creator-box .jodit-form__options label{text-align:left;padding-top:0}.jodit-form__inserter .jodit-form__table-creator-box .jodit-form__options label input{margin-right:var(--jd-padding-default)}.jodit-form__inserter label{text-align:center;margin:0;padding:8px;font-size:14px}.jodit-xpath{margin-left:calc(var(--jd-padding-default)/-2);align-items:center;display:flex}.jodit-xpath__item{height:var(--jd-font-size-small);line-height:calc(var(--jd-font-size-small) - 1px);display:flex}.jodit-xpath__item a{color:var(--jd-color-default);font-size:var(--jd-font-size-small);outline:0;margin-left:2px;padding:0 3px}:root{--jd-color-white:#fff;--jd-color-gray:#dadada;--jd-color-gray-dark:#a5a5a5;--jd-color-dark:#4c4c4c;--jd-color-blue:#b5d6fd;--jd-color-light-blue:#b5d6fd80;--jd-color-red:#ff3b3b;--jd-color-light-red:#ff3b3b66;--jd-color-default:var(--jd-color-dark);--jd-color-text:#222;--jd-color-label:var(--jd-color-gray-dark);--jd-color-error:var(--jd-color-red);--jd-color-border:var(--jd-color-gray);--jd-color-border-dark:var(--jd-color-dark);--jd-color-border-selected:#1e88e5;--jd-color-border-active:#b5b5b5;--jd-color-selection:var(--jd-color-dark);--jd-color-selection-area:#bdbdbd;--jd-color-separator:var(--jd-color-border);--jd-color-placeholder:var(--jd-color-gray-dark);--jd-color-panel:#f9f9f9;--jd-color-resizer:#c8c8c8;--jd-color-background-default:var(--jd-color-white);--jd-color-background-light-gray:#f5f5f6;--jd-color-background-gray:var(--jd-color-gray);--jd-color-background-gray-hover:#f8f8f8;--jd-color-background-button-hover:#ecebe9;--jd-color-background-button-hover-opacity30:#ecebe94d;--jd-color-background-progress:#b91f1f;--jd-color-background-active:#2196f3;--jd-color-background-selection:#b5d6fd;--jd-color-text-selection:var(--jd-color-white);--jd-color-background-selection-opacity50:#b5d6fdfe;--jd-color-source-area:#323232;--jd-color-button-background-hover:#dcdcdc;--jd-color-button-background-hover-opacity40:#dbdbdb66;--jd-color-button-background-hover-opacity60:#dbdbdb99;--jd-font-default:-apple-system,blinkmacsystemfont,"Segoe UI",roboto,oxygen-sans,ubuntu,cantarell,"Helvetica Neue",sans-serif;--jd-font-size-default:14px;--jd-font-size-small:11px;--jd-color-text-icons:#000000bf;--jd-color-icon:var(--jd-color-dark);--jd-padding-default:8px;--jd-border-radius-default:3px;--jd-icon-tiny-size:8px;--jd-icon-xsmall-size:10px;--jd-icon-small-size:12px;--jd-icon-middle-size:14px;--jd-icon-large-size:16px;--jd-z-index-full-size:100000;--jd-z-index-popup:10000000;--jd-z-index-dialog-overlay:20000000;--jd-z-index-dialog:20000000;--jd-z-index-context-menu:30000000;--jd-z-index-tooltip:30000000;--jd-icon-loader-size:48px;--jd-width-element-default:18px;--jd-height-element-default:18px;--jd-dark-background-color:#575757;--jd-dark-background-ligher:silver;--jd-dark-background-darknes:#353535;--jd-dark-border-color:#444;--jd-dark-text-color:#d1cccc;--jd-dark-text-color-opacity80:#d1cccccc;--jd-dark-text-color-opacity50:#d1cccc80;--jd-dark-icon-color:silver;--jd-dark-toolbar-color:#5f5c5c;--jd-dark-toolbar-seperator-color1:#51515169;--jd-dark-toolbar-seperator-color2:#686767;--jd-dark-toolbar-seperator-color-opacity80:#696969cc;--jd-dark-toolbar-seperator-color3:#696969bf;--jd-dark-color-border-selected:#152f5f;--jd-width-default:180px;--jd-width-input-min:var(--jd-width-default);--jd-input-height:32px;--jd-button-icon-size:14px;--jd-margin-v:2px;--jd-button-df-size:calc((var(--jd-button-icon-size) - 4px)*2);--jd-button-size:calc(var(--jd-button-icon-size) + var(--jd-button-df-size) + var(--jd-margin-v)*2);--jd-focus-input-box-shadow:0 0 0 .05rem #007bff40}.jodit-wysiwyg{outline:0}.jodit-wysiwyg ::selection{color:#4c4c4c;background:#b5d6fd}.jodit-wysiwyg::selection{color:#4c4c4c;background:#b5d6fd}.jodit-container:not(.jodit_inline) .jodit-wysiwyg{outline:0;margin:0;padding:8px;position:relative;overflow-x:auto}.jodit-container:not(.jodit_inline) .jodit-wysiwyg img{max-width:100%;position:relative}.jodit-container:not(.jodit_inline) .jodit-wysiwyg jodit-media{position:relative}.jodit-container:not(.jodit_inline) .jodit-wysiwyg jodit-media *{z-index:0;position:relative}.jodit-container:not(.jodit_inline) .jodit-wysiwyg jodit-media:before{content:"";z-index:1;position:absolute;inset:0}:root{--jd-switche-width:60px;--jd-switche-height:32px;--jd-switche-slider-margin:4px;--jd-switche-slider-size:calc(var(--jd-switche-height) - var(--jd-switche-slider-margin)*2)}.jodit-form{color:var(--jd-color-default);font-family:var(--jd-font-default);font-size:var(--jd-font-size-default)}.jodit-form.jodit_error{border-color:var(--jd-color-error);box-shadow:inset 0 0 3px #bdbdbd4d}@media (max-width:768px){.jodit-form{min-width:150px}}.jodit-form button{color:var(--jd-color-dark);cursor:pointer;height:36px;margin-bottom:var(--jd-padding-default);margin-top:var(--jd-padding-default);padding:var(--jd-padding-default);background:#d6d6d6;border:none;outline:none;font-size:16px;line-height:1;text-decoration:none;transition:background .2s}.jodit-form button:hover{background-color:var(--jd-color-background-button-hover);color:var(--jd-color-dark)}.jodit-form button:active{background:var(--jd-color-background-button-hover);color:var(--jd-color-dark)}.jodit-form label{margin-bottom:var(--jd-padding-default);text-align:left;white-space:nowrap;align-items:center;display:flex}.jodit-form label:last-child{margin-bottom:0}.jodit-form .jodit-form__center{justify-content:center}.jodit .jodit-input,.jodit .jodit-select,.jodit .jodit-textarea{appearance:none;background-color:var(--jd-color-white);border:1px solid var(--jd-color-border);box-sizing:border-box;font-family:var(--jd-font-default);font-size:var(--jd-font-size-default);height:var(--jd-input-height);padding:0 var(--jd-padding-default);border-radius:0;outline:none;width:100%;line-height:1.2}.jodit .jodit-input[disabled],.jodit .jodit-select[disabled],.jodit .jodit-textarea[disabled]{color:var(--jd-color-border);background-color:#f0f0f0}.jodit .jodit-input_has-error_true,.jodit .jodit-select_has-error_true,.jodit .jodit-textarea_has-error_true{border-color:var(--jd-color-red)}.jodit .jodit-input:focus{border-color:#66afe9;outline:0}.jodit-checkbox{cursor:pointer;height:16px;margin:0 calc(var(--jd-padding-default)/2)0 0;z-index:2;border:0;outline:none;width:16px;padding:0;position:relative}.jodit-select{padding-right:calc(var(--jd-padding-default)*2);background-image:url("data:image/svg+xml;charset=utf-8,%3Csvg xmlns='http://www.w3.org/2000/svg' id='Layer_1' data-name='Layer 1' viewBox='0 0 4.95 10'%3E%3Cdefs%3E%3Cstyle%3E.cls-2{fill:%23444}%3C/style%3E%3C/defs%3E%3Ctitle%3Earrows%3C/title%3E%3Cpath d='M0 0h4.95v10H0z' style='fill:%23fff'/%3E%3Cpath d='m1.41 4.67 1.07-1.49 1.06 1.49zM3.54 5.33 2.48 6.82 1.41 5.33z' class='cls-2'/%3E%3C/svg%3E");background-position:98%;background-repeat:no-repeat}.jodit-textarea{height:auto}.jodit-form__group,.jodit-textarea{min-width:var(--jd-width-input-min)}.jodit-form__group{margin-bottom:var(--jd-padding-default);flex-direction:column;display:flex}.jodit-form__group label{margin-bottom:calc(var(--jd-padding-default)/2)}.jodit-button{background-color:var(--jd-color-background-gray);color:var(--jd-color-default);cursor:pointer;height:calc(var(--jd-padding-default)*4);padding:0 var(--jd-padding-default);-webkit-user-select:none;user-select:none;border:0;border-radius:.25rem;justify-content:center;align-items:center;width:auto;margin:0;line-height:1;text-decoration:none;display:inline-flex;position:relative}.jodit-button svg{width:24px;height:24px;display:inline-block}.jodit-button svg+span{margin-left:calc(var(--jd-padding-default)/2)}.jodit-button:active,.jodit-button:focus{outline:0}.jodit-button.disabled{opacity:.7}.jodit-buttons{margin-bottom:var(--jd-padding-default);flex-wrap:nowrap;justify-content:space-between;display:flex}.jodit-button .jodit_icon,.jodit-button svg,.jodit-dialog__header .jodit_icon,.jodit-dialog__header svg{vertical-align:middle;width:16px;height:16px;display:inline-block}.jodit-switcher-wrapper{align-items:center;display:flex}.jodit-switcher-wrapper .jodit-switcher+span{margin-left:var(--jd-padding-default)}.jodit-switcher{height:var(--jd-switche-height);width:var(--jd-switche-width);display:inline-block;position:relative}.jodit-switcher input{opacity:0;width:0;height:0}.jodit-switcher .jodit-switcher__slider{background-color:var(--jd-color-gray);border-radius:var(--jd-switche-height);cursor:pointer;transition:all .4s;position:absolute;inset:0}.jodit-switcher .jodit-switcher__slider:before{bottom:var(--jd-switche-slider-margin);content:"";height:var(--jd-switche-slider-size);left:var(--jd-switche-slider-margin);width:var(--jd-switche-slider-size);background-color:#fff;border-radius:50%;transition:all .4s;position:absolute}input:checked+.jodit-switcher__slider{background-color:var(--jd-color-background-active)}input:checked+.jodit-switcher__slider:before{transform:translateX(calc(var(--jd-switche-width) - var(--jd-switche-slider-margin)*2 - var(--jd-switche-slider-size)))}input:focus+.jodit-switcher__slider{box-shadow:0 0 1px var(--jd-color-background-active)}.jodit-button-group{display:flex}.jodit-button-group input{display:none}.jodit-button-group button{text-align:center;flex:1;justify-content:center;display:flex}.jodit-button-group button+button{margin-left:-1px}.jodit-button-group button:first-child,.jodit-button-group input:first-child+button{border-right:0;border-top-right-radius:0;border-bottom-right-radius:0}.jodit-button-group button:last-child,.jodit-button-group input:last-child+button{border-left:0;border-top-left-radius:0;border-bottom-left-radius:0}.jodit-button-group input[type=checkbox]:checked+button,.jodit-button-group input[type=checkbox]:not(:checked)+button+button{background-image:none;box-shadow:inset 0 2px 4px #0000004d,0 1px 2px #0000000d}.jodit_text_icons .jodit_icon{font-size:var(--jd-font-size-default);width:auto}.jodit_text_icons .jodit_icon:first-letter{text-transform:uppercase}.jodit_text_icons .jodit-tabs .jodit-tabs__buttons>a{font-family:var(--jd-font-default);width:auto}.jodit_text_icons .jodit-tabs .jodit-tabs__buttons>a i{width:auto}.jodit_text_icons.jodit-dialog .jodit-button,.jodit_text_icons.jodit-dialog .jodit-dialog__header a{color:var(--jd-color-text-icons);font-family:var(--jd-font-default);padding:var(--jd-padding-default);width:auto}.jodit_text_icons.jodit-dialog .jodit-button .jodit_icon,.jodit_text_icons.jodit-dialog .jodit-dialog__header a .jodit_icon{width:auto}.jodit-grid{width:100%;display:flex}.jodit-grid.jodit-grid_column{flex-direction:column}@media (max-width:480px){.jodit-grid.jodit-grid_xs-column{flex-direction:column}}.jodit-grid [class*=jodit_col-]{flex:auto}.jodit-grid .jodit_col-lg-5-5{width:100%}.jodit-grid .jodit_col-lg-4-5{width:80%}.jodit-grid .jodit_col-lg-3-5{width:60%}.jodit-grid .jodit_col-lg-2-5{width:40%}.jodit-grid .jodit_col-lg-1-5{width:20%}.jodit-grid .jodit_col-lg-4-4{width:100%}.jodit-grid .jodit_col-lg-3-4{width:75%}.jodit-grid .jodit_col-lg-2-4{width:50%}.jodit-grid .jodit_col-lg-1-4{width:25%}@media (max-width:992px){.jodit-grid .jodit_col-md-5-5{width:100%}.jodit-grid .jodit_col-md-4-5{width:80%}.jodit-grid .jodit_col-md-3-5{width:60%}.jodit-grid .jodit_col-md-2-5{width:40%}.jodit-grid .jodit_col-md-1-5{width:20%}.jodit-grid .jodit_col-md-4-4{width:100%}.jodit-grid .jodit_col-md-3-4{width:75%}.jodit-grid .jodit_col-md-2-4{width:50%}.jodit-grid .jodit_col-md-1-4{width:25%}}@media (max-width:768px){.jodit-grid .jodit_col-sm-5-5{width:100%}.jodit-grid .jodit_col-sm-4-5{width:80%}.jodit-grid .jodit_col-sm-3-5{width:60%}.jodit-grid .jodit_col-sm-2-5{width:40%}.jodit-grid .jodit_col-sm-1-5{width:20%}.jodit-grid .jodit_col-sm-4-4{width:100%}.jodit-grid .jodit_col-sm-3-4{width:75%}.jodit-grid .jodit_col-sm-2-4{width:50%}.jodit-grid .jodit_col-sm-1-4{width:25%}}@media (max-width:480px){.jodit-grid .jodit_col-xs-5-5{width:100%}.jodit-grid .jodit_col-xs-4-5{width:80%}.jodit-grid .jodit_col-xs-3-5{width:60%}.jodit-grid .jodit_col-xs-2-5{width:40%}.jodit-grid .jodit_col-xs-1-5{width:20%}.jodit-grid .jodit_col-xs-4-4{width:100%}.jodit-grid .jodit_col-xs-3-4{width:75%}.jodit-grid .jodit_col-xs-2-4{width:50%}.jodit-grid .jodit_col-xs-1-4{width:25%}}@keyframes b{to{transform:rotate(1turn)}}.jodit-icon_loader{height:var(--jd-icon-loader-size);vertical-align:middle;width:var(--jd-icon-loader-size);will-change:transform;background:url(data:image/png;base64,iVBORw0KGgoAAAANSUhEUgAAAIAAAACACAYAAADDPmHLAAAABGdBTUEAAK/INwWK6QAAABl0RVh0U29mdHdhcmUAQWRvYmUgSW1hZ2VSZWFkeXHJZTwAABRsSURBVHja7F1/aJfVGn/33RgUg8FiNfK2WCykyS7GLoYyUbwYipZMumgLo+iPS9HlXhSHkRXdislESxMz0mapuaFo2myjkfnNlTQ2FJdTu8NvLVcrdbpcfGvxrfs823m/vXt3fjznvOedzr0PPJzzPe+7d+97Ps95nuc851fGAw884CD98ccfI1Jqmc3UpEyQz4FkMqRTgYshn8fymZ57SyGbzf5mENIOz9+ngE9Atg/SLkhPQHoWeEDn3SmpSZlJnvf7ypUrTpb7IyMjY+gGN6WWmaY84l2T3c+u58D1csjOgvwsyBdBvsDRo2zgMl/ZNM59vcAJ4Dj8nzikLa5QmBLv28YCfPd3li7gPHBMwKdcEwhCJgN6FoLOWJtUgiWovALG04FXsbI44xbgw8AplbaU/Q+ZQNgGf0gA/JWhC1aQyle1eN91rPRKKKuEsjzZvSph0m2RiutpIYRrfZC8B+l7kB6jgq0CnQIy9X39v2NYQW5FeUFQlQVN/aALyiYBPw/5M5B+Dvw02vMggqcDukEl57F3xHf9H747+4bA5oD6dzqaYEgAqIDbBl9RhvZ4H/B5yL+IDp3oXhmwNkm3lTLn80VIz+O3QFqm2/rHwgeI6QDOa006LZ3Q4lHNNwK3AVeYAD4WgmHQUivYNzWyb7xufICYaavXVbuKZ6MXfwRVJ+TnXW+Am/oMnNaO3/Y5pPitcyh/a6LqtXwAt+J01LVFEzAJ0jpIj7JunJYd1wHchnBQHUSC3Uan8WPgPVgHlBiBCcAkH4Da2i2DjwGZlcy5W0K17zLwVb9NgaY4iJpawJs+BCnWwUo3SKXT4oOAP8IHCFsIfMCguj8JaQ2kOaaA227d10ALuIR1gHVxErjctPtHBd8btSR3A4MIgSePAZxqVPeQlthq7ZRuZVABCVkLuGkJpGgKsY4ybfUEVO84qhsoAzSgrUfHZ1UQVe99B6o2oMYdwg7latAq5iROGoueQExW6UE0gCe/ANIh9SZ6jqkWsN3STZ0rHWEgpkNmEvILxqQbSAXaAPxqSBswQkbpbpo6fGPR0m3GBYjBIIwqNjCTEAr4wkBQUA0AjKNrdZCu0okAqgQhTKCDhFxV91BNgsDuYx3WQZptG3xtDUCJEDKvthGuLVEJlq4gUMyAylfQERadPrhKOHTmB3Ces4RFEXNsgW8UClbZcEhxqPQIpHOord2k1ZsAH4YvYNJXN3EgWX4Ocw4LbIEvDQSJfADJtULWxSuj+BBUP4DaC6D0DkyFg6JKTVo/5brvXqzbo2zSi3af3/9bGgrW1Ar5kH4MXEzVHEHVf5CuYZC4fti9AoI/gXX8Eda5Tp9f9I4xWWsnOoc5zNMv1okjmKp/vzay3epNJ4+YmALdoWBPWTHksc5zTU1AekqYt7LcWTruTYTZQdmQHoB0GuXv/de8L8e7xrsuA8kPNtx3AZIOxp3APc7wvD6kvi+//DLh3nvPPfegWs1jf4dBGGxpOA+hlOXzgw7VBjEBnDKcs4jzDOZDOmjqD2SJQFGBx9JaSOcQ7xVO2RIJhf86AfB+Z3huHs7Ra2pra+ugtubTp0+jMLgC0e6/ftddd6EgzMO5iGwSaq4NITCdLczy6GzXAj8KnDIxAaM0AKeViwCtgbRSNgGUJwQyDaACngO4w6S/CXgb8KEvvvgiFUaw59y5c64mWXvnnXdmsijdYxjpdP6cXh6oS0g1Bb48zpFEzValA3663pcuXaoleSzFltBIlWhRmWx+v6yMcQJ4PU7A/Oyzz/qca0R33HEHrjlAEJa73rns24JqA0keTUGTjglIJpNOxsMPP6wLfiGkx53hxRbcewwXc1BAx0u4gGMNcP2nn36acq4juv322ytZ5K7UlhBo5LER3AvcTXU60wKgYbsyWTCi3LTV6wLvKesGrvrkk0/qneucCgoKHoJkHbxvYRAhMMij/zMbVzZRTMAvv/wycj4AoRv4Mk7oII4HkLp+vC6drwxt/FrgKeMBfKTe3t69UMFTgPG9B3WcQdMeBsvjhJJqnYGqjMrKSmr/tZxNWAi87o9i+1l5O6SPNjc3dzrjlPLz83HyC/aWpqk0gWZUUHZtJvxuUZmAtAYgtHycr/a6qIXz2DQI5OH1UDRjPIOPdOHChU6o+JmQXW+68JYS4vUB/bozvN5RGAImdwPZA3AC51RKrMAfyBHFGCRBnz4oe7ypqemgc4PQxYsX0YytuOWWW3BRaa3DWd0U1A/w/Z4KvBx4jcoExAitE6dzPStr3RR/QKQ5fOUJ4PsaGxtvGPC9dOnSJfyu+7ALa9MJFPx+lkU05YNBBDVdg0uwKc4eAWCZ83cC8jM+/PDDLucGpr6+Pvy+GWz/ASs9AMFvd7ax1ATEFOBjmLdSBraN3gBwHHhmQ0NDrzMB6PLly73MUYubOs3EiB/GJebyTEB6QogCnGrV6KAFR7AVeP4HH3ww4EwgunLlCn7vfACi1UQDqMb5PWUvm5qAB3HESXNomKz2GaOHv/DAgQNJZwJSf38/fvdC3J5G1iPQnf3jK5sGvx80MQHP69hxHWZ/2wN8//vvv3/BmcD0008/XWCaoEcUJ6C0eoUWeFbXBOBCzTKKJ2/YExgEXrRv374eJyLn6tWrWA+LAJRBy+o/rQUQUx0TsFwzRKzLK/bu3dseQf8nDQwMYH2sCOL0ibx9Vr6cagIKmf0nxe8pguC7vn/Pnj2bIshH088//4z1st+m+veUI6ZFFBOwLGj/XqIh0O4/HkEtJgDmcZ4/EED9e69VKk0ACoDN1u/jqrq6uv4IZjElk0msnypbwPs0wTKVCUBnYbLuMC5REA7v3r37vQhikhBgPTWrTAEFeB9NZt3C0SbAr/6DdPM4jF7/PyNotUzBU26vgAo8x+7zri3jmgAgnOJdKYrVB9QEb+zcubMrgpVOv/76K9bXGzrACwTJfw1D+9k8EzAXOE8GviEPAK+JIDXSAlhvA7yWTWztvMfiXM65PBNQrgLfUBi2v/vuu70RnPo0ODjYC0BtN3D2VNfLR5gAz04eRn17yb0p4A0RlIEI6y+la/MV1xf4fYACSEtDiP031dbWRrY/AP32229dAGCTrs1XrHHEaesFXh+gXCfooyEM2yIIrdC2ADZ/1D1eM+CagHLJ5ExTxrl9hyLsrDiDWI99EjApgPvLRwhAmQh4HV/Axwe3bt06GMEXnFKpFK4tOBgQcH95WdoEAE01nc8Xi8VEArA3gs4q7VWpfsHaCpEg4GrnoeXhOEKUw3u4yZYqbGo4Lk2KR5hZpcOsXjO9GIm0AYFycTErmoDJVLWu0Tto3bJly0CEmT36/fffkzh/UKfVE3yLkix3Xx+v5FjYaaslgiwUZxDrdbrm38guF6EAFFKAF5kEwcFPrRFcoVCrIdAiKsSlYUWqFi/zBwTXOiKsQqGOIKe1cQRmSAPkmYIv0ADY9Yuif+GYgC5Wv9kB1L6X8lAA8k3BFwhB94YNG1IRXPYJutwpINwBpNjSI/O5AhDQGUxEUIVKCRMBEGiFIQG4yX+Daf+fPacvwihUM2Czfm/KcgMLtjZZhudEY//hks2VVJlZ7tJvi5SMMApVA9gMsOVkXYvDFiO6fggFACUqJ6qKcaMBbD5uAH2AlE0fIKJxRSnUAGizcykePtWzjOo1VA2gpa0V2CVRALBbURDwQV4qiGAKVQDyLZ571JfFum0lFqTJvScvgilUytPxAxSY9boawMbD3OtFEUahaoAinQap0gA4JSzhPswSFz733HOZEVT2KZlMYr0WesGV7KpOoQRqgG6DVi4rx5EqjFWfjSCz3vqLHd9IoGyYnoBjNwpAwhBoWXlpJAChCECpv66p5ycJBCSBcwI7daZ7E83FtAiuUGgaT/WLACaYhk4MBCVk0UDKWb2c3+URVqFogOm8OqccqMW5d+Dmm29OuGsDOyw7gmUvvfRSFBCySFevXsX6LBO1cIoG8NEQ5u7KoFbLi0Kz3fODI7JGeHbwTSJADcxCq1cAWnR39yYIQUWEmVX1X2G6SYTgnhavABwL0uoF91dUV1dnR9AFp/7+fjysq0IGvIEGODYkAOwa7t/XYXl3kDzgBRF8Vgg3eczT2SqGYP97vBoA83ELrd6/WPSJCDsr6v8Jw91BRdfS6za9ewQ1qVo9RQv47plXU1NTHEFoTpcvX8aTwueJgKdoAI4wpE8Y9e4SdtgdGLK4S1gm8L8jGAO1fqy/TNmiUE1hQIwPj9AADOQk7ugRdJ9ADj+2bt26aI6AAV26dAnr7THqnsFEYTgEnBRtFl0fwk6hOcCrIjiNaBXOAKIcuq3hG4w4fTXma+lNOEHEZFs4hcA8+eqrr0a+gAZdvHgRbf+TsrMDDMxBr2v/eT7A0L5+8HN7AKdPFhncHMGqZftfB84Wga0yBwKtsN1hk4B5PsCIrd0C2HwRz924cWNlBK2afvzxx0rX89c5Qo4gCNv85bwDI7r8XUKqynfL/KmHazZt2pQbQSymH374AffuqeEB7gWXCrzHFCCmXf5niE4NWxPkJFAJ41GmtRHMUtWP9TNJdYScgQZYo3NoFEYF21WmgAq8776KzZs3Px1BPZq+//57rJcKXhg3oClo90b/qCeHvqLjA2j6B+u2bNlSFkH+J3333XdlAMo6ntq3cJroK6K4gOzgyP2oBaj2nqIdPGXYKzjw5ptvToqgd5yenh5U+Qcgmy07UdxQA7QD7xfFClSnh68Oelag6H5n+Fj6j9566638iQz++fPn8wGMRq/dV4EviwVwrq0W9QpUJsAdINof5LRQxfNLgBu2bt06IaePffvttzjDp8EZ3r6dDL7sQEkfyAdVW82rjo9H/hdkB2y2ft89eEB149tvvz2hlqh/8803OazlTzMFX6ENcKLvU7LgEMUEuIc9vqLb+inBJE8ezyo+un379gkxaPT111/jdx4FEGbJwOd1A2VdQ9896Pj1qIJDMSJI6yHpNGnpGlHFqVgp77zzzg29tjCRSBQx8KfKWrmJBvDkO4HXU3oI7pQwFUDpc/8s9ABk14uB23bs2HFDTiU7d+7cAqj4NrbESxtojeAQYjWoOnyaqwF4AsFSnDm81lT1y2YZ+cpwLmHDzp07a3bt2nVDTCrt6urKBq5hDl8eBXCTHgGjtWxTaVK8IEYFjKWrvVPIdU8VE2kMgUCsBD6ye/fukvEM/ldffVUCFX4EsitVtl3UYjU0wDHg1dQIodQJFJShKXgE0j5dLaACn6MJkKcDH6+rq6uur68fV72EM2fO5Jw9e7YasseBp5u0cKoQsDxO9Vrqqn6R2hdGAjWEoBvSR03B9wPNA95HGDVcBXxqz549D40H8E+fPo3vecoZntGTreqzmwgBRyDw2Plu3TBxxmuvvcYFUQYwy+OQ5UoV6DITQzEJnGsdbLSyfvHixdfVptSnTp2qZMJaqtsVVtWbAiP0zap498ryt956q5OxYcMGyj/gpbhbxS5IlwSJBQQYYsZVzWtREBYtWnTN9ic+efIkOq1LmM9SZDKplioQgrJ6ZpZTVODd32kBIEoZL0UvvdFdCBoUfGo8gXM0/UHgHTireeHChaFrhePHj+N0dzxqdxnwg2xwS0vD6YIvwAOnd89nvhkZeJduu+02J2Pjxo0UKZO9GM7w+cjdFMIgCmiqAXj39bO5DPFYLNY8b948ayeXtLW1lbIT1mcxzjVZUGtqCjh44Bj/34H7ZXjJhCItAAHAd1Mc0fvcPYAqCPhBhIHDF5jP0MF2QkmwE02HTMjs2bPTpqOlpSXPVeHABSwoVcLsOebzTWZH2fADOClO7ZqB3yfDTWUSUACyiHZG9UJY0SiNH7PKIjsiqt6BooegIhTMOYxHUTweN3q26EAN/wkr3t+qvEaKczbvxzoXPcf7brL/a9oNFKXYPZzpnUpGlX6dbqHIDIRNlIWXsuibbjdQkGLdzoQ0YfJ/uJFAamsndllw19HZzDlxVGFmkcqilFnSEFotnnKNOlZPGQX0lWOdzoa01xR47nCwDtBEpwbHoedj94wy0KSKCOoIQhgaQrXZgkoYdMCXPAvrcr57WITuXEHlcLCu00cQGjza7BEcRjbRAFSNQAXXVAh0zuY1BV/Q2r3pekixnz+oGRomvVtMV9Vr3I/98RXAC73LzoM4grIWb1sIxgp8iSnAOlsIKdZhynB8QG8wiKIBDPyCQ5C9F0cRKY6gDFwZ2DaFIEzwCS3e3b/nXlzKras1dFr/KA2go/5FLVRwfzdzDtfodgupZoFqGohbqIYGPsH+Yx3NxF6V7D2omkXlmMZM1T8PDMXfoUl4BruKkHaaaANbtj2MnoEJ+L6/72RdvGe8Kt9kjqBOj4SsAUyvce7BCSV/Ba6C/EBYXcSg5oIKtqkj5ikbgLSKqfwWaheRWqZ6j1gIAFPuQW2AI3lTIN0b1CSonMSwYgCU6wqQ8NunsOHcQcozVKZIVwhiKjVuMEihY0YwevgPSDG0eUy3ezjWYOsEhRRAHWPf/A93Egc1MKTj+FGEIGZhIEgJiMzPYPlmHNxgjmLTtRSCsOw+o2YWzcNvbTYIBVsVgrQGsAW+6cCSJx9nUcS/QbrfVAjCDgQZ/P1+yOM33Q9pPMizqCaAKgSxsMCntk6B2sdVyYsh/QvwC7hriY4QhCkUGi0e3/kF/AYow29pJ8YArJkAihDEwgRfVyNw8rif7X+B74Y8qs03nOGNDq0IgQ3Afff0sXecAfm72bv3UFoxpdWbtH7V32cFcfgoLcyCEKQdJ9zVHNL/AM9ijOP808MYD/CP7UvuO8ZGP+OMB3nP4T1PNfYvey/KXAPKd2XpevA27iWYANk9g8yZamblOa5A4FQtZ/jEsjybWsBTaX1sQkbcA/iACAQd0E2EQgU8RUiyKC02qGnQjS6qwPP9LQJwiLFLuUwQcBuaIiYQuBjTPc8wk/32VtYJFq104xQnmLlJMPuNNr3fUEuQQtDUVm8DeNcc/F+AAQBKd8HaIWdjwQAAAABJRU5ErkJggg==) 50%/100% 100% no-repeat;animation:2s ease-out infinite b;display:inline-block}.jodit-icon{width:14px;height:14px;fill:var(--jd-color-icon);background:50%/contain no-repeat;overflow:visible;transform-origin:0 0!important}.jodit-icon,.jodit-icon_close{stroke:var(--jd-color-icon)}svg.jodit-icon{isolation:isolate;height:auto}.jodit-icon_text{font-size:14px}.jodit,.jodit *,.jodit-container,.jodit-container *{box-sizing:border-box}.jodit .jodit-workplace,.jodit-container .jodit-workplace{position:relative;overflow:auto}.jodit .jodit-workplace .jodit-wysiwyg,.jodit .jodit-workplace .jodit-wysiwyg_iframe,.jodit-container .jodit-workplace .jodit-wysiwyg,.jodit-container .jodit-workplace .jodit-wysiwyg_iframe{width:100%;height:100%}.jodit-wysiwyg [contenteditable=false]{cursor:default}.jodit-container:not(.jodit_inline){background-color:var(--jd-color-background-light-gray);border:1px solid var(--jd-color-border);border-radius:var(--jd-border-radius-default)}.jodit-container:not(.jodit_inline) .jodit-workplace{background-color:var(--jd-color-background-default);border:0 solid var(--jd-color-border);max-height:100%}.jodit-container:not(.jodit_inline).jodit_disabled{background:var(--jd-color-background-gray)}.jodit-container:not(.jodit_inline).jodit_disabled .jodit-workplace{opacity:.4}.jodit_disabled,.jodit_lock{-webkit-user-select:none!important;user-select:none!important}.jodit_hidden{display:none!important}.jodit_vertical_middle{align-items:center;display:flex}.jodit-box{float:none;background:0 0;border:0;outline:0;width:auto;max-width:none;height:auto;margin:0;padding:0;position:static}.jodit-dialog_theme_dark,.jodit_theme_dark{--jd-color-border:#6b6b6b;--jd-color-text:var(--jd-dark-text-color)}.jodit-dialog_theme_dark .jodit-toolbar-collection_mode_horizontal,.jodit-dialog_theme_dark .jodit-toolbar-editor-collection_mode_horizontal,.jodit_theme_dark .jodit-toolbar-collection_mode_horizontal,.jodit_theme_dark .jodit-toolbar-editor-collection_mode_horizontal{background-image:repeating-linear-gradient(transparent 0,transparent calc(var(--jd-button-size) - 1px),var(--jd-color-border)var(--jd-button-size))}.jodit-dialog_theme_dark .jodit-toolbar-collection_mode_horizontal:after,.jodit-dialog_theme_dark .jodit-toolbar-editor-collection_mode_horizontal:after,.jodit_theme_dark .jodit-toolbar-collection_mode_horizontal:after,.jodit_theme_dark .jodit-toolbar-editor-collection_mode_horizontal:after{background-color:var(--jd-color-border)}.jodit-dialog_theme_dark .jodit-toolbar__box:not(:empty),.jodit_theme_dark .jodit-toolbar__box:not(:empty){border-color:var(--jd-color-border)}.jodit-dialog_theme_dark .jodit-toolbar__box:not(:empty) .jodit-toolbar-editor-collection:after,.jodit_theme_dark .jodit-toolbar__box:not(:empty) .jodit-toolbar-editor-collection:after{background-color:var(--jd-color-border)}.jodit-dialog_theme_dark .jodit-ui-group_separated_true:not(:last-child,.jodit-ui-group_before-spacer_true):after,.jodit_theme_dark .jodit-ui-group_separated_true:not(:last-child,.jodit-ui-group_before-spacer_true):after{border-right-color:var(--jd-color-border)}.jodit-dialog_theme_dark.jodit-container,.jodit_theme_dark.jodit-container{background-color:var(--jd-dark-background-color);border-color:var(--jd-color-border)}.jodit-dialog_theme_dark.jodit-container.jodit_disabled,.jodit_theme_dark.jodit-container.jodit_disabled{background-color:var(--jd-dark-background-color)}.jodit-dialog_theme_dark.jodit-container:not(.jodit_inline) .jodit-workplace,.jodit_theme_dark.jodit-container:not(.jodit_inline) .jodit-workplace{border-color:var(--jd-dark-background-color)}.jodit-dialog_theme_dark .jodit-popup__content,.jodit_theme_dark .jodit-popup__content{background:var(--jd-dark-background-color)}.jodit-dialog_theme_dark .jodit-toolbar-button,.jodit-dialog_theme_dark .jodit-toolbar-select,.jodit-dialog_theme_dark .jodit-ui-button,.jodit_theme_dark .jodit-toolbar-button,.jodit_theme_dark .jodit-toolbar-select,.jodit_theme_dark .jodit-ui-button{--jd-color-icon:var(--jd-dark-icon-color)}.jodit-dialog_theme_dark .jodit-toolbar-button__text,.jodit-dialog_theme_dark .jodit-toolbar-select__text,.jodit-dialog_theme_dark .jodit-ui-button__text,.jodit_theme_dark .jodit-toolbar-button__text,.jodit_theme_dark .jodit-toolbar-select__text,.jodit_theme_dark .jodit-ui-button__text{color:var(--jd-color-text)}.jodit-dialog_theme_dark .jodit-toolbar-button .jodit-icon,.jodit-dialog_theme_dark .jodit-toolbar-button svg,.jodit-dialog_theme_dark .jodit-toolbar-button__trigger,.jodit-dialog_theme_dark .jodit-toolbar-select .jodit-icon,.jodit-dialog_theme_dark .jodit-toolbar-select svg,.jodit-dialog_theme_dark .jodit-toolbar-select__trigger,.jodit-dialog_theme_dark .jodit-ui-button .jodit-icon,.jodit-dialog_theme_dark .jodit-ui-button svg,.jodit-dialog_theme_dark .jodit-ui-button__trigger,.jodit_theme_dark .jodit-toolbar-button .jodit-icon,.jodit_theme_dark .jodit-toolbar-button svg,.jodit_theme_dark .jodit-toolbar-button__trigger,.jodit_theme_dark .jodit-toolbar-select .jodit-icon,.jodit_theme_dark .jodit-toolbar-select svg,.jodit_theme_dark .jodit-toolbar-select__trigger,.jodit_theme_dark .jodit-ui-button .jodit-icon,.jodit_theme_dark .jodit-ui-button svg,.jodit_theme_dark .jodit-ui-button__trigger{fill:var(--jd-color-icon);stroke:var(--jd-color-icon)}.jodit-dialog_theme_dark .jodit-toolbar-button:hover:not([disabled]),.jodit-dialog_theme_dark .jodit-toolbar-button__button:hover:not([disabled]),.jodit-dialog_theme_dark .jodit-toolbar-button__text:hover:not([disabled]),.jodit-dialog_theme_dark .jodit-toolbar-button__trigger:hover:not([disabled]),.jodit-dialog_theme_dark .jodit-toolbar-select:hover:not([disabled]),.jodit-dialog_theme_dark .jodit-toolbar-select__button:hover:not([disabled]),.jodit-dialog_theme_dark .jodit-toolbar-select__text:hover:not([disabled]),.jodit-dialog_theme_dark .jodit-toolbar-select__trigger:hover:not([disabled]),.jodit-dialog_theme_dark .jodit-ui-button:hover:not([disabled]),.jodit-dialog_theme_dark .jodit-ui-button__button:hover:not([disabled]),.jodit-dialog_theme_dark .jodit-ui-button__text:hover:not([disabled]),.jodit-dialog_theme_dark .jodit-ui-button__trigger:hover:not([disabled]),.jodit_theme_dark .jodit-toolbar-button:hover:not([disabled]),.jodit_theme_dark .jodit-toolbar-button__button:hover:not([disabled]),.jodit_theme_dark .jodit-toolbar-button__text:hover:not([disabled]),.jodit_theme_dark .jodit-toolbar-button__trigger:hover:not([disabled]),.jodit_theme_dark .jodit-toolbar-select:hover:not([disabled]),.jodit_theme_dark .jodit-toolbar-select__button:hover:not([disabled]),.jodit_theme_dark .jodit-toolbar-select__text:hover:not([disabled]),.jodit_theme_dark .jodit-toolbar-select__trigger:hover:not([disabled]),.jodit_theme_dark .jodit-ui-button:hover:not([disabled]),.jodit_theme_dark .jodit-ui-button__button:hover:not([disabled]),.jodit_theme_dark .jodit-ui-button__text:hover:not([disabled]),.jodit_theme_dark .jodit-ui-button__trigger:hover:not([disabled]){--jd-color-text:var(--jd-dark-background-color);--jd-color-icon:var(--jd-dark-background-color);background-color:var(--jd-dark-background-ligher);color:var(--jd-dark-background-color)}.jodit-dialog_theme_dark .jodit-status-bar,.jodit-dialog_theme_dark .jodit-workplace+.jodit-status-bar:not(:empty),.jodit_theme_dark .jodit-status-bar,.jodit_theme_dark .jodit-workplace+.jodit-status-bar:not(:empty){background-color:var(--jd-dark-toolbar-color);border-color:var(--jd-color-border);color:var(--jd-dark-text-color)}.jodit-dialog_theme_dark .jodit-status-bar,.jodit-dialog_theme_dark .jodit-status-bar .jodit-status-bar__item a,.jodit-dialog_theme_dark .jodit-status-bar .jodit-status-bar__item span,.jodit-dialog_theme_dark .jodit-status-bar a.jodit-status-bar-link,.jodit-dialog_theme_dark .jodit-status-bar a.jodit-status-bar-link:hover,.jodit-dialog_theme_dark .jodit-status-bar a.jodit-status-bar-link:visited,.jodit-dialog_theme_dark .jodit-workplace+.jodit-status-bar:not(:empty),.jodit-dialog_theme_dark .jodit-workplace+.jodit-status-bar:not(:empty) .jodit-status-bar__item a,.jodit-dialog_theme_dark .jodit-workplace+.jodit-status-bar:not(:empty) .jodit-status-bar__item span,.jodit-dialog_theme_dark .jodit-workplace+.jodit-status-bar:not(:empty) a.jodit-status-bar-link,.jodit-dialog_theme_dark .jodit-workplace+.jodit-status-bar:not(:empty) a.jodit-status-bar-link:hover,.jodit-dialog_theme_dark .jodit-workplace+.jodit-status-bar:not(:empty) a.jodit-status-bar-link:visited,.jodit_theme_dark .jodit-status-bar,.jodit_theme_dark .jodit-status-bar .jodit-status-bar__item a,.jodit_theme_dark .jodit-status-bar .jodit-status-bar__item span,.jodit_theme_dark .jodit-status-bar a.jodit-status-bar-link,.jodit_theme_dark .jodit-status-bar a.jodit-status-bar-link:hover,.jodit_theme_dark .jodit-status-bar a.jodit-status-bar-link:visited,.jodit_theme_dark .jodit-workplace+.jodit-status-bar:not(:empty),.jodit_theme_dark .jodit-workplace+.jodit-status-bar:not(:empty) .jodit-status-bar__item a,.jodit_theme_dark .jodit-workplace+.jodit-status-bar:not(:empty) .jodit-status-bar__item span,.jodit_theme_dark .jodit-workplace+.jodit-status-bar:not(:empty) a.jodit-status-bar-link,.jodit_theme_dark .jodit-workplace+.jodit-status-bar:not(:empty) a.jodit-status-bar-link:hover,.jodit_theme_dark .jodit-workplace+.jodit-status-bar:not(:empty) a.jodit-status-bar-link:visited{color:var(--jd-dark-text-color)}.jodit-dialog_theme_dark .jodit-toolbar__box:not(:empty),.jodit_theme_dark .jodit-toolbar__box:not(:empty){background:var(--jd-dark-toolbar-color)}.jodit-dialog_theme_dark .jodit-icon-close,.jodit_theme_dark .jodit-icon-close{stroke:var(--jd-dark-icon-color)}.jodit-dialog_theme_dark .jodit-wysiwyg,.jodit-dialog_theme_dark .jodit-wysiwyg_iframe,.jodit_theme_dark .jodit-wysiwyg,.jodit_theme_dark .jodit-wysiwyg_iframe{background-color:var(--jd-dark-background-color);color:var(--jd-dark-text-color)}.jodit-dialog_theme_dark .jodit-form input[type=text],.jodit-dialog_theme_dark .jodit-form input[type=url],.jodit-dialog_theme_dark .jodit-form textarea,.jodit_theme_dark .jodit-form input[type=text],.jodit_theme_dark .jodit-form input[type=url],.jodit_theme_dark .jodit-form textarea{background-color:var(--jd-dark-toolbar-seperator-color1);border-color:var(--jd-dark-toolbar-seperator-color2);color:var(--jd-dark-text-color)}.jodit-dialog_theme_dark .jodit-form button,.jodit_theme_dark .jodit-form button{background-color:var(--jd-dark-toolbar-seperator-color3);color:var(--jd-dark-text-color)}.jodit-dialog_theme_dark .jodit-placeholder,.jodit_theme_dark .jodit-placeholder{color:var(--jd-dark-text-color-opacity80)}.jodit-dialog_theme_dark .jodit-drag-and-drop__file-box,.jodit-dialog_theme_dark .jodit_uploadfile_button,.jodit_theme_dark .jodit-drag-and-drop__file-box,.jodit_theme_dark .jodit_uploadfile_button{color:var(--jd-dark-text-color)}.jodit-dialog_theme_dark .jodit-drag-and-drop__file-box:hover,.jodit-dialog_theme_dark .jodit_uploadfile_button:hover,.jodit_theme_dark .jodit-drag-and-drop__file-box:hover,.jodit_theme_dark .jodit_uploadfile_button:hover{background-color:var(--jd-dark-toolbar-seperator-color3)}.jodit-dialog_theme_dark .jodit-add-new-line:before,.jodit_theme_dark .jodit-add-new-line:before{border-top-color:var(--jd-dark-toolbar-seperator-color2)}.jodit-dialog_theme_dark .jodit-add-new-line span,.jodit_theme_dark .jodit-add-new-line span{background:var(--jd-dark-toolbar-seperator-color3);border-color:var(--jd-dark-toolbar-seperator-color2)}.jodit-dialog_theme_dark .jodit-add-new-line span svg,.jodit_theme_dark .jodit-add-new-line span svg{fill:var(--jd-dark-text-color)}.jodit-dialog_theme_dark .jodit-resizer>i,.jodit_theme_dark .jodit-resizer>i{background:var(--jd-dark-toolbar-seperator-color3);border-color:var(--jd-dark-icon-color)}.jodit-dialog_theme_dark .jodit-input,.jodit-dialog_theme_dark .jodit-select,.jodit_theme_dark .jodit-input,.jodit_theme_dark .jodit-select{background-color:var(--jd-dark-background-ligher);border-color:var(--jd-dark-border-color);color:var(--jd-dark-border-color)}.jodit-dialog_theme_dark.jodit-dialog,.jodit_theme_dark.jodit-dialog{background-color:var(--jd-dark-background-color)}.jodit-dialog_theme_dark.jodit-dialog .jodit-dialog__header,.jodit-dialog_theme_dark.jodit-dialog .jodit-filebrowser__files.active .jodit-filebrowser__files-item,.jodit_theme_dark.jodit-dialog .jodit-dialog__header,.jodit_theme_dark.jodit-dialog .jodit-filebrowser__files.active .jodit-filebrowser__files-item{border-color:var(--jd-dark-border-color)}.jodit-dialog_theme_dark.jodit-dialog .jodit-filebrowser__files.active .jodit-filebrowser__files-item-info,.jodit_theme_dark.jodit-dialog .jodit-filebrowser__files.active .jodit-filebrowser__files-item-info{background-color:var(--jd-dark-text-color)}:root{--radius:.625rem;--background:oklch(100% 0 0);--foreground:oklch(14.1% .005 285.823);--card:oklch(100% 0 0);--card-foreground:oklch(14.1% .005 285.823);--popover:oklch(100% 0 0);--popover-foreground:oklch(14.1% .005 285.823);--primary:oklch(45% .15 260);--primary-foreground:oklch(98.5% 0 0);--secondary:oklch(96.7% .001 286.375);--secondary-foreground:oklch(21% .006 285.885);--muted:oklch(96.7% .001 286.375);--muted-foreground:oklch(55.2% .016 285.938);--accent:oklch(96.7% .001 286.375);--accent-foreground:oklch(21% .006 285.885);--destructive:oklch(57.7% .245 27.325);--border:oklch(92% .004 286.32);--input:oklch(92% .004 286.32);--ring:oklch(70.5% .015 286.067);--chart-1:oklch(64.6% .222 41.116);--chart-2:oklch(60% .118 184.704);--chart-3:oklch(39.8% .07 227.392);--chart-4:oklch(82.8% .189 84.429);--chart-5:oklch(76.9% .188 70.08);--sidebar:oklch(98.5% 0 0);--sidebar-foreground:oklch(14.1% .005 285.823);--sidebar-primary:oklch(45% .15 260);--sidebar-primary-foreground:oklch(98.5% 0 0);--sidebar-accent:oklch(96.7% .001 286.375);--sidebar-accent-foreground:oklch(21% .006 285.885);--sidebar-border:oklch(92% .004 286.32);--sidebar-ring:oklch(70.5% .015 286.067)}.dark{--background:oklch(14.1% .005 285.823);--foreground:oklch(98.5% 0 0);--card:oklch(21% .006 285.885);--card-foreground:oklch(98.5% 0 0);--popover:oklch(21% .006 285.885);--popover-foreground:oklch(98.5% 0 0);--primary:oklch(60% .15 260);--primary-foreground:oklch(98.5% 0 0);--secondary:oklch(27.4% .006 286.033);--secondary-foreground:oklch(98.5% 0 0);--muted:oklch(27.4% .006 286.033);--muted-foreground:oklch(70.5% .015 286.067);--accent:oklch(27.4% .006 286.033);--accent-foreground:oklch(98.5% 0 0);--destructive:oklch(70.4% .191 22.216);--border:oklch(100% 0 0/.1);--input:oklch(100% 0 0/.15);--ring:oklch(55.2% .016 285.938);--chart-1:oklch(48.8% .243 264.376);--chart-2:oklch(69.6% .17 162.48);--chart-3:oklch(76.9% .188 70.08);--chart-4:oklch(62.7% .265 303.9);--chart-5:oklch(64.5% .246 16.439);--sidebar:oklch(21% .006 285.885);--sidebar-foreground:oklch(98.5% 0 0);--sidebar-primary:oklch(60% .15 260);--sidebar-primary-foreground:oklch(98.5% 0 0);--sidebar-accent:oklch(27.4% .006 286.033);--sidebar-accent-foreground:oklch(98.5% 0 0);--sidebar-border:oklch(100% 0 0/.1);--sidebar-ring:oklch(55.2% .016 285.938)}table{border-collapse:collapse;border-spacing:0}table,th,td{border:1px solid #e5e7eb}th{background-color:#f9fafb;padding:8px 12px;font-weight:600}td{padding:8px 12px}.dark table,.dark th,.dark td{border-color:#374151}.dark th{background-color:#111827}.dark td{background-color:#1f2937}.ProseMirror{outline:none}select{appearance:none;background-image:url("data:image/svg+xml,%3csvg xmlns='http://www.w3.org/2000/svg' fill='none' viewBox='0 0 20 20'%3e%3cpath stroke='%236b7280' stroke-linecap='round' stroke-linejoin='round' stroke-width='1.5' d='m6 8 4 4 4-4'/%3e%3c/svg%3e");background-position:right .5rem center;background-repeat:no-repeat;background-size:1.5em 1.5em;padding-right:2.5rem}select option{background-color:#fff;border:1px solid #d1d5db;margin:0;padding:.5rem}select option:hover{background-color:#f3f4f6}select option:checked{color:#fff;background-color:#3b82f6}.dark select option{color:#e5e7eb;background-color:#1f2937;border-color:#374151}.dark select option:hover{background-color:#374151}.dark select option:checked{color:#fff;background-color:#3b82f6}.prose table,[data-content] table,div[dangerouslySetInnerHTML] table{border-collapse:collapse!important;border:1px solid #d1d5db!important;width:100%!important;margin:1rem 0!important}.prose th,.prose td,[data-content] th,[data-content] td,div[dangerouslySetInnerHTML] th,div[dangerouslySetInnerHTML] td{text-align:left!important;border:1px solid #d1d5db!important;padding:8px 12px!important}.prose th,[data-content] th,div[dangerouslySetInnerHTML] th{background-color:#f9fafb!important;font-weight:600!important}.dark .prose table,.dark [data-content] table,.dark div[dangerouslySetInnerHTML] table,.dark .prose th,.dark .prose td,.dark [data-content] th,.dark [data-content] td,.dark div[dangerouslySetInnerHTML] th,.dark div[dangerouslySetInnerHTML] td{border-color:#374151!important}.dark .prose th,.dark [data-content] th,.dark div[dangerouslySetInnerHTML] th{background-color:#1f2937!important}@property --tw-translate-x{syntax:"*";inherits:false;initial-value:0}@property --tw-translate-y{syntax:"*";inherits:false;initial-value:0}@property --tw-translate-z{syntax:"*";inherits:false;initial-value:0}@property --tw-rotate-x{syntax:"*";inherits:false}@property --tw-rotate-y{syntax:"*";inherits:false}@property --tw-rotate-z{syntax:"*";inherits:false}@property --tw-skew-x{syntax:"*";inherits:false}@property --tw-skew-y{syntax:"*";inherits:false}@property --tw-space-y-reverse{syntax:"*";inherits:false;initial-value:0}@property --tw-space-x-reverse{syntax:"*";inherits:false;initial-value:0}@property --tw-divide-y-reverse{syntax:"*";inherits:false;initial-value:0}@property --tw-border-style{syntax:"*";inherits:false;initial-value:solid}@property --tw-gradient-position{syntax:"*";inherits:false}@property --tw-gradient-from{syntax:"<color>";inherits:false;initial-value:#0000}@property --tw-gradient-via{syntax:"<color>";inherits:false;initial-value:#0000}@property --tw-gradient-to{syntax:"<color>";inherits:false;initial-value:#0000}@property --tw-gradient-stops{syntax:"*";inherits:false}@property --tw-gradient-via-stops{syntax:"*";inherits:false}@property --tw-gradient-from-position{syntax:"<length-percentage>";inherits:false;initial-value:0%}@property --tw-gradient-via-position{syntax:"<length-percentage>";inherits:false;initial-value:50%}@property --tw-gradient-to-position{syntax:"<length-percentage>";inherits:false;initial-value:100%}@property --tw-leading{syntax:"*";inherits:false}@property --tw-font-weight{syntax:"*";inherits:false}@property --tw-tracking{syntax:"*";inherits:false}@property --tw-shadow{syntax:"*";inherits:false;initial-value:0 0 #0000}@property --tw-shadow-color{syntax:"*";inherits:false}@property --tw-shadow-alpha{syntax:"<percentage>";inherits:false;initial-value:100%}@property --tw-inset-shadow{syntax:"*";inherits:false;initial-value:0 0 #0000}@property --tw-inset-shadow-color{syntax:"*";inherits:false}@property --tw-inset-shadow-alpha{syntax:"<percentage>";inherits:false;initial-value:100%}@property --tw-ring-color{syntax:"*";inherits:false}@property --tw-ring-shadow{syntax:"*";inherits:false;initial-value:0 0 #0000}@property --tw-inset-ring-color{syntax:"*";inherits:false}@property --tw-inset-ring-shadow{syntax:"*";inherits:false;initial-value:0 0 #0000}@property --tw-ring-inset{syntax:"*";inherits:false}@property --tw-ring-offset-width{syntax:"<length>";inherits:false;initial-value:0}@property --tw-ring-offset-color{syntax:"*";inherits:false;initial-value:#fff}@property --tw-ring-offset-shadow{syntax:"*";inherits:false;initial-value:0 0 #0000}@property --tw-outline-style{syntax:"*";inherits:false;initial-value:solid}@property --tw-blur{syntax:"*";inherits:false}@property --tw-brightness{syntax:"*";inherits:false}@property --tw-contrast{syntax:"*";inherits:false}@property --tw-grayscale{syntax:"*";inherits:false}@property --tw-hue-rotate{syntax:"*";inherits:false}@property --tw-invert{syntax:"*";inherits:false}@property --tw-opacity{syntax:"*";inherits:false}@property --tw-saturate{syntax:"*";inherits:false}@property --tw-sepia{syntax:"*";inherits:false}@property --tw-drop-shadow{syntax:"*";inherits:false}@property --tw-drop-shadow-color{syntax:"*";inherits:false}@property --tw-drop-shadow-alpha{syntax:"<percentage>";inherits:false;initial-value:100%}@property --tw-drop-shadow-size{syntax:"*";inherits:false}@property --tw-duration{syntax:"*";inherits:false}@property --tw-ease{syntax:"*";inherits:false}@keyframes spin{to{transform:rotate(360deg)}}@keyframes pulse{50%{opacity:.5}}@keyframes enter{0%{opacity:var(--tw-enter-opacity,1);transform:translate3d(var(--tw-enter-translate-x,0),var(--tw-enter-translate-y,0),0)scale3d(var(--tw-enter-scale,1),var(--tw-enter-scale,1),var(--tw-enter-scale,1))rotate(var(--tw-enter-rotate,0));filter:blur(var(--tw-enter-blur,0))}}@keyframes exit{to{opacity:var(--tw-exit-opacity,1);transform:translate3d(var(--tw-exit-translate-x,0),var(--tw-exit-translate-y,0),0)scale3d(var(--tw-exit-scale,1),var(--tw-exit-scale,1),var(--tw-exit-scale,1))rotate(var(--tw-exit-rotate,0));filter:blur(var(--tw-exit-blur,0))}}
    |                                                                                                                                                                                                                                                                                                                                                                                                                                                                                                                                                                                                                                                                                                                                                                                                                                                                                                                                                                                                                                                                                                                                                                                                                                                                                                                                                                                                                                                                                                                                                                                                                                                                                                                                                                                                                                                                                                                                                                                                                                                                                                                                                                                                                                                                                                                                                                                                                                                                                                                                                                                                                                                                                                                                                                                                                                                                                                                                                                                                                                                                                                                                                                                                                                                                                                                                                                                                                                                                                                                                                                                                                                                                                                                                                                                                                                                                                                                                                                                                                                                                                                                                                                                                                                                                                                                                                                                                                                                                                                                                                                                                                                                                                                                                                                                                                                                                                                                                                                                                                                                                                                                                                                                                                                                                                                                                                                                                                                                                                                                                                                                                                                                                                                                                                                                                                                                                                                                                                                                                                                                                                                                                                                                                                                                                                                                                                                                                                                                                                                                                                                                                                                                                                                                                                                                                                                                                                                                                                                                                                                                                                                                                                                                                                                                                                                                                                                                                                                                                                                                                                                                                                                                                                                                                                                                                                                                                                                                                                                                                                                                                                                                                                                                                                                                                                                                                                                                                                                                                                                                                                                                                                                                                                                                                                                                                                                                                                                                                                                                                                                                                                                                                                                                                                                                                                                                                                                                                                                                                                                                                                                                                                                                                                                                                                                                                                                                                                                                                                                                                                                                                                                                                                                                                                                                                                                                                                                                                                                                                                                                                                                                                                                                                                                                                                                                                                                                                                                                                                                                                                                                                                                                                                                                                                                                                                                                                                                                                                                                                                                                                                                                                                                                                                                                                                                                                                                                                                                                                                                                                                                                                                                                                                                                                                                                                                                                                                                                                                                                                                                                                                                                                                                                                                                                                                                                                                                                                                                                                                                                                                                                                                                                                                                                                                                                                                                                                                                                                                                                                                                                                                                                                                                                                                                                                                                                                                                                                                                                                                                                                                                                                                                                                                                                                                                                                                                                                                                                                                                                                                                                                                                                                                                                                                                                                                                                                                                                                                                                                                                                                                                                                                                                                                                                                                                                                                                                                                                                                                                                                                                                                                                                                                                                                                                                                                                                                                                                                                                                                                                                                                                                                                                                                                                                                                                                                                                                                                                                                                                                                                                                                                                                                                                                                                                                                                                                                                                                                                                                                                                                                                                                                                                                                                                                                                                                                                                                                                                                                                                                                                                                                                                                                                                                                                                                                                                                                                                                                                                                                                                                                                                                                                                                                                                                                                                                                                                                                                                                                                                                                                                                                                                                                                                                                                                                                                                                                                                                                                                                                                                                                                                                                                                                                                                                                                                                                                                                                                                                                                                                                                                                                                                                                                                                                                                                                                                                                                                                                                                                                                                                                                                                                                                                                                                                                                                                                                                                                                                                                                                                                                                                                                                                                                                                                                                                                                                                                                                                                                                                                                                                                                                                                                                                                                                                                                                                                                                                                                                                                                                                                                                                                                                                                                                                                                                                                                                                                                                                                                                                                                                                                                                                                                                                                                                                                                                                                                                                                                                                                                                                                                                                                                                                                                                                                                                                                                                                                                                                                                                                                                                                                                                                                                                                                                                                                                                                                                                                                                                                                                                                                                                                                                                                                                                                                                                                                                                                                                                                                                                                                                                                                                                                                                                                                                                                                                                                                                                                                                                                                                                                                                                                                                                                                                                                                                                                                                                                                                                                                                                                                                                                                                                                                                                                                                                                                                                                                                                                                                                                                                                                                                                                                                                                                                                                                                                                                                                                                                                                                                                                                                                                                                                                                                                                                                                                                                                                                                                                                                                                                                                                                                                                                                                                                                                                                                                                                                                                                                                                                                                                                                                                                                                                                                                                                                                                                                                                                                                                                                                                                                                                                                                                                                                                                                                                                                                                                                                                                                                                                                                                                                                                                                                                                                                                                                                                                                                                                                                                                                                                                                                                                                                                                                                                                                                                                                                                                                                                                                                                                                                                                                                                                                                                                                                                                                                                                                                                                                                                                                                                                                                                                                                                                                                                                                                                                                                                                                                                                                                                                                                                                                                                                                                                                                                                                                                                                                                                                                                                                                                                                                                                                                                                                                                                                                                                                                                                                                                                                                                                                                                                                                                                                                                                                                                                                                                                                                                                                                                                                                                                                                                                                                                                                                                                                                                                                                                                                                                                                                                                                                                                                                                                                                                                                                                                                                                                                                                                                                                                                                                                                                                                                                                                                                                                                                                                                                                                                                                                                                                                                                                                                                                                                                                                                                                                                                                                                                                                                                                                                                                                                                                                                                                                                                                                                                                                                                                                                                                                                                                                                                                                                                                                                                                                                                                                                                                                                                                                                                                                                                                                                                                                                                                                                                                                                                                                                                                                                                                                                                                                                                                                                                                                                                                                                                                                                                                                                                                                                                                                                                                                                                                                                                                                                                                                                                                                                                                                                                                                                                                                                                                                                                                                                                                                                                                                                                                                                                                                                                                                                                                                                                                                                                                                                                                                                                                                                                                                                                                                                                                                                                                                                                                                                                                                                                                                                                                                                                                                                                                                                                                                                                                                                                                                                                                                                                                                                                                                                                                                                                                                                                                                                                                                                                                                                                                                                                                                                                                                                                                                                                                                                                                                                                                                                                                                                                                                                                                                                                                                                                                                                                                                                                                                                                                                                                                                                                                                                                                                                                                                                                                                                                                                                                                                                                                                                                                                                                                                                                                                                                                                                                                                                                                                                                                                                                                                                                                                                                                                                                                                                                                                                                                                                                                                                                                                                                                                                                                                                                                                                                                                                                                                                                                                                                                                                                                                                                                                                                                                                                                                                                                                                                                                                                                                                                                                                                                                                                                                                                                                                                                                                                                                                                                                                                                                                                                                                                                                                                                                                                                                                                                                                                                                                                                                                                                                                                                                                                                                                                                                                                                                                                                                                                                                                                                                                                                                                                                                                                                                                                                                                                                                                                                                                                                                                                                                                                                                                                                                                                                                                                                                                                                                                                                                                                                                                                                                                                                                                                                                                                                                                                                                                                                                                                                                                                                                                                                                                                                                                                                                                                                                                                                                                                                                                                                                                                                                                                                                                                                                                                                                                                                                                                                                                                                                                                                                                                                                                                                                                                                                                                                                                                                                                                                                                                                                                                                                                                                                                                                                                                                                                                                                                                                                                                                                                                                                                                                                                                                                                                                                                                                                                                                                                                                                                                                                                                                                                                                                                                                                                                                                                                                                                                                                                                                                                                                                                                                                                                                                                                                                                                                                                                                                                                                                                                                                                                                                                                                                                                                                                                                                                                                                                                                                                                                                                                                                                                                                                                                                                                                                                                                                                                                                                                                                                                                                                                                                                                                                                                                                                                                                                                                                                                                                                                                                                                                                                                                                                                                                                                                                                                                                                                                                                                                                                                                                                                                                                                                                                                                                                                                                                                                                                                                                                                                                                                                                                                                                                                                                                                                                                                                                                                                                                                                                                                                                                                                                                                                                                                                                                                                                                                                                                                                                                                                                                                                                                                                                                                                                                                                                                                                                                                                                                                                                                                                                                                                                                                                                                                                                                                                                                                                                                                                                                                                                                                                                                                                                                                                                                                                                                                                                                                                                                                                                                                                                                                                                                                                                                                                                                                                                                                                                                                                                                                                                                                                                                                                                                                                                                                                                                                                                                                                                                                                                                                                                                                                                                                                                                                                                                                                                                                                                                                                                                                                                                                                                                                                                                                                                                                                                                                                                                                                                                                                                                                                                                                                                                                                                                                                                                                                                                                                                                                                                                                                                                                                                                                                                                                                                                                                                                                                                                                                                                                                                                                                                                                                                                                                                                                                                                                                                                                                                                                                                                                                                                                                                                                                                                                                                                                                                                                                                                                                                                                                                                                                                                                                                                                                                                                                                                                                                                                                                                                                                                                                                                                                                                                                                                                                                                                                                                                                                                                                                                                                                                                                                                                                                                                                                                                                                                                                                                                                                                                                                                                                                                                                                                                                                                                                                                                                                                                                                                                                                                                                                                                                                                                                                                                                                                                                                                                                                                                                                                                                                                                                                                                                                                                                                                                                                                                                                                                                                                                                                                                                                                                                                                                                                                                                                                                                                                                                                                                                                                                                                                                                                                                                                                                                                                                                                                                                                                                                                                                                                                                                                                                                                                                                                                                                                                                                                                                                                                                                                                                                                                                                                                                                                                                                                                                                                                                                                                                                                                                                                                                                                                                                                                                                                                                                                                                                                                                                                                                                                                                                                                                                                                                                                                                                                                                                                                                                                                                                                                                                                                                                                                                                                                                                                                                                                                                                                                                                                                                                                                                                                                                                                                                                                                                                                                                                                                                                                                                                                                                                                                                                                                                                                                                                                                                                                                                                                                                                                                                                                                                                                                                                                                                                                                                                                                                                                                                                                                                                                                                                                                                                                                                                                                                                                                                                                                                                                                                                                                                                                                                                                                                                                                                                                                                                                                                                                                                                                                                                                                                                                                                                                                                                                                                                                                                                                                                                                                                                                                                                                                                                                                                                                                                                                                                                                                                                                                                                                                                                                                                                                                                                                                                                                                                                                                                                                                                                                                                                                                                                                                                                                                                                                                                                                                                                                                                                                                                                                                                                                                                                                                                                                                                                                                                                                                                                                                                                                                                                                                                                                                                                                                                                                                                                                                                                                                                                                                                                                                                                                                                                                                                                                                                                                                                                                                                                                                                                                                                                                                                                                                                                                                                                                                                                                                                                                                                                                                                                                                                                                                                                                                                                                                                                                                                                                                                                                                                                                                                                                                                                                                                                                                                                                                                                                                                                                                                                                                                                                                                                                                                                                                                                                                                                                                                                                                                                                                                                                                                                                                                                                                                                                                                                                                                                                                                                                                                                                                                                                                                                                                                                                                                                                                                                                                                                                                                                                                                                                                                                                                                                                                                                                                                                                                                                                                                                                                                                                                                                                                                                                                                                                                                                                                                                                                                                                                                                                                                                                                                                                                                                                                                                                                                                                                                                                                                                                                                                                                                                                                                                                                                                                                                                                                                                                                                                                                                                                                                                                                                                                                                                                                                                                                                                                                                                                                                                                                                                                                                                                                                                                                                                                                                                                                                                                                                                                                                                                                                                                                                                                                                                                                                                                                                                                                                                                                                                                                                                                                                                                                                                                                                                                                                                                                                                                                                                                                                                                                                                                                                                                                                                                                                                                                                                                                                                                                                                                                                                                                                                                                                                                                                                                                                                                                                                                                                                                                                                                                                                                                                                                                                                                                                                                                                                                                                                                                                                                                                                                                                                                                                                                                                                                                                                                                                                                                                                                                                                                                                                                                                                                                                                                                                                                                                                                                                                                                                                                                                                                                                                                                                                                                                                                                                                                                                                                                                                                                                                                                                                                                                                                                                                                                                                                                                                                                                                                                                                                                                                                                                                                                                                                                                                                                                                                                                                                                                                                                                                                                                                                                                                                                                                                                                                                                                                                                                                                                                                                                                                                                                                                                                                                                                                                                                                                                                                                                                                                                                                                                                                                                                                                                                                                                                                                                                                                                                                                                                                                                                                                                                                                                                                                                                                                                                                                                                                                                                                                                                                                                                                                                                                                                                                                                                                                                                                                                                                                                                                                                                                                                                                                                                                                                                                                                                                                                                                                                                                                                                                                                                                                                                                                                                                                                                                                                                                                                                                                                                                                                                                                                                                                                                                                                                                                                                                                                                                                                                                                                                                                                                                                                                                                                                                                                                                                                                                                                                                                                                                                                                                                                                                                                                                                                                                                                                                                                                                                                                                                                                                                                                                                                                                                                                                                                                                                                                                                                                                                                                                                                                                                                                                                                                                                                                                                                                                                                                                                                                                                                                                                                                                                                                                                                                                                                                                                                                                                                                                                                                                                                                                                                                                                                                                                                                                                                                                                                                                                                                                                                                                                                                                                                                                                                                                                                                                                                                                                                                                                                                                                                                                                                                                                                                                                                                                                                                                                                                                                                                                                                                                                                                                                                                                                                                                                                                                                                                                                                                                                                                                                                                                                                                                                                                                                                                                                                                                                                                                                                                                                                                                                                                                                                                                                                                                                                                                                                                                                                                                                                                                                                                                                                                                                                                                                                                                                                                                                                                                                                                                                                                                                                                                                                                                                                                                                                                                                                                                                                                                                                                                                                                                                                                                                                                                                                                                                                                                                                                                                                                                                                                                                                                                                                                                                                                                                                                                                                                                                                                                                                                                                                                                                                                                                                                                                                                                                                                                                                                                                                                                                                                                                                                                                                                                                                                                                                                                                                                                                                                                                                                                                                                                                                                                                                                                                                                                                                                                                                                                                                                                                                                                                                                                                                                                                                                                                                                                                                                                                                                                                                                                                                                                                                                                                                                                                                                                                                                                                                                                                                                                                                                                                                                                                                                                                                                                                                                                                                                                                                                                                                                                                                                                                                                                                                                                                                                                                                                                                                                                                                                                                                                                                                                                                                                                                                                                                                                                                                                                                                                                                                                                                                                                                                                                                                                                                                                                                                                                                                                                                                                                                                                                                                                                                                                                                                                                                                                                                                                                                                                                                                                                                                                                                                                                                                                                                                                                                                                                                                                                                                                                                                                                                                                                                                                                                                                                                                                                                                                                                                                                                                                                                                                                                                                                                                                                                                                                                                                                                                                                                                                                                                                                                                                                                                                                                                                                                                                                                                                                                                                                                                                                                                                                                                                                                                                                                                                                                                                                                                                                                                                                                                                                                                                                                                                                                                                                                                                                                                                                                                                                                                                                                                                                                                                                                                                                                                                                                                                                                                                                                                                                                                                                                                                                                                                                                                                                                                                                                                                                                                                                                                                                                                                                                                                                                                                                                                                                                                                                                                                                                                                                                                                                                                                                                                                                                                                                                                                                                                                                                                                                                                                                                                                                                                                                                                                                                                                                                                                                                                                                                                                                                                                                                                                                                                                                                                                                                                                                                                                                                                                                                                                                                                                                                                                                                                                                                                                                                                                                                                                                                                                                                                                                                                                                                                                                                                                                                                                                                                                                                                                                                                                                                                                                                                                                                                                                                                                                                                                                                                                                                                                                                                                                                                                                                                                                                                                                                                                                                                                                                                                                                                                                                                                                                                                                                                                                                                                                                                                                                                                                                                                                                                                                                                                                                                                                                                                                                                                                                                                                                                                                                                                                                                                                                                                                                                                                                                                                                                                                                                                                                                                                                                                                                                                                                                                                                                                                                                                                                                                                                                                                                                                                                                                                                                                                                                                                                                                                                                                                                                                                                                                                                                                                                                                                                                                                                                                                                                                                                                                                                                                                                                                                                                                                                                                                                                                                                                                                                                                                                                                                                                                                                                                                                                                                                                                                                                                                                                                                                                                                                                                                                                                                                                                                                                                                                                                                                                                                                                                                                                                                                                                                                                                                                                                                                                                                                                                                                                                                                                                                                                                                                                                                                                                                                                                                                                                                                                                                                                                                                                                                                                                                                                                                                                                                                                                                                                                                                                                                                                                                                                                                                                                                                                                                                                                                                                                                                                                                                                                                                                                                                                                                                                                                                                                                                                                                                                                                                                                                                                                                                                                                                                                                                                                                                                                                                                                                                                                                                                                                                                                                                                                                                                                                                                                                                                                                                                                                                                                                                                                                                                                                                                                                                                                                                                                                                                                                                                                                                                                                                                                                                                                                                                                                                                                                                                                                                                                                                                                                                                                                                                                                                                                                                                                                                                                                                                                                                                                                                                                                                                                                                                                                                                                                                                                                                                                                                                                                                                                                                                                                                                                                                                                                                                                                                                                                                                                                                                                                                                                                                                                                                                                                                                                                                                                                                                                                                                                                                                                                                                                                                                                                                                                                                                                                                                                                                                                                                                                                                                                                                                                                                                                                                                                                                                                                                                                                                                                                                                                                                                                                                                                                                                                                                                                                                                                                                                                                                                                                                                                                                                                                                                                                                                                                                                                                                                                                                                                                                                                                                                                                                                                                                                                                                                                                                                                                                                                                                                                                                                                                                                                                                                                                                                                                                                                                                                                                                                                                                                                                                                                                                                                                                                                                                                                                                                                                                                                                                                                                                                                                                                                                                                                                                                                                                                                                                                                                                                                                                                                                                                                                                                                                                                                                                                                                                                                                                                                                                                                                                                                                                                                                                                                                                                                                                                                                                                                                                                                                                                                                                                                                                                                                                                                                                                                                                                                                                                                                                                                                                                                                                                                                                                                                                                                                                                                                                                                                                                                                                                                                                                                                                                                                                                                                                                                                                                                                                                                                                                                                                                                                                                                                                                                                                                                                                                                                                                                                                                                                                                                                                                                                                                                                                                                                                                                                                                                                                                                                                                                                                                                                                                                                                                                                                                                                                                                                                                                                                                                                                                                                                                                                                                                                                                                                                                                                                                                                                                                                                                                                                                                                                                                                                                                                                                                                                                                                                                                                                                                                                                                                                                                                                                                                                                                                                                                                                                                                                                                                                                                                                                                                                                                                                                                                                                                                                                                                                                                                                                                                                                                                                                                                                                                                                                                                                                                                                                                                                                                                                                                                                                                                                                                                                                                                                                                                                                                                                                                                                                                                                                                                                                                                                                                                                                                                                                                                                                                                                                                                                                                                                                                                                                                                                                                                                                                                                                                                                                                                                                                                                                                                                                                                                                                                                                                                                                                                                                                                                                                                                                                                                                                                                                                                                                                                                                                                                                                                                                                                                                                                                                                                                                                                                                                                                                                                                                                                                                                                                                                                                                                                                                                                                                                                                                                                                                                                                                                                                                                                                                                                                                                                                                                                                                                                                                                                                                                                                                                                                                                                                                                                                                                                                                                                                                                                                                                                                                                                                                                                                                                                                                                                                                                                                                                                                                                                                                                                                                                                                                                                                                                                                                                                                                                                                                                                                                                                                                                                                                                                                                                                                                                                                                                                                                                                                                                                                                                                                                                                                                                                                                                                                                                                                                                                                                                                                                                                                                                                                                                                                                                                                                                                                                                                                                                                                                                                                                                                                                                                                                                                                                                                                                                                                                                                                                                                                                                                                                                                                                                                                                                                                                                                                                                                                                                                                                                                                                                                                                                                                                                                                                                                                                                                                                                                                                                                                                                                                                                                                                                                                                                                                                                                                                                                                                                                                                                                                                                                                                                                                                                                                                                                                                                                                                                                                                                                                                                                                                                                                                                                                                                                                                                                                                                                                                                                                                                                                                                                                                                                                                                                                                                                                                                                                                                                                                                                                                                                                                                                                                                                                                                                                                                                                                                                                                                                                                                                                                                                                                                                                                                                                                                                                                                                                                                                                                                                                                                                                                                                                                                                                                                                                                                                                                                                                                                                                                                                                                                                                                                                                                                                                                                                                                                                                                                                                                                                                                                                                                                                                                                                                                                                                                                                                                                                                                                                                                                                                                                                                                                                                                                                                                                                                                                                                                                                                                                                                                                                                                                                                                                                                                                                                                                                                                                                                                                                                                                                                                                                                                                                                                                                                                                                                                                                                                                                                                                                                                                                                                                                                                                                                                                                                                                                                                                                                                                                                                                                                                                                                                                                                                                                                                                                                                                                                                                                                                                                                                                                                                                                                                                                                                                                                                                                                                                                                                                                                                                                                                                                                                                                                                                                                                                                                                                                                                                                                                                                                                                                                                                                                                                                                                                                                                                                                                                                                                                                                                                                                                                                                                                                                                                                                                                                                                                                                                                                                                                                                                                                                                                                                                                                                                                                                                                                                                                                                                                                                                                                                                                                                                                                                                                                                                                                                                                                                                                                                                                                                                                                                                                                                                                                                                                                                                                                                                                                                                                                                                                                                                                                                                                                                                                                                                                                                                                                                                                                                                                                                                                                                                                                                                                                                                                                                                                                                                                                                                                                                                                                                                                                                                                                                                                                                                                                                                                                                                                                                                                                                                                                                                                                                                                                                                                                                                                                                                                                                                                                                                                                                                                                                                                                                                                                                                                                                                                                                                                                                                                                                                                                                                                                                                                                                                                                                                                                                                                                                                                                                                                                                                                                                                                                                                                                                                                                                                                                                                                                                                                                                                                                                                                                                                                                                                                                                                                                                                                                                                                                                                                                                                                                                                                                                                                                                                                                                                                                                                                                                                                                                                                                                                                                                                                                                                                                                                                                                                                                                                                                                                                                                                                                                                                                                                                                                                                                                                                                                                                                                                                                                                                                                                                                                                                                                                                                                                                                                                                                                                                                                                                                                                                                                                                                                                                                                                                                                                                                                                                                                                                                                                                                                                                                                                                                                                                                                                                                                                                                                                                                                                                                                                                                                                                                                                                                                                                                                                                                                                                                                                                                                                                                                                                                                                                                                                                                                                                                                                                                                                                                                                                                                                                                                                                                                                                                                                                                                                                                                                                                                                                                                                                                                                                                                                                                                                                                                                                                                                                                                                                                                                                                                                                                                                                                                                                                                                                                                                                                                                                                                                                                                                                                                                                                                                                                                                                                                                                                                                                                                                                                                                                                                                                                                                                                                                                                                                                                                                                                                                                                                                                                                                                                                                                                                                                                                                                                                                                                                                                                                                                                                                                                                                                                                                                                                                                                                                                                                                                                                                                                                                                                                                                                                                                                                                                                                                                                                                                                                                                                                                                                                                                                                                                                                                                                                                                                                                                                                                                                                                                                                                                                                                                                                                                                                                                                                                                                                                                                                                                                                                                                                                                                                                                                                                                                                                                                                                                                                                                                                                                                                                                                                                                                                                                                                                                                                                                                                                                                                                                                                                                                                                                                                                                                                                                                                                                                                                                                                                                                                                                                                                                                                                                                                                                                                                                                                                                                                                                                                                                                                                                                                                                                                                                                                                                                                                                                                                                                                                                                                                                                                                                                                                                                                                                                                                                                                                                                                                                                                                                                                                                                                                                                                                                                                                                                                                                                                                                                                                                                                                                                                                                                                                                                                                                                                                                                                                                                                                                                                                                                                                                                                                                                                                                                                                                                                                                                                                                                                                                                                                                                                                                                                                                                                                                                                                                                                                                                                                                                                                                                                                                                                                                                                                                                                                                                                                                                                                                                                                                          ^
  3 |

'hover-title' is not recognized as a valid pseudo-class. Did you mean '::hover-title' (pseudo-element) or is this a typo?


    at <unknown> (./src/app/globals.css:2:156442)
